

================================================================
== Vitis HLS Report for 'dense_latency_ap_ufixed_11_7_5_3_0_ap_fixed_13_9_5_3_0_config13_s'
================================================================
* Date:           Wed Feb 26 01:31:29 2025

* Version:        2024.1 (Build 5069499 on May 21 2024)
* Project:        myproject_prj
* Solution:       solution1 (Vivado IP Flow Target)
* Product family: virtexuplusHBM
* Target device:  xcu50-fsvh2104-2-e


================================================================
== Performance Estimates
================================================================
+ Timing: 
    * Summary: 
    +--------+---------+----------+------------+
    |  Clock |  Target | Estimated| Uncertainty|
    +--------+---------+----------+------------+
    |ap_clk  |  5.00 ns|  3.639 ns|     1.35 ns|
    +--------+---------+----------+------------+

+ Latency: 
    * Summary: 
    +---------+---------+----------+----------+-----+-----+---------+
    |  Latency (cycles) |  Latency (absolute) |  Interval | Pipeline|
    |   min   |   max   |    min   |    max   | min | max |   Type  |
    +---------+---------+----------+----------+-----+-----+---------+
    |        1|        1|  5.000 ns|  5.000 ns|    1|    1|      yes|
    +---------+---------+----------+----------+-----+-----+---------+

    + Detail: 
        * Instance: 
        N/A

        * Loop: 
        N/A



================================================================
== Utilization Estimates
================================================================
* Summary: 
+---------------------+---------+------+---------+--------+-----+
|         Name        | BRAM_18K|  DSP |    FF   |   LUT  | URAM|
+---------------------+---------+------+---------+--------+-----+
|DSP                  |        -|     -|        -|       -|    -|
|Expression           |        -|     -|        0|   15808|    -|
|FIFO                 |        -|     -|        -|       -|    -|
|Instance             |        -|     0|        0|     592|    -|
|Memory               |        -|     -|        -|       -|    -|
|Multiplexer          |        -|     -|        -|       -|    -|
|Register             |        -|     -|     1197|       -|    -|
+---------------------+---------+------+---------+--------+-----+
|Total                |        0|     0|     1197|   16400|    0|
+---------------------+---------+------+---------+--------+-----+
|Available SLR        |     1344|  2976|   871680|  435840|  320|
+---------------------+---------+------+---------+--------+-----+
|Utilization SLR (%)  |        0|     0|       ~0|       3|    0|
+---------------------+---------+------+---------+--------+-----+
|Available            |     2688|  5952|  1743360|  871680|  640|
+---------------------+---------+------+---------+--------+-----+
|Utilization (%)      |        0|     0|       ~0|       1|    0|
+---------------------+---------+------+---------+--------+-----+

+ Detail: 
    * Instance: 
    +--------------------------+---------------------+---------+----+---+----+-----+
    |         Instance         |        Module       | BRAM_18K| DSP| FF| LUT| URAM|
    +--------------------------+---------------------+---------+----+---+----+-----+
    |mul_10ns_6ns_15_1_1_U286  |mul_10ns_6ns_15_1_1  |        0|   0|  0|  62|    0|
    |mul_10ns_7ns_16_1_1_U283  |mul_10ns_7ns_16_1_1  |        0|   0|  0|  62|    0|
    |mul_10ns_8s_18_1_1_U282   |mul_10ns_8s_18_1_1   |        0|   0|  0|  62|    0|
    |mul_7ns_6ns_12_1_1_U287   |mul_7ns_6ns_12_1_1   |        0|   0|  0|  33|    0|
    |mul_7ns_7ns_13_1_1_U285   |mul_7ns_7ns_13_1_1   |        0|   0|  0|  33|    0|
    |mul_7ns_7s_14_1_1_U293    |mul_7ns_7s_14_1_1    |        0|   0|  0|  33|    0|
    |mul_7ns_8s_15_1_1_U291    |mul_7ns_8s_15_1_1    |        0|   0|  0|  40|    0|
    |mul_8ns_7ns_14_1_1_U288   |mul_8ns_7ns_14_1_1   |        0|   0|  0|  40|    0|
    |mul_8ns_7ns_14_1_1_U292   |mul_8ns_7ns_14_1_1   |        0|   0|  0|  40|    0|
    |mul_8ns_8ns_15_1_1_U290   |mul_8ns_8ns_15_1_1   |        0|   0|  0|  40|    0|
    |mul_9ns_6ns_14_1_1_U284   |mul_9ns_6ns_14_1_1   |        0|   0|  0|  49|    0|
    |mul_9ns_6ns_14_1_1_U294   |mul_9ns_6ns_14_1_1   |        0|   0|  0|  49|    0|
    |mul_9ns_6s_15_1_1_U289    |mul_9ns_6s_15_1_1    |        0|   0|  0|  49|    0|
    +--------------------------+---------------------+---------+----+---+----+-----+
    |Total                     |                     |        0|   0|  0| 592|    0|
    +--------------------------+---------------------+---------+----+---+----+-----+

    * DSP: 
    N/A

    * Memory: 
    N/A

    * FIFO: 
    N/A

    * Expression: 
    +---------------------------+----------+----+---+-----+------------+------------+
    |       Variable Name       | Operation| DSP| FF| LUT | Bitwidth P0| Bitwidth P1|
    +---------------------------+----------+----+---+-----+------------+------------+
    |add_ln58_1172_fu_36656_p2  |         +|   0|  0|   18|          18|          18|
    |add_ln58_1173_fu_36662_p2  |         +|   0|  0|   22|          15|          15|
    |add_ln58_1174_fu_36682_p2  |         +|   0|  0|   23|          16|          16|
    |add_ln58_1175_fu_36692_p2  |         +|   0|  0|   18|          18|          18|
    |add_ln58_1176_fu_36698_p2  |         +|   0|  0|   19|          12|          12|
    |add_ln58_1177_fu_36708_p2  |         +|   0|  0|   16|          15|          15|
    |add_ln58_1178_fu_36714_p2  |         +|   0|  0|   16|          15|          15|
    |add_ln58_1179_fu_36724_p2  |         +|   0|  0|   18|          18|          18|
    |add_ln58_1180_fu_36730_p2  |         +|   0|  0|   20|          13|           8|
    |add_ln58_1181_fu_36740_p2  |         +|   0|  0|   18|          18|          18|
    |add_ln58_1182_fu_36746_p2  |         +|   0|  0|   18|          18|          18|
    |add_ln58_1183_fu_41702_p2  |         +|   0|  0|   26|          19|          19|
    |add_ln58_1184_fu_36752_p2  |         +|   0|  0|   16|           9|           9|
    |add_ln58_1185_fu_36780_p2  |         +|   0|  0|   23|          16|          16|
    |add_ln58_1186_fu_36790_p2  |         +|   0|  0|   22|          15|          15|
    |add_ln58_1187_fu_36800_p2  |         +|   0|  0|   23|          16|          16|
    |add_ln58_1188_fu_36810_p2  |         +|   0|  0|   24|          17|          17|
    |add_ln58_1189_fu_36816_p2  |         +|   0|  0|   16|          16|          16|
    |add_ln58_1190_fu_36832_p2  |         +|   0|  0|   16|          16|          16|
    |add_ln58_1191_fu_36854_p2  |         +|   0|  0|   19|          19|          19|
    |add_ln58_1192_fu_41714_p2  |         +|   0|  0|   19|          19|          19|
    |add_ln58_1193_fu_41719_p2  |         +|   0|  0|   19|          19|          19|
    |add_ln58_1194_fu_36892_p2  |         +|   0|  0|   16|          16|          16|
    |add_ln58_1195_fu_36898_p2  |         +|   0|  0|   16|          16|          16|
    |add_ln58_1196_fu_36918_p2  |         +|   0|  0|   21|          14|          14|
    |add_ln58_1197_fu_36928_p2  |         +|   0|  0|   18|          18|          18|
    |add_ln58_1198_fu_36934_p2  |         +|   0|  0|   18|          18|          18|
    |add_ln58_1199_fu_36944_p2  |         +|   0|  0|   19|          12|          12|
    |add_ln58_1200_fu_36954_p2  |         +|   0|  0|   16|          15|          15|
    |add_ln58_1201_fu_36960_p2  |         +|   0|  0|   16|          15|          15|
    |add_ln58_1202_fu_36970_p2  |         +|   0|  0|   24|          17|          17|
    |add_ln58_1203_fu_36980_p2  |         +|   0|  0|   24|          17|          10|
    |add_ln58_1204_fu_36990_p2  |         +|   0|  0|   18|          18|          18|
    |add_ln58_1205_fu_36996_p2  |         +|   0|  0|   18|          18|          18|
    |add_ln58_1206_fu_37006_p2  |         +|   0|  0|   26|          19|          19|
    |add_ln58_1207_fu_37080_p2  |         +|   0|  0|   20|          13|          13|
    |add_ln58_1208_fu_37090_p2  |         +|   0|  0|   21|          14|          14|
    |add_ln58_1209_fu_37100_p2  |         +|   0|  0|   23|          16|          16|
    |add_ln58_1210_fu_37110_p2  |         +|   0|  0|   16|          16|          16|
    |add_ln58_1211_fu_37120_p2  |         +|   0|  0|   16|          16|          16|
    |add_ln58_1212_fu_37126_p2  |         +|   0|  0|   16|          16|          16|
    |add_ln58_1213_fu_37136_p2  |         +|   0|  0|   17|          17|          17|
    |add_ln58_1214_fu_37142_p2  |         +|   0|  0|   17|          17|          17|
    |add_ln58_1215_fu_37162_p2  |         +|   0|  0|   17|          17|          17|
    |add_ln58_1216_fu_37172_p2  |         +|   0|  0|   18|          18|          18|
    |add_ln58_1217_fu_37178_p2  |         +|   0|  0|   18|          18|          18|
    |add_ln58_1218_fu_37188_p2  |         +|   0|  0|   18|          18|          18|
    |add_ln58_1219_fu_37194_p2  |         +|   0|  0|   19|          12|          11|
    |add_ln58_1220_fu_37204_p2  |         +|   0|  0|   20|          13|          13|
    |add_ln58_1221_fu_37214_p2  |         +|   0|  0|   18|          18|          18|
    |add_ln58_1222_fu_37224_p2  |         +|   0|  0|   19|          19|          19|
    |add_ln58_1223_fu_37230_p2  |         +|   0|  0|   19|          19|          19|
    |add_ln58_1224_fu_37296_p2  |         +|   0|  0|   16|          15|          15|
    |add_ln58_1225_fu_37306_p2  |         +|   0|  0|   24|          17|          17|
    |add_ln58_1226_fu_37312_p2  |         +|   0|  0|   22|          15|          15|
    |add_ln58_1227_fu_37322_p2  |         +|   0|  0|   23|          16|          16|
    |add_ln58_1228_fu_41731_p2  |         +|   0|  0|   18|          18|          18|
    |add_ln58_1229_fu_37328_p2  |         +|   0|  0|   16|          15|          15|
    |add_ln58_1230_fu_37334_p2  |         +|   0|  0|   16|          15|          15|
    |add_ln58_1231_fu_37344_p2  |         +|   0|  0|   17|          13|          13|
    |add_ln58_1232_fu_37354_p2  |         +|   0|  0|   22|          15|          15|
    |add_ln58_1233_fu_37364_p2  |         +|   0|  0|   23|          16|          16|
    |add_ln58_1234_fu_41740_p2  |         +|   0|  0|   18|          18|          18|
    |add_ln58_1235_fu_37370_p2  |         +|   0|  0|   17|          12|          12|
    |add_ln58_1236_fu_37380_p2  |         +|   0|  0|   16|          15|          15|
    |add_ln58_1237_fu_37390_p2  |         +|   0|  0|   18|          18|          18|
    |add_ln58_1238_fu_37396_p2  |         +|   0|  0|   18|          18|          18|
    |add_ln58_1239_fu_37406_p2  |         +|   0|  0|   26|          19|          19|
    |add_ln58_1240_fu_37412_p2  |         +|   0|  0|   20|          13|          13|
    |add_ln58_1241_fu_37442_p2  |         +|   0|  0|   21|          14|          14|
    |add_ln58_1242_fu_37452_p2  |         +|   0|  0|   23|          16|          16|
    |add_ln58_1243_fu_41753_p2  |         +|   0|  0|   19|          19|          19|
    |add_ln58_1244_fu_41758_p2  |         +|   0|  0|   19|          19|          19|
    |add_ln58_1245_fu_37480_p2  |         +|   0|  0|   26|          19|          19|
    |add_ln58_1246_fu_37486_p2  |         +|   0|  0|   16|          15|          15|
    |add_ln58_1247_fu_37496_p2  |         +|   0|  0|   19|          19|          19|
    |add_ln58_1248_fu_37502_p2  |         +|   0|  0|   17|          17|          17|
    |add_ln58_1249_fu_37508_p2  |         +|   0|  0|   17|          12|           9|
    |add_ln58_1250_fu_37528_p2  |         +|   0|  0|   17|          17|          17|
    |add_ln58_1251_fu_37538_p2  |         +|   0|  0|   19|          19|          19|
    |add_ln58_1252_fu_41769_p2  |         +|   0|  0|   19|          19|          19|
    |add_ln58_1253_fu_37544_p2  |         +|   0|  0|   16|          15|          15|
    |add_ln58_1254_fu_37550_p2  |         +|   0|  0|   16|          15|          15|
    |add_ln58_1255_fu_41778_p2  |         +|   0|  0|   19|          19|          19|
    |add_ln58_1256_fu_37556_p2  |         +|   0|  0|   23|          16|          16|
    |add_ln58_1257_fu_37566_p2  |         +|   0|  0|   24|          17|          17|
    |add_ln58_1258_fu_37572_p2  |         +|   0|  0|   17|          17|          17|
    |add_ln58_1259_fu_37578_p2  |         +|   0|  0|   17|          17|          17|
    |add_ln58_1260_fu_41787_p2  |         +|   0|  0|   19|          19|          19|
    |add_ln58_1261_fu_37584_p2  |         +|   0|  0|   22|          15|          15|
    |add_ln58_1262_fu_37594_p2  |         +|   0|  0|   18|          18|          18|
    |add_ln58_1263_fu_37600_p2  |         +|   0|  0|   18|          18|          18|
    |add_ln58_1264_fu_37606_p2  |         +|   0|  0|   18|          18|          18|
    |add_ln58_1265_fu_37612_p2  |         +|   0|  0|   21|          14|          14|
    |add_ln58_1266_fu_37622_p2  |         +|   0|  0|   16|          15|          15|
    |add_ln58_1267_fu_37632_p2  |         +|   0|  0|   16|          16|          16|
    |add_ln58_1268_fu_37638_p2  |         +|   0|  0|   16|          16|          16|
    |add_ln58_1269_fu_37648_p2  |         +|   0|  0|   18|          18|          18|
    |add_ln58_1270_fu_37654_p2  |         +|   0|  0|   19|          12|          12|
    |add_ln58_1271_fu_37674_p2  |         +|   0|  0|   17|          17|          17|
    |add_ln58_1272_fu_37680_p2  |         +|   0|  0|   17|          17|          17|
    |add_ln58_1273_fu_37696_p2  |         +|   0|  0|   17|          17|          17|
    |add_ln58_1274_fu_37706_p2  |         +|   0|  0|   17|          13|           9|
    |add_ln58_1275_fu_37716_p2  |         +|   0|  0|   21|          14|          14|
    |add_ln58_1276_fu_37726_p2  |         +|   0|  0|   18|          18|          18|
    |add_ln58_1277_fu_37732_p2  |         +|   0|  0|   18|          18|          18|
    |add_ln58_1278_fu_41799_p2  |         +|   0|  0|   26|          19|          19|
    |add_ln58_1279_fu_37802_p2  |         +|   0|  0|   22|          15|          15|
    |add_ln58_1280_fu_37812_p2  |         +|   0|  0|   22|          15|          15|
    |add_ln58_1281_fu_37822_p2  |         +|   0|  0|   16|          16|          16|
    |add_ln58_1282_fu_37828_p2  |         +|   0|  0|   16|          16|          16|
    |add_ln58_1283_fu_37834_p2  |         +|   0|  0|   22|          15|          15|
    |add_ln58_1284_fu_37844_p2  |         +|   0|  0|   19|          12|          12|
    |add_ln58_1285_fu_37854_p2  |         +|   0|  0|   22|          15|          15|
    |add_ln58_1286_fu_37864_p2  |         +|   0|  0|   23|          16|          16|
    |add_ln58_1287_fu_41811_p2  |         +|   0|  0|   24|          17|          17|
    |add_ln58_1288_fu_37870_p2  |         +|   0|  0|   16|          14|          14|
    |add_ln58_1289_fu_37880_p2  |         +|   0|  0|   16|          15|          15|
    |add_ln58_1290_fu_37886_p2  |         +|   0|  0|   16|          15|          15|
    |add_ln58_1291_fu_37896_p2  |         +|   0|  0|   23|          16|          16|
    |add_ln58_1292_fu_37906_p2  |         +|   0|  0|   18|          18|          18|
    |add_ln58_1293_fu_37912_p2  |         +|   0|  0|   18|          18|          18|
    |add_ln58_1294_fu_37918_p2  |         +|   0|  0|   19|          12|          10|
    |add_ln58_1295_fu_37928_p2  |         +|   0|  0|   21|          14|          14|
    |add_ln58_1296_fu_37938_p2  |         +|   0|  0|   18|          18|          18|
    |add_ln58_1297_fu_37944_p2  |         +|   0|  0|   18|          18|          18|
    |add_ln58_1298_fu_41824_p2  |         +|   0|  0|   26|          19|          19|
    |add_ln58_1299_fu_37950_p2  |         +|   0|  0|   23|          16|          16|
    |add_ln58_1300_fu_37966_p2  |         +|   0|  0|   17|          17|          17|
    |add_ln58_1301_fu_37976_p2  |         +|   0|  0|   25|          18|          18|
    |add_ln58_1302_fu_37996_p2  |         +|   0|  0|   16|          16|          16|
    |add_ln58_1303_fu_38002_p2  |         +|   0|  0|   16|          16|          16|
    |add_ln58_1304_fu_38012_p2  |         +|   0|  0|   25|          18|          18|
    |add_ln58_1305_fu_38022_p2  |         +|   0|  0|   19|          19|          19|
    |add_ln58_1306_fu_38028_p2  |         +|   0|  0|   19|          12|          12|
    |add_ln58_1307_fu_38038_p2  |         +|   0|  0|   24|          17|          17|
    |add_ln58_1308_fu_38044_p2  |         +|   0|  0|   17|          17|          17|
    |add_ln58_1309_fu_38050_p2  |         +|   0|  0|   17|          17|          17|
    |add_ln58_1310_fu_38060_p2  |         +|   0|  0|   17|          17|          17|
    |add_ln58_1311_fu_38066_p2  |         +|   0|  0|   17|          17|          17|
    |add_ln58_1312_fu_38098_p2  |         +|   0|  0|   24|          17|          17|
    |add_ln58_1313_fu_38108_p2  |         +|   0|  0|   18|          18|          18|
    |add_ln58_1314_fu_38114_p2  |         +|   0|  0|   18|          18|          18|
    |add_ln58_1315_fu_38124_p2  |         +|   0|  0|   19|          19|          19|
    |add_ln58_1316_fu_38152_p2  |         +|   0|  0|   24|          17|          17|
    |add_ln58_1317_fu_38162_p2  |         +|   0|  0|   18|          18|          18|
    |add_ln58_1318_fu_38168_p2  |         +|   0|  0|   18|          18|          18|
    |add_ln58_1319_fu_38174_p2  |         +|   0|  0|   24|          17|          17|
    |add_ln58_1320_fu_38184_p2  |         +|   0|  0|   23|          16|          16|
    |add_ln58_1321_fu_38194_p2  |         +|   0|  0|   24|          17|          17|
    |add_ln58_1322_fu_38204_p2  |         +|   0|  0|   25|          18|          18|
    |add_ln58_1323_fu_41836_p2  |         +|   0|  0|   19|          19|          19|
    |add_ln58_1324_fu_38210_p2  |         +|   0|  0|   21|          14|          14|
    |add_ln58_1325_fu_38226_p2  |         +|   0|  0|   16|          15|          15|
    |add_ln58_1326_fu_38236_p2  |         +|   0|  0|   23|          16|          16|
    |add_ln58_1327_fu_38246_p2  |         +|   0|  0|   24|          17|          17|
    |add_ln58_1328_fu_38256_p2  |         +|   0|  0|   18|          18|          18|
    |add_ln58_1329_fu_38262_p2  |         +|   0|  0|   18|          18|          18|
    |add_ln58_1330_fu_41845_p2  |         +|   0|  0|   19|          19|          19|
    |add_ln58_1331_fu_38304_p2  |         +|   0|  0|   17|          17|          17|
    |add_ln58_1332_fu_38310_p2  |         +|   0|  0|   22|          15|          15|
    |add_ln58_1333_fu_38320_p2  |         +|   0|  0|   23|          16|          16|
    |add_ln58_1334_fu_38330_p2  |         +|   0|  0|   17|          17|          17|
    |add_ln58_1335_fu_38336_p2  |         +|   0|  0|   20|          13|          13|
    |add_ln58_1336_fu_38346_p2  |         +|   0|  0|   23|          16|          16|
    |add_ln58_1337_fu_38356_p2  |         +|   0|  0|   17|          17|          17|
    |add_ln58_1338_fu_38362_p2  |         +|   0|  0|   17|          17|          17|
    |add_ln58_1339_fu_41857_p2  |         +|   0|  0|   25|          18|          18|
    |add_ln58_1340_fu_38368_p2  |         +|   0|  0|   23|          16|          16|
    |add_ln58_1341_fu_38378_p2  |         +|   0|  0|   19|          19|          19|
    |add_ln58_1342_fu_38384_p2  |         +|   0|  0|   19|          19|          19|
    |add_ln58_1343_fu_38390_p2  |         +|   0|  0|   19|          19|          19|
    |add_ln58_1344_fu_38402_p2  |         +|   0|  0|   19|          12|          10|
    |add_ln58_1345_fu_38412_p2  |         +|   0|  0|   22|          15|          15|
    |add_ln58_1346_fu_38422_p2  |         +|   0|  0|   16|          16|          16|
    |add_ln58_1347_fu_41870_p2  |         +|   0|  0|   19|          19|          19|
    |add_ln58_1348_fu_41875_p2  |         +|   0|  0|   19|          19|          19|
    |add_ln58_1349_fu_38450_p2  |         +|   0|  0|   24|          17|          17|
    |add_ln58_1350_fu_38460_p2  |         +|   0|  0|   17|          17|          17|
    |add_ln58_1351_fu_38466_p2  |         +|   0|  0|   17|          17|          17|
    |add_ln58_1352_fu_38476_p2  |         +|   0|  0|   18|          18|          18|
    |add_ln58_1353_fu_38488_p2  |         +|   0|  0|   16|          14|          14|
    |add_ln58_1354_fu_38508_p2  |         +|   0|  0|   16|          16|          16|
    |add_ln58_1355_fu_38514_p2  |         +|   0|  0|   16|          16|          16|
    |add_ln58_1356_fu_38524_p2  |         +|   0|  0|   18|          18|          18|
    |add_ln58_1357_fu_38540_p2  |         +|   0|  0|   16|          15|          15|
    |add_ln58_1358_fu_38550_p2  |         +|   0|  0|   24|          17|          17|
    |add_ln58_1359_fu_38556_p2  |         +|   0|  0|   17|          17|          17|
    |add_ln58_1360_fu_38562_p2  |         +|   0|  0|   24|          17|          17|
    |add_ln58_1361_fu_38568_p2  |         +|   0|  0|   17|          17|          17|
    |add_ln58_1362_fu_38580_p2  |         +|   0|  0|   16|          14|          14|
    |add_ln58_1363_fu_38590_p2  |         +|   0|  0|   17|          17|          17|
    |add_ln58_1364_fu_38596_p2  |         +|   0|  0|   17|          17|          17|
    |add_ln58_1365_fu_41887_p2  |         +|   0|  0|   26|          19|          19|
    |add_ln58_1366_fu_38638_p2  |         +|   0|  0|   22|          15|          15|
    |add_ln58_1367_fu_38648_p2  |         +|   0|  0|   17|          17|          17|
    |add_ln58_1368_fu_38654_p2  |         +|   0|  0|   16|          15|          15|
    |add_ln58_1369_fu_38660_p2  |         +|   0|  0|   16|          15|          15|
    |add_ln58_1370_fu_38670_p2  |         +|   0|  0|   17|          17|          17|
    |add_ln58_1371_fu_38676_p2  |         +|   0|  0|   21|          14|          14|
    |add_ln58_1372_fu_38696_p2  |         +|   0|  0|   22|          15|          15|
    |add_ln58_1373_fu_38706_p2  |         +|   0|  0|   23|          16|          16|
    |add_ln58_1374_fu_38716_p2  |         +|   0|  0|   24|          17|          17|
    |add_ln58_1375_fu_41899_p2  |         +|   0|  0|   25|          18|          18|
    |add_ln58_1376_fu_38722_p2  |         +|   0|  0|   20|          13|          13|
    |add_ln58_1377_fu_38732_p2  |         +|   0|  0|   21|          14|          14|
    |add_ln58_1378_fu_38742_p2  |         +|   0|  0|   23|          16|          16|
    |add_ln58_1379_fu_38752_p2  |         +|   0|  0|   18|          18|          18|
    |add_ln58_1380_fu_38758_p2  |         +|   0|  0|   18|          18|          18|
    |add_ln58_1381_fu_38764_p2  |         +|   0|  0|   24|          17|          17|
    |add_ln58_1382_fu_38770_p2  |         +|   0|  0|   17|          17|          17|
    |add_ln58_1383_fu_38776_p2  |         +|   0|  0|   16|           9|           9|
    |add_ln58_1384_fu_38794_p2  |         +|   0|  0|   16|          14|           8|
    |add_ln58_1385_fu_38810_p2  |         +|   0|  0|   17|          17|          17|
    |add_ln58_1386_fu_41915_p2  |         +|   0|  0|   19|          19|          19|
    |add_ln58_1387_fu_41921_p2  |         +|   0|  0|   19|          19|          19|
    |add_ln58_1388_fu_38834_p2  |         +|   0|  0|   19|          19|          19|
    |add_ln58_1389_fu_38840_p2  |         +|   0|  0|   23|          16|          16|
    |add_ln58_1390_fu_38850_p2  |         +|   0|  0|   19|          19|          19|
    |add_ln58_1391_fu_38856_p2  |         +|   0|  0|   25|          18|          18|
    |add_ln58_1392_fu_38862_p2  |         +|   0|  0|   21|          14|          14|
    |add_ln58_1393_fu_41933_p2  |         +|   0|  0|   26|          19|          19|
    |add_ln58_1394_fu_41939_p2  |         +|   0|  0|   19|          19|          19|
    |add_ln58_1395_fu_38878_p2  |         +|   0|  0|   16|          16|          16|
    |add_ln58_1396_fu_38898_p2  |         +|   0|  0|   17|          17|          17|
    |add_ln58_1397_fu_38904_p2  |         +|   0|  0|   17|          17|          17|
    |add_ln58_1398_fu_38914_p2  |         +|   0|  0|   21|          14|          14|
    |add_ln58_1399_fu_38924_p2  |         +|   0|  0|   20|          13|          10|
    |add_ln58_1400_fu_38944_p2  |         +|   0|  0|   23|          16|          16|
    |add_ln58_1401_fu_38954_p2  |         +|   0|  0|   25|          18|          18|
    |add_ln58_1402_fu_41947_p2  |         +|   0|  0|   19|          19|          19|
    |add_ln58_1403_fu_39028_p2  |         +|   0|  0|   16|          16|          16|
    |add_ln58_1404_fu_39038_p2  |         +|   0|  0|   21|          14|          14|
    |add_ln58_1405_fu_39048_p2  |         +|   0|  0|   23|          16|          16|
    |add_ln58_1406_fu_39058_p2  |         +|   0|  0|   17|          17|          17|
    |add_ln58_1407_fu_39064_p2  |         +|   0|  0|   21|          14|          14|
    |add_ln58_1408_fu_39074_p2  |         +|   0|  0|   16|          15|          15|
    |add_ln58_1409_fu_39080_p2  |         +|   0|  0|   16|          15|          15|
    |add_ln58_1410_fu_39086_p2  |         +|   0|  0|   16|          15|          15|
    |add_ln58_1411_fu_39092_p2  |         +|   0|  0|   16|          15|          15|
    |add_ln58_1412_fu_39102_p2  |         +|   0|  0|   17|          17|          17|
    |add_ln58_1413_fu_39108_p2  |         +|   0|  0|   16|          14|          14|
    |add_ln58_1414_fu_39118_p2  |         +|   0|  0|   24|          17|          17|
    |add_ln58_1415_fu_39124_p2  |         +|   0|  0|   17|          17|          17|
    |add_ln58_1416_fu_39130_p2  |         +|   0|  0|   17|          17|          17|
    |add_ln58_1417_fu_39150_p2  |         +|   0|  0|   22|          15|          15|
    |add_ln58_1418_fu_39170_p2  |         +|   0|  0|   16|          16|          16|
    |add_ln58_1419_fu_39176_p2  |         +|   0|  0|   16|          16|          16|
    |add_ln58_1420_fu_39186_p2  |         +|   0|  0|   25|          18|          18|
    |add_ln58_1421_fu_41959_p2  |         +|   0|  0|   26|          19|          19|
    |add_ln58_1422_fu_39268_p2  |         +|   0|  0|   17|          13|          13|
    |add_ln58_1423_fu_39278_p2  |         +|   0|  0|   21|          14|          14|
    |add_ln58_1424_fu_39288_p2  |         +|   0|  0|   16|          14|          14|
    |add_ln58_1425_fu_39294_p2  |         +|   0|  0|   16|          14|          14|
    |add_ln58_1426_fu_39304_p2  |         +|   0|  0|   23|          16|          16|
    |add_ln58_1427_fu_39310_p2  |         +|   0|  0|   22|          15|          15|
    |add_ln58_1428_fu_39316_p2  |         +|   0|  0|   16|          15|          15|
    |add_ln58_1429_fu_39332_p2  |         +|   0|  0|   20|          13|          13|
    |add_ln58_1430_fu_39342_p2  |         +|   0|  0|   16|          15|          15|
    |add_ln58_1431_fu_41971_p2  |         +|   0|  0|   24|          17|          17|
    |add_ln58_1432_fu_39348_p2  |         +|   0|  0|   18|          18|          18|
    |add_ln58_1433_fu_39354_p2  |         +|   0|  0|   18|          18|          18|
    |add_ln58_1434_fu_39360_p2  |         +|   0|  0|   21|          14|          14|
    |add_ln58_1435_fu_39370_p2  |         +|   0|  0|   16|          16|          16|
    |add_ln58_1436_fu_39380_p2  |         +|   0|  0|   18|          18|          18|
    |add_ln58_1437_fu_39398_p2  |         +|   0|  0|   21|          14|          14|
    |add_ln58_1438_fu_39418_p2  |         +|   0|  0|   17|          12|          10|
    |add_ln58_1439_fu_39428_p2  |         +|   0|  0|   20|          13|          13|
    |add_ln58_1440_fu_39438_p2  |         +|   0|  0|   23|          16|          16|
    |add_ln58_1441_fu_41987_p2  |         +|   0|  0|   19|          19|          19|
    |add_ln58_1442_fu_41993_p2  |         +|   0|  0|   19|          19|          19|
    |add_ln58_1443_fu_39482_p2  |         +|   0|  0|   21|          14|          14|
    |add_ln58_1444_fu_39492_p2  |         +|   0|  0|   17|          17|          17|
    |add_ln58_1445_fu_39498_p2  |         +|   0|  0|   17|          17|          17|
    |add_ln58_1446_fu_39504_p2  |         +|   0|  0|   22|          15|          15|
    |add_ln58_1447_fu_39514_p2  |         +|   0|  0|   20|          13|          13|
    |add_ln58_1448_fu_39524_p2  |         +|   0|  0|   17|          17|          17|
    |add_ln58_1449_fu_39530_p2  |         +|   0|  0|   17|          17|          17|
    |add_ln58_1450_fu_42005_p2  |         +|   0|  0|   25|          18|          18|
    |add_ln58_1451_fu_39546_p2  |         +|   0|  0|   24|          17|          17|
    |add_ln58_1452_fu_39556_p2  |         +|   0|  0|   25|          18|          18|
    |add_ln58_1453_fu_39562_p2  |         +|   0|  0|   18|          18|          18|
    |add_ln58_1454_fu_39568_p2  |         +|   0|  0|   20|          13|          13|
    |add_ln58_1455_fu_39578_p2  |         +|   0|  0|   19|          12|           7|
    |add_ln58_1456_fu_39588_p2  |         +|   0|  0|   20|          13|          13|
    |add_ln58_1457_fu_39598_p2  |         +|   0|  0|   21|          14|          14|
    |add_ln58_1458_fu_39608_p2  |         +|   0|  0|   18|          18|          18|
    |add_ln58_1459_fu_42018_p2  |         +|   0|  0|   26|          19|          19|
    |add_ln58_1460_fu_39642_p2  |         +|   0|  0|   21|          14|          14|
    |add_ln58_1461_fu_39652_p2  |         +|   0|  0|   16|          14|          14|
    |add_ln58_1462_fu_39662_p2  |         +|   0|  0|   22|          15|          15|
    |add_ln58_1463_fu_39672_p2  |         +|   0|  0|   16|          16|          16|
    |add_ln58_1464_fu_39688_p2  |         +|   0|  0|   21|          14|          14|
    |add_ln58_1465_fu_39698_p2  |         +|   0|  0|   16|          14|          14|
    |add_ln58_1466_fu_39704_p2  |         +|   0|  0|   16|          14|          14|
    |add_ln58_1467_fu_39714_p2  |         +|   0|  0|   22|          15|          15|
    |add_ln58_1468_fu_39724_p2  |         +|   0|  0|   16|          16|          16|
    |add_ln58_1469_fu_39734_p2  |         +|   0|  0|   21|          14|          14|
    |add_ln58_1470_fu_39744_p2  |         +|   0|  0|   17|          17|          17|
    |add_ln58_1471_fu_39754_p2  |         +|   0|  0|   18|          18|          18|
    |add_ln58_1472_fu_39760_p2  |         +|   0|  0|   18|          18|          18|
    |add_ln58_1473_fu_39770_p2  |         +|   0|  0|   16|          15|          15|
    |add_ln58_1474_fu_39776_p2  |         +|   0|  0|   16|          15|          15|
    |add_ln58_1475_fu_39786_p2  |         +|   0|  0|   25|          18|           8|
    |add_ln58_1476_fu_39792_p2  |         +|   0|  0|   18|          18|          18|
    |add_ln58_1477_fu_39798_p2  |         +|   0|  0|   18|          18|          18|
    |add_ln58_1478_fu_39808_p2  |         +|   0|  0|   19|          19|          19|
    |add_ln58_1479_fu_39814_p2  |         +|   0|  0|   19|          19|          19|
    |add_ln58_1480_fu_39820_p2  |         +|   0|  0|   22|          15|          15|
    |add_ln58_1481_fu_39830_p2  |         +|   0|  0|   24|          17|          17|
    |add_ln58_1482_fu_39840_p2  |         +|   0|  0|   18|          18|          18|
    |add_ln58_1483_fu_39846_p2  |         +|   0|  0|   18|          18|          18|
    |add_ln58_1484_fu_39856_p2  |         +|   0|  0|   26|          19|          19|
    |add_ln58_1485_fu_39862_p2  |         +|   0|  0|   22|          15|          15|
    |add_ln58_1486_fu_39872_p2  |         +|   0|  0|   23|          16|          16|
    |add_ln58_1487_fu_39882_p2  |         +|   0|  0|   16|          16|          16|
    |add_ln58_1488_fu_39888_p2  |         +|   0|  0|   16|          16|          16|
    |add_ln58_1489_fu_39898_p2  |         +|   0|  0|   24|          17|          17|
    |add_ln58_1490_fu_42027_p2  |         +|   0|  0|   19|          19|          19|
    |add_ln58_1491_fu_39910_p2  |         +|   0|  0|   17|          13|          13|
    |add_ln58_1492_fu_39920_p2  |         +|   0|  0|   22|          15|          15|
    |add_ln58_1493_fu_39926_p2  |         +|   0|  0|   16|          15|          15|
    |add_ln58_1494_fu_39932_p2  |         +|   0|  0|   16|          15|          15|
    |add_ln58_1495_fu_39948_p2  |         +|   0|  0|   16|          16|          16|
    |add_ln58_1496_fu_39958_p2  |         +|   0|  0|   16|          15|          15|
    |add_ln58_1497_fu_39964_p2  |         +|   0|  0|   19|          12|           9|
    |add_ln58_1498_fu_39974_p2  |         +|   0|  0|   16|          15|          15|
    |add_ln58_1499_fu_39984_p2  |         +|   0|  0|   17|          17|          17|
    |add_ln58_1500_fu_39990_p2  |         +|   0|  0|   17|          17|          17|
    |add_ln58_1501_fu_42035_p2  |         +|   0|  0|   19|          19|          19|
    |add_ln58_1502_fu_39996_p2  |         +|   0|  0|   22|          15|          15|
    |add_ln58_1503_fu_40006_p2  |         +|   0|  0|   18|          18|          18|
    |add_ln58_1504_fu_40012_p2  |         +|   0|  0|   18|          18|          18|
    |add_ln58_1505_fu_40018_p2  |         +|   0|  0|   18|          18|          18|
    |add_ln58_1506_fu_40024_p2  |         +|   0|  0|   22|          15|          15|
    |add_ln58_1507_fu_40034_p2  |         +|   0|  0|   16|          15|          15|
    |add_ln58_1508_fu_40044_p2  |         +|   0|  0|   16|          16|          16|
    |add_ln58_1509_fu_40050_p2  |         +|   0|  0|   16|          16|          16|
    |add_ln58_1510_fu_40060_p2  |         +|   0|  0|   18|          18|          18|
    |add_ln58_1511_fu_40066_p2  |         +|   0|  0|   22|          15|          15|
    |add_ln58_1512_fu_40076_p2  |         +|   0|  0|   22|          15|          15|
    |add_ln58_1513_fu_40086_p2  |         +|   0|  0|   16|          16|          16|
    |add_ln58_1514_fu_40092_p2  |         +|   0|  0|   16|          16|          16|
    |add_ln58_1515_fu_40102_p2  |         +|   0|  0|   24|          17|          17|
    |add_ln58_1516_fu_40112_p2  |         +|   0|  0|   25|          18|          18|
    |add_ln58_1517_fu_40128_p2  |         +|   0|  0|   22|          15|          15|
    |add_ln58_1518_fu_40138_p2  |         +|   0|  0|   18|          18|          18|
    |add_ln58_1519_fu_40144_p2  |         +|   0|  0|   18|          18|          18|
    |add_ln58_1520_fu_42047_p2  |         +|   0|  0|   26|          19|          19|
    |add_ln58_1521_fu_40178_p2  |         +|   0|  0|   24|          17|          17|
    |add_ln58_1522_fu_40188_p2  |         +|   0|  0|   18|          18|          18|
    |add_ln58_1523_fu_40194_p2  |         +|   0|  0|   20|          13|          13|
    |add_ln58_1524_fu_40210_p2  |         +|   0|  0|   16|          14|          14|
    |add_ln58_1525_fu_40220_p2  |         +|   0|  0|   22|          15|          15|
    |add_ln58_1526_fu_40230_p2  |         +|   0|  0|   18|          18|          18|
    |add_ln58_1527_fu_40246_p2  |         +|   0|  0|   23|          16|          16|
    |add_ln58_1528_fu_40256_p2  |         +|   0|  0|   17|          17|          17|
    |add_ln58_1529_fu_40262_p2  |         +|   0|  0|   17|          17|          17|
    |add_ln58_1530_fu_40292_p2  |         +|   0|  0|   16|          16|          16|
    |add_ln58_1531_fu_40298_p2  |         +|   0|  0|   16|          16|          16|
    |add_ln58_1532_fu_40308_p2  |         +|   0|  0|   25|          18|          18|
    |add_ln58_1533_fu_42059_p2  |         +|   0|  0|   26|          19|          19|
    |add_ln58_1534_fu_40336_p2  |         +|   0|  0|   20|          13|          13|
    |add_ln58_1535_fu_40346_p2  |         +|   0|  0|   16|          15|          15|
    |add_ln58_1536_fu_40356_p2  |         +|   0|  0|   16|          14|          14|
    |add_ln58_1537_fu_40366_p2  |         +|   0|  0|   23|          16|          16|
    |add_ln58_1538_fu_40376_p2  |         +|   0|  0|   24|          17|          17|
    |add_ln58_1539_fu_40382_p2  |         +|   0|  0|   16|          14|          14|
    |add_ln58_1540_fu_40388_p2  |         +|   0|  0|   16|          14|          14|
    |add_ln58_1541_fu_40408_p2  |         +|   0|  0|   16|          16|          16|
    |add_ln58_1542_fu_40414_p2  |         +|   0|  0|   16|          16|          16|
    |add_ln58_1543_fu_42071_p2  |         +|   0|  0|   25|          18|          18|
    |add_ln58_1544_fu_40420_p2  |         +|   0|  0|   16|          15|          15|
    |add_ln58_1545_fu_40426_p2  |         +|   0|  0|   16|          15|          15|
    |add_ln58_1546_fu_40436_p2  |         +|   0|  0|   24|          17|          17|
    |add_ln58_1547_fu_40442_p2  |         +|   0|  0|   17|          17|          17|
    |add_ln58_1548_fu_40448_p2  |         +|   0|  0|   17|          17|          17|
    |add_ln58_1549_fu_40458_p2  |         +|   0|  0|   24|          17|          17|
    |add_ln58_1550_fu_40464_p2  |         +|   0|  0|   17|          17|          17|
    |add_ln58_1551_fu_40474_p2  |         +|   0|  0|   20|          13|          13|
    |add_ln58_1552_fu_40484_p2  |         +|   0|  0|   17|          17|          17|
    |add_ln58_1553_fu_40494_p2  |         +|   0|  0|   25|          18|          18|
    |add_ln58_1554_fu_42084_p2  |         +|   0|  0|   26|          19|          19|
    |add_ln58_1555_fu_40528_p2  |         +|   0|  0|   24|          17|          17|
    |add_ln58_1556_fu_40534_p2  |         +|   0|  0|   17|          17|          17|
    |add_ln58_1557_fu_40540_p2  |         +|   0|  0|   22|          15|          15|
    |add_ln58_1558_fu_40560_p2  |         +|   0|  0|   23|          16|          16|
    |add_ln58_1559_fu_40570_p2  |         +|   0|  0|   17|          17|          17|
    |add_ln58_1560_fu_40576_p2  |         +|   0|  0|   18|          18|          18|
    |add_ln58_1561_fu_40582_p2  |         +|   0|  0|   21|          14|          14|
    |add_ln58_1562_fu_40592_p2  |         +|   0|  0|   18|          18|          18|
    |add_ln58_1563_fu_40598_p2  |         +|   0|  0|   24|          17|          17|
    |add_ln58_1564_fu_40618_p2  |         +|   0|  0|   25|          18|          18|
    |add_ln58_1565_fu_42099_p2  |         +|   0|  0|   19|          19|          19|
    |add_ln58_1566_fu_42105_p2  |         +|   0|  0|   19|          19|          19|
    |add_ln58_1567_fu_40684_p2  |         +|   0|  0|   16|          14|          14|
    |add_ln58_1568_fu_40694_p2  |         +|   0|  0|   22|          15|          15|
    |add_ln58_1569_fu_40714_p2  |         +|   0|  0|   22|          15|          15|
    |add_ln58_1570_fu_40724_p2  |         +|   0|  0|   23|          16|          16|
    |add_ln58_1571_fu_40734_p2  |         +|   0|  0|   21|          14|          14|
    |add_ln58_1572_fu_40744_p2  |         +|   0|  0|   22|          15|          15|
    |add_ln58_1573_fu_40754_p2  |         +|   0|  0|   16|          15|          15|
    |add_ln58_1574_fu_40760_p2  |         +|   0|  0|   16|          15|          15|
    |add_ln58_1575_fu_40770_p2  |         +|   0|  0|   17|          17|          17|
    |add_ln58_1576_fu_40776_p2  |         +|   0|  0|   17|          17|          17|
    |add_ln58_1577_fu_40782_p2  |         +|   0|  0|   18|          18|          18|
    |add_ln58_1578_fu_40788_p2  |         +|   0|  0|   18|          18|          18|
    |add_ln58_1579_fu_40804_p2  |         +|   0|  0|   19|          19|          19|
    |add_ln58_1580_fu_40810_p2  |         +|   0|  0|   19|          19|          19|
    |add_ln58_1581_fu_40816_p2  |         +|   0|  0|   16|          15|          15|
    |add_ln58_1582_fu_40822_p2  |         +|   0|  0|   16|          15|          15|
    |add_ln58_1583_fu_40832_p2  |         +|   0|  0|   19|          12|          10|
    |add_ln58_1584_fu_40842_p2  |         +|   0|  0|   16|          16|          16|
    |add_ln58_1585_fu_40848_p2  |         +|   0|  0|   16|          16|          16|
    |add_ln58_1586_fu_42117_p2  |         +|   0|  0|   19|          19|          19|
    |add_ln58_1587_fu_42122_p2  |         +|   0|  0|   19|          19|          19|
    |add_ln58_1588_fu_40906_p2  |         +|   0|  0|   24|          17|          17|
    |add_ln58_1589_fu_40912_p2  |         +|   0|  0|   23|          16|          16|
    |add_ln58_1590_fu_40922_p2  |         +|   0|  0|   24|          17|          17|
    |add_ln58_1591_fu_40938_p2  |         +|   0|  0|   21|          14|          14|
    |add_ln58_1592_fu_42131_p2  |         +|   0|  0|   17|          17|          17|
    |add_ln58_1593_fu_40944_p2  |         +|   0|  0|   18|          11|          11|
    |add_ln58_1594_fu_40954_p2  |         +|   0|  0|   20|          13|          13|
    |add_ln58_1595_fu_40964_p2  |         +|   0|  0|   16|          14|          14|
    |add_ln58_1596_fu_40970_p2  |         +|   0|  0|   16|          14|          14|
    |add_ln58_1597_fu_40980_p2  |         +|   0|  0|   23|          16|          16|
    |add_ln58_1598_fu_42139_p2  |         +|   0|  0|   17|          17|          17|
    |add_ln58_1599_fu_40986_p2  |         +|   0|  0|   17|          17|          17|
    |add_ln58_1600_fu_40992_p2  |         +|   0|  0|   17|          17|          17|
    |add_ln58_1601_fu_41002_p2  |         +|   0|  0|   17|          10|          10|
    |add_ln58_1602_fu_41030_p2  |         +|   0|  0|   24|          17|          17|
    |add_ln58_1603_fu_41040_p2  |         +|   0|  0|   25|          18|          18|
    |add_ln58_1604_fu_41046_p2  |         +|   0|  0|   16|          14|          14|
    |add_ln58_1605_fu_41052_p2  |         +|   0|  0|   16|          14|          14|
    |add_ln58_1606_fu_41062_p2  |         +|   0|  0|   18|          11|           9|
    |add_ln58_1607_fu_41072_p2  |         +|   0|  0|   17|          17|          17|
    |add_ln58_1608_fu_41078_p2  |         +|   0|  0|   17|          17|          17|
    |add_ln58_1609_fu_42152_p2  |         +|   0|  0|   18|          18|          18|
    |add_ln58_1610_fu_42157_p2  |         +|   0|  0|   18|          18|          18|
    |add_ln58_1611_fu_41132_p2  |         +|   0|  0|   16|          16|          16|
    |add_ln58_1612_fu_41142_p2  |         +|   0|  0|   17|          17|          17|
    |add_ln58_1613_fu_41152_p2  |         +|   0|  0|   16|          14|          14|
    |add_ln58_1614_fu_41158_p2  |         +|   0|  0|   16|          14|          14|
    |add_ln58_1615_fu_41168_p2  |         +|   0|  0|   22|          15|          15|
    |add_ln58_1616_fu_41178_p2  |         +|   0|  0|   17|          17|          17|
    |add_ln58_1617_fu_41184_p2  |         +|   0|  0|   16|          15|          15|
    |add_ln58_1618_fu_41194_p2  |         +|   0|  0|   23|          16|          16|
    |add_ln58_1619_fu_41204_p2  |         +|   0|  0|   17|          17|          17|
    |add_ln58_1620_fu_41210_p2  |         +|   0|  0|   17|          17|          17|
    |add_ln58_1621_fu_41216_p2  |         +|   0|  0|   16|          15|          15|
    |add_ln58_1622_fu_41226_p2  |         +|   0|  0|   16|          16|          16|
    |add_ln58_1623_fu_41232_p2  |         +|   0|  0|   20|          13|          10|
    |add_ln58_1624_fu_41242_p2  |         +|   0|  0|   23|          16|          16|
    |add_ln58_1625_fu_41248_p2  |         +|   0|  0|   16|          16|          16|
    |add_ln58_1626_fu_42172_p2  |         +|   0|  0|   18|          18|          18|
    |add_ln58_1627_fu_42178_p2  |         +|   0|  0|   18|          18|          18|
    |add_ln58_1628_fu_41290_p2  |         +|   0|  0|   16|          15|          15|
    |add_ln58_1629_fu_41300_p2  |         +|   0|  0|   23|          16|          16|
    |add_ln58_1630_fu_41310_p2  |         +|   0|  0|   18|          18|          18|
    |add_ln58_1631_fu_41316_p2  |         +|   0|  0|   18|          18|          18|
    |add_ln58_1632_fu_41326_p2  |         +|   0|  0|   26|          19|          19|
    |add_ln58_1633_fu_41332_p2  |         +|   0|  0|   21|          14|          14|
    |add_ln58_1634_fu_41342_p2  |         +|   0|  0|   23|          16|          16|
    |add_ln58_1635_fu_41352_p2  |         +|   0|  0|   17|          17|          17|
    |add_ln58_1636_fu_41358_p2  |         +|   0|  0|   17|          17|          17|
    |add_ln58_1637_fu_41368_p2  |         +|   0|  0|   25|          18|          18|
    |add_ln58_1638_fu_42187_p2  |         +|   0|  0|   19|          19|          19|
    |add_ln58_1639_fu_41374_p2  |         +|   0|  0|   22|          15|          15|
    |add_ln58_1640_fu_41384_p2  |         +|   0|  0|   16|          16|          16|
    |add_ln58_1641_fu_41390_p2  |         +|   0|  0|   16|          15|          15|
    |add_ln58_1642_fu_41396_p2  |         +|   0|  0|   16|          15|          15|
    |add_ln58_1643_fu_41406_p2  |         +|   0|  0|   16|          16|          16|
    |add_ln58_1644_fu_41426_p2  |         +|   0|  0|   24|          17|          17|
    |add_ln58_1645_fu_41446_p2  |         +|   0|  0|   17|          17|          17|
    |add_ln58_1646_fu_41452_p2  |         +|   0|  0|   17|          17|          17|
    |add_ln58_1647_fu_42195_p2  |         +|   0|  0|   19|          19|          19|
    |add_ln58_1648_fu_41476_p2  |         +|   0|  0|   18|          11|          11|
    |add_ln58_1649_fu_41486_p2  |         +|   0|  0|   16|          14|          14|
    |add_ln58_1650_fu_41496_p2  |         +|   0|  0|   17|          17|          17|
    |add_ln58_1651_fu_41506_p2  |         +|   0|  0|   25|          18|          18|
    |add_ln58_1652_fu_41512_p2  |         +|   0|  0|   18|          18|          18|
    |add_ln58_1653_fu_41518_p2  |         +|   0|  0|   16|          14|          14|
    |add_ln58_1654_fu_41524_p2  |         +|   0|  0|   16|          14|          14|
    |add_ln58_1655_fu_41544_p2  |         +|   0|  0|   16|          16|          16|
    |add_ln58_1656_fu_41550_p2  |         +|   0|  0|   16|          16|          16|
    |add_ln58_1657_fu_41560_p2  |         +|   0|  0|   18|          18|          18|
    |add_ln58_1658_fu_41566_p2  |         +|   0|  0|   17|          13|          13|
    |add_ln58_1659_fu_41576_p2  |         +|   0|  0|   21|          14|          14|
    |add_ln58_1660_fu_41586_p2  |         +|   0|  0|   23|          16|          16|
    |add_ln58_1661_fu_41596_p2  |         +|   0|  0|   24|          17|          17|
    |add_ln58_1662_fu_41602_p2  |         +|   0|  0|   17|          17|          17|
    |add_ln58_1663_fu_41608_p2  |         +|   0|  0|   21|          14|          14|
    |add_ln58_1664_fu_41618_p2  |         +|   0|  0|   17|          17|          17|
    |add_ln58_1665_fu_41628_p2  |         +|   0|  0|   20|          13|          13|
    |add_ln58_1666_fu_41638_p2  |         +|   0|  0|   17|          17|          17|
    |add_ln58_1667_fu_41644_p2  |         +|   0|  0|   17|          17|          17|
    |add_ln58_1668_fu_42207_p2  |         +|   0|  0|   26|          19|          19|
    |add_ln58_fu_36646_p2       |         +|   0|  0|   24|          17|          17|
    |empty_23_fu_40500_p2       |         +|   0|  0|   17|          10|          10|
    |empty_fu_39614_p2          |         +|   0|  0|   18|          11|          11|
    |mult_549_fu_32195_p2       |         +|   0|  0|   21|          14|          14|
    |mult_550_fu_32205_p2       |         +|   0|  0|   22|          15|          15|
    |mult_559_fu_32340_p2       |         +|   0|  0|   17|          13|          13|
    |mult_567_fu_32478_p2       |         +|   0|  0|   19|          12|          12|
    |mult_578_fu_32634_p2       |         +|   0|  0|   18|          11|          11|
    |mult_595_fu_32963_p2       |         +|   0|  0|   22|          15|          15|
    |mult_623_fu_33374_p2       |         +|   0|  0|   21|          14|          14|
    |mult_644_fu_33724_p2       |         +|   0|  0|   20|          13|          13|
    |mult_649_fu_33807_p2       |         +|   0|  0|   21|          14|          14|
    |mult_659_fu_33983_p2       |         +|   0|  0|   20|          13|          13|
    |mult_670_fu_34144_p2       |         +|   0|  0|   20|          13|          13|
    |mult_678_fu_34282_p2       |         +|   0|  0|   20|          13|          13|
    |mult_687_fu_34414_p2       |         +|   0|  0|   20|          13|          13|
    |mult_692_fu_34488_p2       |         +|   0|  0|   20|          13|          13|
    |mult_699_fu_34610_p2       |         +|   0|  0|   22|          15|          15|
    |mult_701_fu_34646_p2       |         +|   0|  0|   22|          15|          15|
    |mult_726_fu_35049_p2       |         +|   0|  0|   19|          12|          12|
    |mult_727_fu_35063_p2       |         +|   0|  0|   17|          13|          13|
    |mult_733_fu_35237_p2       |         +|   0|  0|   22|          15|          15|
    |mult_752_fu_35545_p2       |         +|   0|  0|   20|          13|          13|
    |mult_757_fu_35681_p2       |         +|   0|  0|   23|          16|          16|
    |mult_768_fu_35815_p2       |         +|   0|  0|   23|          16|          16|
    |mult_771_fu_35901_p2       |         +|   0|  0|   20|          13|          13|
    |mult_784_fu_36144_p2       |         +|   0|  0|   20|          13|          13|
    |mult_794_fu_36328_p2       |         +|   0|  0|   20|          13|          13|
    |mult_796_fu_36346_p2       |         +|   0|  0|   21|          14|          14|
    |tmp11_fu_37236_p2          |         +|   0|  0|   17|          10|          10|
    |tmp163_fu_37738_p2         |         +|   0|  0|   17|          10|          10|
    |tmp1652_fu_37462_p2        |         +|   0|  0|   17|          10|          10|
    |tmp19_fu_37748_p2          |         +|   0|  0|   18|          11|          11|
    |tmp20_fu_37778_p2          |         +|   0|  0|   24|          17|          17|
    |tmp2150_fu_37788_p2        |         +|   0|  0|   18|          11|          11|
    |tmp258_fu_36860_p2         |         +|   0|  0|   19|          12|          12|
    |tmp26_fu_38268_p2          |         +|   0|  0|   18|          11|          11|
    |tmp34_fu_38602_p2          |         +|   0|  0|   19|          12|          12|
    |tmp36_fu_38816_p2          |         +|   0|  0|   16|           9|           9|
    |tmp38_fu_38960_p2          |         +|   0|  0|   16|           9|           9|
    |tmp40_fu_38996_p2          |         +|   0|  0|   16|           9|           9|
    |tmp456_fu_36874_p2         |         +|   0|  0|   16|           9|           9|
    |tmp45_fu_39228_p2          |         +|   0|  0|   17|          10|          10|
    |tmp47_fu_39444_p2          |         +|   0|  0|   17|          10|          10|
    |tmp53_fu_40150_p2          |         +|   0|  0|   16|           9|           9|
    |tmp6_fu_37012_p2           |         +|   0|  0|   17|          10|          10|
    |tmp78_fu_41254_p2          |         +|   0|  0|   17|          10|          10|
    |tmp8032_fu_41462_p2        |         +|   0|  0|   16|           9|           9|
    |mult_533_fu_31907_p2       |         -|   0|  0|   25|           1|          18|
    |mult_535_fu_31941_p2       |         -|   0|  0|   22|           1|          15|
    |mult_537_fu_31963_p2       |         -|   0|  0|   23|           1|          16|
    |mult_538_fu_32007_p2       |         -|   0|  0|   16|          15|          15|
    |mult_539_fu_32025_p2       |         -|   0|  0|   22|          15|          15|
    |mult_541_fu_32051_p2       |         -|   0|  0|   21|           1|          14|
    |mult_542_fu_32061_p2       |         -|   0|  0|   20|           1|          13|
    |mult_543_fu_32089_p2       |         -|   0|  0|   16|          16|          16|
    |mult_544_fu_32107_p2       |         -|   0|  0|   22|           1|          15|
    |mult_545_fu_32125_p2       |         -|   0|  0|   22|          15|          15|
    |mult_546_fu_32147_p2       |         -|   0|  0|   20|          13|          13|
    |mult_547_fu_32161_p2       |         -|   0|  0|   16|          15|          15|
    |mult_548_fu_32181_p2       |         -|   0|  0|   16|          14|          14|
    |mult_552_fu_32215_p2       |         -|   0|  0|   16|          15|          15|
    |mult_553_fu_32221_p2       |         -|   0|  0|   16|          14|          14|
    |mult_555_fu_32260_p2       |         -|   0|  0|   18|           1|          11|
    |mult_556_fu_32294_p2       |         -|   0|  0|   20|          13|          13|
    |mult_560_fu_32350_p2       |         -|   0|  0|   18|          11|          11|
    |mult_561_fu_32368_p2       |         -|   0|  0|   19|          12|          12|
    |mult_562_fu_32390_p2       |         -|   0|  0|   16|           1|           9|
    |mult_564_fu_32408_p2       |         -|   0|  0|   19|           1|          12|
    |mult_565_fu_32422_p2       |         -|   0|  0|   18|          11|          11|
    |mult_568_fu_32514_p2       |         -|   0|  0|   16|          15|          15|
    |mult_569_fu_32532_p2       |         -|   0|  0|   20|          13|          13|
    |mult_570_fu_32558_p2       |         -|   0|  0|   16|           1|           9|
    |mult_571_fu_32572_p2       |         -|   0|  0|   18|           1|          11|
    |mult_575_fu_32602_p2       |         -|   0|  0|   21|           1|          14|
    |mult_576_fu_32616_p2       |         -|   0|  0|   19|          12|          12|
    |mult_582_fu_32689_p2       |         -|   0|  0|   22|          15|          15|
    |mult_583_fu_32703_p2       |         -|   0|  0|   23|          16|          16|
    |mult_584_fu_32721_p2       |         -|   0|  0|   23|           1|          16|
    |mult_585_fu_32731_p2       |         -|   0|  0|   21|           1|          14|
    |mult_586_fu_32753_p2       |         -|   0|  0|   22|           1|          15|
    |mult_588_fu_32819_p2       |         -|   0|  0|   16|          16|          16|
    |mult_589_fu_32855_p2       |         -|   0|  0|   24|          17|          17|
    |mult_590_fu_32877_p2       |         -|   0|  0|   24|           1|          17|
    |mult_591_fu_32891_p2       |         -|   0|  0|   23|           1|          16|
    |mult_592_fu_32905_p2       |         -|   0|  0|   19|           1|          12|
    |mult_593_fu_32931_p2       |         -|   0|  0|   25|          18|          18|
    |mult_594_fu_32945_p2       |         -|   0|  0|   20|          13|          13|
    |mult_596_fu_32981_p2       |         -|   0|  0|   16|          14|          14|
    |mult_597_fu_32991_p2       |         -|   0|  0|   20|           1|          13|
    |mult_599_fu_33005_p2       |         -|   0|  0|   17|          17|          17|
    |mult_601_fu_33043_p2       |         -|   0|  0|   22|          15|          15|
    |mult_602_fu_33065_p2       |         -|   0|  0|   23|           1|          16|
    |mult_603_fu_33087_p2       |         -|   0|  0|   20|           1|          13|
    |mult_604_fu_33113_p2       |         -|   0|  0|   21|           1|          14|
    |mult_605_fu_33127_p2       |         -|   0|  0|   21|          14|          14|
    |mult_606_fu_33141_p2       |         -|   0|  0|   19|           1|          12|
    |mult_609_fu_33171_p2       |         -|   0|  0|   21|          14|          14|
    |mult_610_fu_33185_p2       |         -|   0|  0|   23|          16|          16|
    |mult_612_fu_33228_p2       |         -|   0|  0|   21|           1|          14|
    |mult_614_fu_33278_p2       |         -|   0|  0|   20|          13|          13|
    |mult_615_fu_33288_p2       |         -|   0|  0|   20|           1|          13|
    |mult_618_fu_33322_p2       |         -|   0|  0|   21|          14|          14|
    |mult_619_fu_33344_p2       |         -|   0|  0|   23|           1|          16|
    |mult_620_fu_33358_p2       |         -|   0|  0|   16|          14|          14|
    |mult_622_fu_33368_p2       |         -|   0|  0|   16|          14|          14|
    |mult_625_fu_33392_p2       |         -|   0|  0|   20|          13|          13|
    |mult_626_fu_33430_p2       |         -|   0|  0|   21|          14|          14|
    |mult_627_fu_33444_p2       |         -|   0|  0|   20|           1|          13|
    |mult_631_fu_33486_p2       |         -|   0|  0|   20|          13|          13|
    |mult_632_fu_33508_p2       |         -|   0|  0|   18|           1|          11|
    |mult_633_fu_33534_p2       |         -|   0|  0|   20|          13|          13|
    |mult_636_fu_33576_p2       |         -|   0|  0|   19|           1|          12|
    |mult_637_fu_33590_p2       |         -|   0|  0|   20|           1|          13|
    |mult_638_fu_33628_p2       |         -|   0|  0|   17|          12|          12|
    |mult_641_fu_33670_p2       |         -|   0|  0|   21|           1|          14|
    |mult_642_fu_33684_p2       |         -|   0|  0|   18|           1|          11|
    |mult_643_fu_33702_p2       |         -|   0|  0|   20|           1|          13|
    |mult_645_fu_33755_p2       |         -|   0|  0|   21|           1|          14|
    |mult_648_fu_33781_p2       |         -|   0|  0|   22|           1|          15|
    |mult_650_fu_33833_p2       |         -|   0|  0|   24|          17|          17|
    |mult_651_fu_33851_p2       |         -|   0|  0|   20|           1|          13|
    |mult_652_fu_33865_p2       |         -|   0|  0|   16|          15|          15|
    |mult_653_fu_33875_p2       |         -|   0|  0|   20|          13|          13|
    |mult_655_fu_33897_p2       |         -|   0|  0|   20|          13|          13|
    |mult_656_fu_33911_p2       |         -|   0|  0|   19|           1|          12|
    |mult_658_fu_33949_p2       |         -|   0|  0|   22|           1|          15|
    |mult_660_fu_33993_p2       |         -|   0|  0|   20|          13|          13|
    |mult_662_fu_34023_p2       |         -|   0|  0|   20|          13|          13|
    |mult_664_fu_34051_p2       |         -|   0|  0|   16|          16|          16|
    |mult_665_fu_34061_p2       |         -|   0|  0|   21|           1|          14|
    |mult_668_fu_34087_p2       |         -|   0|  0|   20|           1|          13|
    |mult_669_fu_34126_p2       |         -|   0|  0|   17|          13|          13|
    |mult_671_fu_34166_p2       |         -|   0|  0|   21|           1|          14|
    |mult_672_fu_34196_p2       |         -|   0|  0|   16|          15|          15|
    |mult_674_fu_34226_p2       |         -|   0|  0|   19|           1|          12|
    |mult_675_fu_34244_p2       |         -|   0|  0|   18|           1|          11|
    |mult_677_fu_34272_p2       |         -|   0|  0|   16|          15|          15|
    |mult_679_fu_34292_p2       |         -|   0|  0|   22|           1|          15|
    |mult_680_fu_34306_p2       |         -|   0|  0|   21|          14|          14|
    |mult_685_fu_34372_p2       |         -|   0|  0|   18|           1|          11|
    |mult_688_fu_34428_p2       |         -|   0|  0|   17|           1|          10|
    |mult_689_fu_34450_p2       |         -|   0|  0|   21|           1|          14|
    |mult_690_fu_34464_p2       |         -|   0|  0|   21|          14|          14|
    |mult_691_fu_34474_p2       |         -|   0|  0|   20|          13|          13|
    |mult_694_fu_34530_p2       |         -|   0|  0|   21|          14|          14|
    |mult_695_fu_34556_p2       |         -|   0|  0|   16|          16|          16|
    |mult_696_fu_34570_p2       |         -|   0|  0|   22|          15|          15|
    |mult_698_fu_34588_p2       |         -|   0|  0|   20|           1|          13|
    |mult_700_fu_34624_p2       |         -|   0|  0|   22|          15|          15|
    |mult_702_fu_34656_p2       |         -|   0|  0|   23|          16|          16|
    |mult_703_fu_34699_p2       |         -|   0|  0|   17|          12|          12|
    |mult_704_fu_34725_p2       |         -|   0|  0|   20|          13|          13|
    |mult_705_fu_34739_p2       |         -|   0|  0|   20|           1|          13|
    |mult_707_fu_34757_p2       |         -|   0|  0|   19|           1|          12|
    |mult_708_fu_34775_p2       |         -|   0|  0|   21|           1|          14|
    |mult_709_fu_34799_p2       |         -|   0|  0|   16|          14|          14|
    |mult_712_fu_34821_p2       |         -|   0|  0|   21|          14|          14|
    |mult_714_fu_34843_p2       |         -|   0|  0|   16|          15|          15|
    |mult_716_fu_34885_p2       |         -|   0|  0|   19|           1|          12|
    |mult_718_fu_34931_p2       |         -|   0|  0|   18|           1|          11|
    |mult_719_fu_34949_p2       |         -|   0|  0|   20|          13|          13|
    |mult_720_fu_34979_p2       |         -|   0|  0|   21|          14|          14|
    |mult_721_fu_34989_p2       |         -|   0|  0|   20|          13|          13|
    |mult_722_fu_34999_p2       |         -|   0|  0|   19|          12|          12|
    |mult_724_fu_35025_p2       |         -|   0|  0|   18|          11|          11|
    |mult_725_fu_35035_p2       |         -|   0|  0|   21|           1|          14|
    |mult_728_fu_35097_p2       |         -|   0|  0|   18|          18|          18|
    |mult_729_fu_35115_p2       |         -|   0|  0|   21|           1|          14|
    |mult_730_fu_35137_p2       |         -|   0|  0|   24|           1|          17|
    |mult_731_fu_35155_p2       |         -|   0|  0|   23|          16|          16|
    |mult_732_fu_35189_p2       |         -|   0|  0|   22|          15|          15|
    |mult_734_fu_35247_p2       |         -|   0|  0|   22|           1|          15|
    |mult_736_fu_35297_p2       |         -|   0|  0|   23|          16|          16|
    |mult_737_fu_35329_p2       |         -|   0|  0|   17|          17|          17|
    |mult_739_fu_35359_p2       |         -|   0|  0|   24|          17|          17|
    |mult_740_fu_35369_p2       |         -|   0|  0|   21|           1|          14|
    |mult_742_fu_35379_p2       |         -|   0|  0|   22|          15|          15|
    |mult_743_fu_35389_p2       |         -|   0|  0|   16|          15|          15|
    |mult_745_fu_35405_p2       |         -|   0|  0|   16|          15|          15|
    |mult_746_fu_35431_p2       |         -|   0|  0|   20|           1|          13|
    |mult_747_fu_35457_p2       |         -|   0|  0|   19|          12|          12|
    |mult_748_fu_35487_p2       |         -|   0|  0|   19|           1|          12|
    |mult_750_fu_35517_p2       |         -|   0|  0|   20|          13|          13|
    |mult_751_fu_35531_p2       |         -|   0|  0|   18|           1|          11|
    |mult_753_fu_35585_p2       |         -|   0|  0|   22|          15|          15|
    |mult_754_fu_35599_p2       |         -|   0|  0|   22|          15|          15|
    |mult_755_fu_35637_p2       |         -|   0|  0|   25|          18|          18|
    |mult_756_fu_35655_p2       |         -|   0|  0|   24|          17|          17|
    |mult_759_fu_35703_p2       |         -|   0|  0|   23|           1|          16|
    |mult_761_fu_35717_p2       |         -|   0|  0|   21|           1|          14|
    |mult_762_fu_35747_p2       |         -|   0|  0|   23|          16|          16|
    |mult_764_fu_35765_p2       |         -|   0|  0|   17|          17|          17|
    |mult_766_fu_35779_p2       |         -|   0|  0|   22|          15|          15|
    |mult_767_fu_35805_p2       |         -|   0|  0|   19|          19|          19|
    |mult_769_fu_35825_p2       |         -|   0|  0|   22|          15|          15|
    |mult_770_fu_35859_p2       |         -|   0|  0|   22|           1|          15|
    |mult_772_fu_35923_p2       |         -|   0|  0|   23|           1|          16|
    |mult_773_fu_35961_p2       |         -|   0|  0|   21|          14|          14|
    |mult_775_fu_35975_p2       |         -|   0|  0|   21|           1|          14|
    |mult_778_fu_36053_p2       |         -|   0|  0|   23|           1|          16|
    |mult_781_fu_36092_p2       |         -|   0|  0|   20|           1|          13|
    |mult_782_fu_36114_p2       |         -|   0|  0|   19|           1|          12|
    |mult_785_fu_36170_p2       |         -|   0|  0|   22|          15|          15|
    |mult_786_fu_36180_p2       |         -|   0|  0|   20|          13|          13|
    |mult_787_fu_36202_p2       |         -|   0|  0|   20|          13|          13|
    |mult_788_fu_36216_p2       |         -|   0|  0|   21|          14|          14|
    |mult_789_fu_36238_p2       |         -|   0|  0|   23|           1|          16|
    |mult_791_fu_36280_p2       |         -|   0|  0|   21|          14|          14|
    |mult_793_fu_36306_p2       |         -|   0|  0|   20|           1|          13|
    |mult_797_fu_36356_p2       |         -|   0|  0|   19|           1|          12|
    |mult_798_fu_36378_p2       |         -|   0|  0|   19|           1|          12|
    |mult_799_fu_36400_p2       |         -|   0|  0|   23|           1|          16|
    |mult_800_fu_36434_p2       |         -|   0|  0|   17|          13|          13|
    |mult_801_fu_36452_p2       |         -|   0|  0|   23|          16|          16|
    |mult_804_fu_36470_p2       |         -|   0|  0|   21|           1|          14|
    |mult_806_fu_36496_p2       |         -|   0|  0|   22|           1|          15|
    |mult_807_fu_36506_p2       |         -|   0|  0|   21|          14|          14|
    |mult_808_fu_36520_p2       |         -|   0|  0|   21|          14|          14|
    |mult_810_fu_36574_p2       |         -|   0|  0|   17|          12|          12|
    |p_neg156_fu_37254_p2       |         -|   0|  0|   22|           1|          15|
    |sub_ln42_113_fu_34789_p2   |         -|   0|  0|   21|           1|          14|
    |sub_ln42_11_fu_32171_p2    |         -|   0|  0|   16|           1|          14|
    |sub_ln42_132_fu_35311_p2   |         -|   0|  0|   17|           1|          17|
    |sub_ln42_138_fu_35399_p2   |         -|   0|  0|   16|           1|          15|
    |sub_ln42_145_fu_35575_p2   |         -|   0|  0|   22|           1|          15|
    |sub_ln42_22_fu_32504_p2    |         -|   0|  0|   22|           1|          15|
    |sub_ln42_34_fu_32801_p2    |         -|   0|  0|   23|           1|          16|
    |sub_ln42_36_fu_32837_p2    |         -|   0|  0|   24|           1|          17|
    |sub_ln42_5_fu_32079_p2     |         -|   0|  0|   23|           1|          16|
    |sub_ln42_84_fu_34041_p2    |         -|   0|  0|   16|           1|          16|
    |sub_ln42_93_fu_34266_p2    |         -|   0|  0|   16|           1|          15|
    |sub_ln42_fu_31989_p2       |         -|   0|  0|   22|           1|          15|
    |sub_ln58_10_fu_36822_p2    |         -|   0|  0|   21|          14|          14|
    |sub_ln58_11_fu_36838_p2    |         -|   0|  0|   19|          19|          19|
    |sub_ln58_12_fu_36844_p2    |         -|   0|  0|   20|           8|          13|
    |sub_ln58_13_fu_36908_p2    |         -|   0|  0|   24|          17|          17|
    |sub_ln58_14_fu_37074_p2    |         -|   0|  0|   17|          17|          17|
    |sub_ln58_15_fu_37152_p2    |         -|   0|  0|   20|          13|          13|
    |sub_ln58_16_fu_37422_p2    |         -|   0|  0|   22|          15|          15|
    |sub_ln58_17_fu_37432_p2    |         -|   0|  0|   19|          10|          12|
    |sub_ln58_18_fu_37518_p2    |         -|   0|  0|   21|          14|          14|
    |sub_ln58_19_fu_37664_p2    |         -|   0|  0|   23|          16|          16|
    |sub_ln58_20_fu_37690_p2    |         -|   0|  0|   17|          17|          17|
    |sub_ln58_21_fu_37960_p2    |         -|   0|  0|   17|          17|          17|
    |sub_ln58_22_fu_37986_p2    |         -|   0|  0|   24|          17|          17|
    |sub_ln58_23_fu_38220_p2    |         -|   0|  0|   16|          15|          15|
    |sub_ln58_24_fu_38396_p2    |         -|   0|  0|   16|          16|          16|
    |sub_ln58_25_fu_38482_p2    |         -|   0|  0|   16|          14|          14|
    |sub_ln58_26_fu_38498_p2    |         -|   0|  0|   22|          15|          15|
    |sub_ln58_27_fu_38530_p2    |         -|   0|  0|   19|          12|          12|
    |sub_ln58_28_fu_38574_p2    |         -|   0|  0|   16|          11|          14|
    |sub_ln58_29_fu_38686_p2    |         -|   0|  0|   22|          15|          15|
    |sub_ln58_30_fu_38800_p2    |         -|   0|  0|   16|          14|          14|
    |sub_ln58_31_fu_38872_p2    |         -|   0|  0|   24|          17|          17|
    |sub_ln58_32_fu_38888_p2    |         -|   0|  0|   23|          16|          16|
    |sub_ln58_33_fu_38934_p2    |         -|   0|  0|   22|          15|          15|
    |sub_ln58_34_fu_39140_p2    |         -|   0|  0|   20|          13|          13|
    |sub_ln58_35_fu_39160_p2    |         -|   0|  0|   19|          10|          12|
    |sub_ln58_36_fu_39322_p2    |         -|   0|  0|   19|          12|          12|
    |sub_ln58_37_fu_39408_p2    |         -|   0|  0|   22|          15|          15|
    |sub_ln58_38_fu_39472_p2    |         -|   0|  0|   22|          15|          15|
    |sub_ln58_39_fu_39536_p2    |         -|   0|  0|   19|          12|          12|
    |sub_ln58_40_fu_39678_p2    |         -|   0|  0|   20|          13|          13|
    |sub_ln58_41_fu_39904_p2    |         -|   0|  0|   17|          13|          13|
    |sub_ln58_42_fu_39942_p2    |         -|   0|  0|   16|          16|          16|
    |sub_ln58_43_fu_40118_p2    |         -|   0|  0|   21|          10|          14|
    |sub_ln58_44_fu_40168_p2    |         -|   0|  0|   23|          16|          16|
    |sub_ln58_45_fu_40204_p2    |         -|   0|  0|   16|          14|          14|
    |sub_ln58_46_fu_40236_p2    |         -|   0|  0|   21|          14|          14|
    |sub_ln58_47_fu_40272_p2    |         -|   0|  0|   21|          14|          14|
    |sub_ln58_48_fu_40282_p2    |         -|   0|  0|   21|           8|          14|
    |sub_ln58_49_fu_40398_p2    |         -|   0|  0|   20|          13|          13|
    |sub_ln58_50_fu_40550_p2    |         -|   0|  0|   21|          14|          14|
    |sub_ln58_51_fu_40608_p2    |         -|   0|  0|   23|          11|          16|
    |sub_ln58_52_fu_40704_p2    |         -|   0|  0|   20|          13|          13|
    |sub_ln58_53_fu_40798_p2    |         -|   0|  0|   26|          19|          19|
    |sub_ln58_54_fu_40928_p2    |         -|   0|  0|   20|          13|          13|
    |sub_ln58_55_fu_41020_p2    |         -|   0|  0|   23|           1|          16|
    |sub_ln58_56_fu_41110_p2    |         -|   0|  0|   16|          15|          15|
    |sub_ln58_57_fu_41116_p2    |         -|   0|  0|   21|          14|          14|
    |sub_ln58_58_fu_41126_p2    |         -|   0|  0|   16|          16|          16|
    |sub_ln58_59_fu_41416_p2    |         -|   0|  0|   21|          14|          14|
    |sub_ln58_60_fu_41436_p2    |         -|   0|  0|   22|          15|          15|
    |sub_ln58_61_fu_41534_p2    |         -|   0|  0|   20|          13|          13|
    |sub_ln58_6_fu_36630_p2     |         -|   0|  0|   18|          18|          18|
    |sub_ln58_7_fu_36636_p2     |         -|   0|  0|   24|          17|          17|
    |sub_ln58_8_fu_36672_p2     |         -|   0|  0|   22|          15|          15|
    |sub_ln58_9_fu_36770_p2     |         -|   0|  0|   21|           1|          14|
    |sub_ln58_fu_41764_p2       |         -|   0|  0|   19|          19|          19|
    |tmp12_fu_37272_p2          |         -|   0|  0|   16|          15|          15|
    |tmp1454_fu_37278_p2        |         -|   0|  0|   18|          11|          11|
    |tmp2448_fu_38134_p2        |         -|   0|  0|   16|           9|           9|
    |tmp2946_fu_38286_p2        |         -|   0|  0|   16|           9|           9|
    |tmp3244_fu_38432_p2        |         -|   0|  0|   18|          11|          11|
    |tmp35_fu_38628_p2          |         -|   0|  0|   23|          16|          16|
    |tmp39_fu_38986_p2          |         -|   0|  0|   21|          14|          14|
    |tmp41_fu_39022_p2          |         -|   0|  0|   16|          14|          14|
    |tmp43_fu_39192_p2          |         -|   0|  0|   18|          11|          11|
    |tmp44_fu_39222_p2          |         -|   0|  0|   16|          16|          16|
    |tmp46_fu_39258_p2          |         -|   0|  0|   22|          15|          15|
    |tmp48_fu_39462_p2          |         -|   0|  0|   20|           1|          13|
    |tmp5142_fu_39624_p2        |         -|   0|  0|   19|          12|          12|
    |tmp5640_fu_40318_p2        |         -|   0|  0|   17|          10|          10|
    |tmp6138_fu_40510_p2        |         -|   0|  0|   18|          11|          11|
    |tmp6436_fu_40632_p2        |         -|   0|  0|   15|           8|           8|
    |tmp68_fu_40674_p2          |         -|   0|  0|   25|          18|          18|
    |tmp7034_fu_40858_p2        |         -|   0|  0|   15|           8|           8|
    |tmp73_fu_40876_p2          |         -|   0|  0|   18|          11|          11|
    |tmp76_fu_41084_p2          |         -|   0|  0|   17|          10|          10|
    |tmp79_fu_41284_p2          |         -|   0|  0|   24|          17|          17|
    |tmp7_fu_37042_p2           |         -|   0|  0|   23|          16|          16|
    |tmp9_fu_37048_p2           |         -|   0|  0|   18|          11|          11|
    |tmp_fu_36604_p2            |         -|   0|  0|   19|          12|          12|
    |ap_enable_pp0              |       xor|   0|  0|    2|           1|           2|
    +---------------------------+----------+----+---+-----+------------+------------+
    |Total                      |          |   0|  0|15808|       11203|       12349|
    +---------------------------+----------+----+---+-----+------------+------------+

    * Multiplexer: 
    N/A

    * Register: 
    +----------------------------+----+----+-----+-----------+
    |            Name            | FF | LUT| Bits| Const Bits|
    +----------------------------+----+----+-----+-----------+
    |add_ln58_1175_reg_42635     |  15|   0|   18|          3|
    |add_ln58_1182_reg_42640     |  15|   0|   18|          3|
    |add_ln58_1188_reg_42645     |  13|   0|   17|          4|
    |add_ln58_1190_reg_42650     |  12|   0|   16|          4|
    |add_ln58_1191_reg_42655     |  16|   0|   19|          3|
    |add_ln58_1225_reg_42660     |  16|   0|   17|          1|
    |add_ln58_1227_reg_42665     |  16|   0|   16|          0|
    |add_ln58_1233_reg_42670     |  13|   0|   16|          3|
    |add_ln58_1239_reg_42675     |  17|   0|   19|          2|
    |add_ln58_1242_reg_42680     |  13|   0|   16|          3|
    |add_ln58_1251_reg_42685     |  19|   0|   19|          0|
    |add_ln58_1254_reg_42690     |  13|   0|   15|          2|
    |add_ln58_1259_reg_42695     |  15|   0|   17|          2|
    |add_ln58_1269_reg_42700     |  17|   0|   18|          1|
    |add_ln58_1277_reg_42705     |  18|   0|   18|          0|
    |add_ln58_1282_reg_42710     |  16|   0|   16|          0|
    |add_ln58_1286_reg_42715     |  13|   0|   16|          3|
    |add_ln58_1297_reg_42720     |  16|   0|   18|          2|
    |add_ln58_1318_reg_42725     |  15|   0|   18|          3|
    |add_ln58_1322_reg_42730     |  14|   0|   18|          4|
    |add_ln58_1329_reg_42735     |  15|   0|   18|          3|
    |add_ln58_1334_reg_42740     |  15|   0|   17|          2|
    |add_ln58_1338_reg_42745     |  14|   0|   17|          3|
    |add_ln58_1343_reg_42750     |  17|   0|   19|          2|
    |add_ln58_1346_reg_42755     |  14|   0|   16|          2|
    |add_ln58_1356_reg_42760     |  17|   0|   18|          1|
    |add_ln58_1364_reg_42765     |  15|   0|   17|          2|
    |add_ln58_1370_reg_42770     |  15|   0|   17|          2|
    |add_ln58_1374_reg_42775     |  16|   0|   17|          1|
    |add_ln58_1380_reg_42780     |  15|   0|   18|          3|
    |add_ln58_1385_reg_42785     |  15|   0|   17|          2|
    |add_ln58_1390_reg_42790     |  16|   0|   19|          3|
    |add_ln58_1391_reg_42795     |  14|   0|   18|          4|
    |add_ln58_1401_reg_42805     |  16|   0|   18|          2|
    |add_ln58_1412_reg_42810     |  17|   0|   17|          0|
    |add_ln58_1420_reg_42815     |  16|   0|   18|          2|
    |add_ln58_1426_reg_42820     |  16|   0|   16|          0|
    |add_ln58_1430_reg_42825     |  13|   0|   15|          2|
    |add_ln58_1436_reg_42830     |  17|   0|   18|          1|
    |add_ln58_1440_reg_42835     |  14|   0|   16|          2|
    |add_ln58_1445_reg_42840     |  16|   0|   17|          1|
    |add_ln58_1449_reg_42845     |  14|   0|   17|          3|
    |add_ln58_1458_reg_42850     |  16|   0|   18|          2|
    |add_ln58_1484_reg_42855     |  18|   0|   19|          1|
    |add_ln58_1489_reg_42860     |  15|   0|   17|          2|
    |add_ln58_1500_reg_42865     |  17|   0|   17|          0|
    |add_ln58_1510_reg_42870     |  17|   0|   18|          1|
    |add_ln58_1519_reg_42875     |  16|   0|   18|          2|
    |add_ln58_1526_reg_42880     |  16|   0|   18|          2|
    |add_ln58_1532_reg_42885     |  15|   0|   18|          3|
    |add_ln58_1538_reg_42890     |  17|   0|   17|          0|
    |add_ln58_1542_reg_42895     |  14|   0|   16|          2|
    |add_ln58_1553_reg_42900     |  17|   0|   18|          1|
    |add_ln58_1559_reg_42905     |  13|   0|   17|          4|
    |add_ln58_1562_reg_42910     |  14|   0|   18|          4|
    |add_ln58_1564_reg_42915     |  14|   0|   18|          4|
    |add_ln58_1576_reg_42920     |  16|   0|   17|          1|
    |add_ln58_1580_reg_42925     |  16|   0|   19|          3|
    |add_ln58_1585_reg_42930     |  13|   0|   16|          3|
    |add_ln58_1590_reg_42935     |  15|   0|   17|          2|
    |add_ln58_1591_reg_42940     |  11|   0|   14|          3|
    |add_ln58_1597_reg_42945     |  16|   0|   16|          0|
    |add_ln58_1603_reg_42950     |  17|   0|   18|          1|
    |add_ln58_1608_reg_42955     |  17|   0|   17|          0|
    |add_ln58_1616_reg_42960     |  17|   0|   17|          0|
    |add_ln58_1620_reg_42965     |  15|   0|   17|          2|
    |add_ln58_1625_reg_42970     |  14|   0|   16|          2|
    |add_ln58_1632_reg_42975     |  19|   0|   19|          0|
    |add_ln58_1637_reg_42980     |  15|   0|   18|          3|
    |add_ln58_1646_reg_42985     |  17|   0|   17|          0|
    |add_ln58_1657_reg_42990     |  16|   0|   18|          2|
    |add_ln58_1667_reg_42995     |  16|   0|   17|          1|
    |ap_CS_fsm                   |   1|   0|    1|          0|
    |ap_enable_reg_pp0_iter1     |   1|   0|    1|          0|
    |data_11_val_read_reg_42625  |   9|   0|    9|          0|
    |mult_658_reg_42630          |   9|   0|   15|          6|
    |sub_ln58_31_reg_42800       |  17|   0|   17|          0|
    |trunc_ln111_27_reg_43000    |  13|   0|   13|          0|
    |trunc_ln111_34_reg_43005    |  13|   0|   13|          0|
    |trunc_ln111_37_reg_43010    |  13|   0|   13|          0|
    |trunc_ln111_49_reg_43015    |  13|   0|   13|          0|
    +----------------------------+----+----+-----+-----------+
    |Total                       |1197|   0| 1340|        143|
    +----------------------------+----+----+-----+-----------+



================================================================
== Interface
================================================================
* Summary: 
+--------------+-----+-----+------------+------------------------------------------------------------------------------+--------------+
|   RTL Ports  | Dir | Bits|  Protocol  |                                 Source Object                                |    C Type    |
+--------------+-----+-----+------------+------------------------------------------------------------------------------+--------------+
|ap_clk        |   in|    1|  ap_ctrl_hs|  dense_latency<ap_ufixed<11, 7, 5, 3, 0>, ap_fixed<13, 9, 5, 3, 0>, config13>|  return value|
|ap_rst        |   in|    1|  ap_ctrl_hs|  dense_latency<ap_ufixed<11, 7, 5, 3, 0>, ap_fixed<13, 9, 5, 3, 0>, config13>|  return value|
|ap_start      |   in|    1|  ap_ctrl_hs|  dense_latency<ap_ufixed<11, 7, 5, 3, 0>, ap_fixed<13, 9, 5, 3, 0>, config13>|  return value|
|ap_done       |  out|    1|  ap_ctrl_hs|  dense_latency<ap_ufixed<11, 7, 5, 3, 0>, ap_fixed<13, 9, 5, 3, 0>, config13>|  return value|
|ap_idle       |  out|    1|  ap_ctrl_hs|  dense_latency<ap_ufixed<11, 7, 5, 3, 0>, ap_fixed<13, 9, 5, 3, 0>, config13>|  return value|
|ap_ready      |  out|    1|  ap_ctrl_hs|  dense_latency<ap_ufixed<11, 7, 5, 3, 0>, ap_fixed<13, 9, 5, 3, 0>, config13>|  return value|
|ap_ce         |   in|    1|  ap_ctrl_hs|  dense_latency<ap_ufixed<11, 7, 5, 3, 0>, ap_fixed<13, 9, 5, 3, 0>, config13>|  return value|
|ap_return_0   |  out|   13|  ap_ctrl_hs|  dense_latency<ap_ufixed<11, 7, 5, 3, 0>, ap_fixed<13, 9, 5, 3, 0>, config13>|  return value|
|ap_return_1   |  out|   13|  ap_ctrl_hs|  dense_latency<ap_ufixed<11, 7, 5, 3, 0>, ap_fixed<13, 9, 5, 3, 0>, config13>|  return value|
|ap_return_2   |  out|   13|  ap_ctrl_hs|  dense_latency<ap_ufixed<11, 7, 5, 3, 0>, ap_fixed<13, 9, 5, 3, 0>, config13>|  return value|
|ap_return_3   |  out|   13|  ap_ctrl_hs|  dense_latency<ap_ufixed<11, 7, 5, 3, 0>, ap_fixed<13, 9, 5, 3, 0>, config13>|  return value|
|ap_return_4   |  out|   13|  ap_ctrl_hs|  dense_latency<ap_ufixed<11, 7, 5, 3, 0>, ap_fixed<13, 9, 5, 3, 0>, config13>|  return value|
|ap_return_5   |  out|   13|  ap_ctrl_hs|  dense_latency<ap_ufixed<11, 7, 5, 3, 0>, ap_fixed<13, 9, 5, 3, 0>, config13>|  return value|
|ap_return_6   |  out|   13|  ap_ctrl_hs|  dense_latency<ap_ufixed<11, 7, 5, 3, 0>, ap_fixed<13, 9, 5, 3, 0>, config13>|  return value|
|ap_return_7   |  out|   13|  ap_ctrl_hs|  dense_latency<ap_ufixed<11, 7, 5, 3, 0>, ap_fixed<13, 9, 5, 3, 0>, config13>|  return value|
|ap_return_8   |  out|   13|  ap_ctrl_hs|  dense_latency<ap_ufixed<11, 7, 5, 3, 0>, ap_fixed<13, 9, 5, 3, 0>, config13>|  return value|
|ap_return_9   |  out|   13|  ap_ctrl_hs|  dense_latency<ap_ufixed<11, 7, 5, 3, 0>, ap_fixed<13, 9, 5, 3, 0>, config13>|  return value|
|ap_return_10  |  out|   13|  ap_ctrl_hs|  dense_latency<ap_ufixed<11, 7, 5, 3, 0>, ap_fixed<13, 9, 5, 3, 0>, config13>|  return value|
|ap_return_11  |  out|   13|  ap_ctrl_hs|  dense_latency<ap_ufixed<11, 7, 5, 3, 0>, ap_fixed<13, 9, 5, 3, 0>, config13>|  return value|
|ap_return_12  |  out|   13|  ap_ctrl_hs|  dense_latency<ap_ufixed<11, 7, 5, 3, 0>, ap_fixed<13, 9, 5, 3, 0>, config13>|  return value|
|ap_return_13  |  out|   13|  ap_ctrl_hs|  dense_latency<ap_ufixed<11, 7, 5, 3, 0>, ap_fixed<13, 9, 5, 3, 0>, config13>|  return value|
|ap_return_14  |  out|   13|  ap_ctrl_hs|  dense_latency<ap_ufixed<11, 7, 5, 3, 0>, ap_fixed<13, 9, 5, 3, 0>, config13>|  return value|
|ap_return_15  |  out|   13|  ap_ctrl_hs|  dense_latency<ap_ufixed<11, 7, 5, 3, 0>, ap_fixed<13, 9, 5, 3, 0>, config13>|  return value|
|ap_return_16  |  out|   13|  ap_ctrl_hs|  dense_latency<ap_ufixed<11, 7, 5, 3, 0>, ap_fixed<13, 9, 5, 3, 0>, config13>|  return value|
|ap_return_17  |  out|   13|  ap_ctrl_hs|  dense_latency<ap_ufixed<11, 7, 5, 3, 0>, ap_fixed<13, 9, 5, 3, 0>, config13>|  return value|
|ap_return_18  |  out|   13|  ap_ctrl_hs|  dense_latency<ap_ufixed<11, 7, 5, 3, 0>, ap_fixed<13, 9, 5, 3, 0>, config13>|  return value|
|ap_return_19  |  out|   13|  ap_ctrl_hs|  dense_latency<ap_ufixed<11, 7, 5, 3, 0>, ap_fixed<13, 9, 5, 3, 0>, config13>|  return value|
|ap_return_20  |  out|   13|  ap_ctrl_hs|  dense_latency<ap_ufixed<11, 7, 5, 3, 0>, ap_fixed<13, 9, 5, 3, 0>, config13>|  return value|
|ap_return_21  |  out|   13|  ap_ctrl_hs|  dense_latency<ap_ufixed<11, 7, 5, 3, 0>, ap_fixed<13, 9, 5, 3, 0>, config13>|  return value|
|ap_return_22  |  out|   13|  ap_ctrl_hs|  dense_latency<ap_ufixed<11, 7, 5, 3, 0>, ap_fixed<13, 9, 5, 3, 0>, config13>|  return value|
|ap_return_23  |  out|   13|  ap_ctrl_hs|  dense_latency<ap_ufixed<11, 7, 5, 3, 0>, ap_fixed<13, 9, 5, 3, 0>, config13>|  return value|
|ap_return_24  |  out|   13|  ap_ctrl_hs|  dense_latency<ap_ufixed<11, 7, 5, 3, 0>, ap_fixed<13, 9, 5, 3, 0>, config13>|  return value|
|ap_return_25  |  out|   13|  ap_ctrl_hs|  dense_latency<ap_ufixed<11, 7, 5, 3, 0>, ap_fixed<13, 9, 5, 3, 0>, config13>|  return value|
|ap_return_26  |  out|   13|  ap_ctrl_hs|  dense_latency<ap_ufixed<11, 7, 5, 3, 0>, ap_fixed<13, 9, 5, 3, 0>, config13>|  return value|
|ap_return_27  |  out|   13|  ap_ctrl_hs|  dense_latency<ap_ufixed<11, 7, 5, 3, 0>, ap_fixed<13, 9, 5, 3, 0>, config13>|  return value|
|data_0_val    |   in|   10|     ap_none|                                                                    data_0_val|        scalar|
|data_1_val    |   in|    9|     ap_none|                                                                    data_1_val|        scalar|
|data_2_val    |   in|    7|     ap_none|                                                                    data_2_val|        scalar|
|data_3_val    |   in|    7|     ap_none|                                                                    data_3_val|        scalar|
|data_4_val    |   in|   10|     ap_none|                                                                    data_4_val|        scalar|
|data_5_val    |   in|   10|     ap_none|                                                                    data_5_val|        scalar|
|data_6_val    |   in|    8|     ap_none|                                                                    data_6_val|        scalar|
|data_7_val    |   in|    8|     ap_none|                                                                    data_7_val|        scalar|
|data_8_val    |   in|    8|     ap_none|                                                                    data_8_val|        scalar|
|data_9_val    |   in|    6|     ap_none|                                                                    data_9_val|        scalar|
|data_10_val   |   in|    7|     ap_none|                                                                   data_10_val|        scalar|
|data_11_val   |   in|    9|     ap_none|                                                                   data_11_val|        scalar|
|data_12_val   |   in|    8|     ap_none|                                                                   data_12_val|        scalar|
|data_13_val   |   in|    7|     ap_none|                                                                   data_13_val|        scalar|
|data_15_val   |   in|    7|     ap_none|                                                                   data_15_val|        scalar|
|data_16_val   |   in|    8|     ap_none|                                                                   data_16_val|        scalar|
|data_17_val   |   in|    8|     ap_none|                                                                   data_17_val|        scalar|
|data_18_val   |   in|    7|     ap_none|                                                                   data_18_val|        scalar|
|data_20_val   |   in|   10|     ap_none|                                                                   data_20_val|        scalar|
|data_21_val   |   in|    9|     ap_none|                                                                   data_21_val|        scalar|
|data_22_val   |   in|    7|     ap_none|                                                                   data_22_val|        scalar|
|data_23_val   |   in|   11|     ap_none|                                                                   data_23_val|        scalar|
|data_24_val   |   in|    8|     ap_none|                                                                   data_24_val|        scalar|
|data_26_val   |   in|    9|     ap_none|                                                                   data_26_val|        scalar|
|data_28_val   |   in|    8|     ap_none|                                                                   data_28_val|        scalar|
|data_29_val   |   in|    8|     ap_none|                                                                   data_29_val|        scalar|
|data_30_val   |   in|    8|     ap_none|                                                                   data_30_val|        scalar|
|data_31_val   |   in|    7|     ap_none|                                                                   data_31_val|        scalar|
+--------------+-----+-----+------------+------------------------------------------------------------------------------+--------------+

