

================================================================
== Vitis HLS Report for 'myproject'
================================================================
* Date:           Wed Feb 26 01:31:31 2025

* Version:        2024.1 (Build 5069499 on May 21 2024)
* Project:        myproject_prj
* Solution:       solution1 (Vivado IP Flow Target)
* Product family: virtexuplusHBM
* Target device:  xcu50-fsvh2104-2-e


================================================================
== Performance Estimates
================================================================
+ Timing: 
    * Summary: 
    +--------+---------+----------+------------+
    |  Clock |  Target | Estimated| Uncertainty|
    +--------+---------+----------+------------+
    |ap_clk  |  5.00 ns|  3.639 ns|     1.35 ns|
    +--------+---------+----------+------------+

+ Latency: 
    * Summary: 
    +---------+---------+-----------+-----------+-----+-----+---------+
    |  Latency (cycles) |   Latency (absolute)  |  Interval | Pipeline|
    |   min   |   max   |    min    |    max    | min | max |   Type  |
    +---------+---------+-----------+-----------+-----+-----+---------+
    |       10|       10|  50.000 ns|  50.000 ns|    1|    1|      yes|
    +---------+---------+-----------+-----------+-----+-----+---------+

    + Detail: 
        * Instance: 
        +--------------------------------------------------------------------------------+-------------------------------------------------------------------+---------+---------+----------+----------+-----+-----+---------+
        |                                                                                |                                                                   |  Latency (cycles) |  Latency (absolute) |  Interval | Pipeline|
        |                                    Instance                                    |                               Module                              |   min   |   max   |    min   |    max   | min | max |   Type  |
        +--------------------------------------------------------------------------------+-------------------------------------------------------------------+---------+---------+----------+----------+-----+-----+---------+
        |grp_dense_latency_ap_fixed_14_5_5_3_0_ap_fixed_13_6_5_3_0_config3_s_fu_313      |dense_latency_ap_fixed_14_5_5_3_0_ap_fixed_13_6_5_3_0_config3_s    |        1|        1|  5.000 ns|  5.000 ns|    1|    1|      yes|
        |call_ret2_relu_ap_fixed_13_6_5_3_0_ap_ufixed_12_5_5_3_0_ReLU_config6_s_fu_333   |relu_ap_fixed_13_6_5_3_0_ap_ufixed_12_5_5_3_0_ReLU_config6_s       |        0|        0|      0 ns|      0 ns|    1|    1|      yes|
        |grp_dense_latency_ap_ufixed_12_5_5_3_0_ap_fixed_13_9_5_3_0_config8_s_fu_400     |dense_latency_ap_ufixed_12_5_5_3_0_ap_fixed_13_9_5_3_0_config8_s   |        1|        1|  5.000 ns|  5.000 ns|    1|    1|      yes|
        |call_ret4_relu_ap_fixed_13_9_5_3_0_ap_ufixed_11_7_5_3_0_ReLU_config11_s_fu_467  |relu_ap_fixed_13_9_5_3_0_ap_ufixed_11_7_5_3_0_ReLU_config11_s      |        0|        0|      0 ns|      0 ns|    1|    1|      yes|
        |grp_dense_latency_ap_ufixed_11_7_5_3_0_ap_fixed_13_9_5_3_0_config13_s_fu_499    |dense_latency_ap_ufixed_11_7_5_3_0_ap_fixed_13_9_5_3_0_config13_s  |        1|        1|  5.000 ns|  5.000 ns|    1|    1|      yes|
        |call_ret_relu_ap_fixed_13_9_5_3_0_ap_ufixed_11_7_5_3_0_ReLU_config16_s_fu_531   |relu_ap_fixed_13_9_5_3_0_ap_ufixed_11_7_5_3_0_ReLU_config16_s      |        0|        0|      0 ns|      0 ns|    1|    1|      yes|
        |grp_dense_latency_ap_ufixed_11_7_5_3_0_ap_fixed_12_6_5_3_0_config18_s_fu_563    |dense_latency_ap_ufixed_11_7_5_3_0_ap_fixed_12_6_5_3_0_config18_s  |        1|        1|  5.000 ns|  5.000 ns|    1|    1|      yes|
        +--------------------------------------------------------------------------------+-------------------------------------------------------------------+---------+---------+----------+----------+-----+-----+---------+

        * Loop: 
        N/A



================================================================
== Utilization Estimates
================================================================
* Summary: 
+---------------------+---------+------+---------+--------+-----+
|         Name        | BRAM_18K|  DSP |    FF   |   LUT  | URAM|
+---------------------+---------+------+---------+--------+-----+
|DSP                  |        -|     -|        -|       -|    -|
|Expression           |        -|     -|        0|     282|    -|
|FIFO                 |        -|     -|        -|       -|    -|
|Instance             |        -|    60|     6925|   88662|    -|
|Memory               |        -|     -|        -|       -|    -|
|Multiplexer          |        -|     -|        0|      36|    -|
|Register             |        -|     -|     2451|       -|    -|
+---------------------+---------+------+---------+--------+-----+
|Total                |        0|    60|     9376|   88980|    0|
+---------------------+---------+------+---------+--------+-----+
|Available SLR        |     1344|  2976|   871680|  435840|  320|
+---------------------+---------+------+---------+--------+-----+
|Utilization SLR (%)  |        0|     2|        1|      20|    0|
+---------------------+---------+------+---------+--------+-----+
|Available            |     2688|  5952|  1743360|  871680|  640|
+---------------------+---------+------+---------+--------+-----+
|Utilization (%)      |        0|     1|       ~0|      10|    0|
+---------------------+---------+------+---------+--------+-----+

+ Detail: 
    * Instance: 
    +--------------------------------------------------------------------------------+-------------------------------------------------------------------+---------+----+------+-------+-----+
    |                                    Instance                                    |                               Module                              | BRAM_18K| DSP|  FF  |  LUT  | URAM|
    +--------------------------------------------------------------------------------+-------------------------------------------------------------------+---------+----+------+-------+-----+
    |grp_dense_latency_ap_fixed_14_5_5_3_0_ap_fixed_13_6_5_3_0_config3_s_fu_313      |dense_latency_ap_fixed_14_5_5_3_0_ap_fixed_13_6_5_3_0_config3_s    |        0|  59|  2626|  28413|    0|
    |grp_dense_latency_ap_ufixed_11_7_5_3_0_ap_fixed_12_6_5_3_0_config18_s_fu_563    |dense_latency_ap_ufixed_11_7_5_3_0_ap_fixed_12_6_5_3_0_config18_s  |        0|   0|   335|   4211|    0|
    |grp_dense_latency_ap_ufixed_11_7_5_3_0_ap_fixed_13_9_5_3_0_config13_s_fu_499    |dense_latency_ap_ufixed_11_7_5_3_0_ap_fixed_13_9_5_3_0_config13_s  |        0|   0|  1197|  16400|    0|
    |grp_dense_latency_ap_ufixed_12_5_5_3_0_ap_fixed_13_9_5_3_0_config8_s_fu_400     |dense_latency_ap_ufixed_12_5_5_3_0_ap_fixed_13_9_5_3_0_config8_s   |        0|   1|  2767|  35886|    0|
    |call_ret2_relu_ap_fixed_13_6_5_3_0_ap_ufixed_12_5_5_3_0_ReLU_config6_s_fu_333   |relu_ap_fixed_13_6_5_3_0_ap_ufixed_12_5_5_3_0_ReLU_config6_s       |        0|   0|     0|   2016|    0|
    |call_ret4_relu_ap_fixed_13_9_5_3_0_ap_ufixed_11_7_5_3_0_ReLU_config11_s_fu_467  |relu_ap_fixed_13_9_5_3_0_ap_ufixed_11_7_5_3_0_ReLU_config11_s      |        0|   0|     0|    868|    0|
    |call_ret_relu_ap_fixed_13_9_5_3_0_ap_ufixed_11_7_5_3_0_ReLU_config16_s_fu_531   |relu_ap_fixed_13_9_5_3_0_ap_ufixed_11_7_5_3_0_ReLU_config16_s      |        0|   0|     0|    868|    0|
    +--------------------------------------------------------------------------------+-------------------------------------------------------------------+---------+----+------+-------+-----+
    |Total                                                                           |                                                                   |        0|  60|  6925|  88662|    0|
    +--------------------------------------------------------------------------------+-------------------------------------------------------------------+---------+----+------+-------+-----+

    * DSP: 
    N/A

    * Memory: 
    N/A

    * FIFO: 
    N/A

    * Expression: 
    +-------------------------------------------+----------+----+---+----+------------+------------+
    |               Variable Name               | Operation| DSP| FF| LUT| Bitwidth P0| Bitwidth P1|
    +-------------------------------------------+----------+----+---+----+------------+------------+
    |add_ln30_fu_617_p2                         |         +|   0|  0|  17|          10|          10|
    |add_ln31_fu_645_p2                         |         +|   0|  0|  18|          11|          11|
    |add_ln32_fu_673_p2                         |         +|   0|  0|  19|          12|          12|
    |add_ln33_fu_701_p2                         |         +|   0|  0|  18|          11|          11|
    |add_ln34_fu_729_p2                         |         +|   0|  0|  18|          11|          11|
    |add_ln35_fu_757_p2                         |         +|   0|  0|  18|          11|          11|
    |add_ln36_fu_785_p2                         |         +|   0|  0|  15|           8|           8|
    |add_ln37_fu_813_p2                         |         +|   0|  0|  16|           9|           9|
    |add_ln38_fu_841_p2                         |         +|   0|  0|  16|           9|           9|
    |add_ln39_fu_869_p2                         |         +|   0|  0|  16|           9|           9|
    |add_ln40_fu_897_p2                         |         +|   0|  0|  15|           8|           8|
    |add_ln41_fu_925_p2                         |         +|   0|  0|  16|           9|           9|
    |add_ln42_fu_953_p2                         |         +|   0|  0|  15|           8|           8|
    |add_ln43_fu_981_p2                         |         +|   0|  0|  15|           8|           8|
    |add_ln45_fu_1037_p2                        |         +|   0|  0|  17|          10|          10|
    |layer2_out_14_fu_1009_p2                   |         +|   0|  0|  21|          14|          14|
    |ap_block_pp0_stage0_01001                  |       and|   0|  0|   2|           1|           1|
    |ap_block_pp0_stage0_11001_ignoreCallOp346  |       and|   0|  0|   2|           1|           1|
    |ap_block_pp0_stage0_11001_ignoreCallOp449  |       and|   0|  0|   2|           1|           1|
    |ap_block_pp0_stage0_11001_ignoreCallOp553  |       and|   0|  0|   2|           1|           1|
    |ap_block_pp0_stage0_11001_ignoreCallOp92   |       and|   0|  0|   2|           1|           1|
    |ap_enable_pp0                              |       xor|   0|  0|   2|           1|           2|
    +-------------------------------------------+----------+----+---+----+------------+------------+
    |Total                                      |          |   0|  0| 282|         164|         165|
    +-------------------------------------------+----------+----+---+----+------------+------------+

    * Multiplexer: 
    +-----------------------+----+-----------+-----+-----------+
    |          Name         | LUT| Input Size| Bits| Total Bits|
    +-----------------------+----+-----------+-----+-----------+
    |input_1_ap_vld_in_sig  |   9|          2|    1|          2|
    |input_1_ap_vld_preg    |   9|          2|    1|          2|
    |input_1_blk_n          |   9|          2|    1|          2|
    |input_1_in_sig         |   9|          2|  240|        480|
    +-----------------------+----+-----------+-----+-----------+
    |Total                  |  36|          8|  243|        486|
    +-----------------------+----+-----------+-----+-----------+

    * Register: 
    +-------------------------------------------------------------------------------------------+-----+----+-----+-----------+
    |                                            Name                                           |  FF | LUT| Bits| Const Bits|
    +-------------------------------------------------------------------------------------------+-----+----+-----+-----------+
    |add_ln30_reg_4016                                                                          |   10|   0|   10|          0|
    |add_ln31_reg_4021                                                                          |   11|   0|   11|          0|
    |add_ln32_reg_4026                                                                          |   12|   0|   12|          0|
    |add_ln33_reg_4031                                                                          |   11|   0|   11|          0|
    |add_ln34_reg_4036                                                                          |   11|   0|   11|          0|
    |add_ln35_reg_4041                                                                          |   11|   0|   11|          0|
    |add_ln36_reg_4046                                                                          |    8|   0|    8|          0|
    |add_ln37_reg_4051                                                                          |    9|   0|    9|          0|
    |add_ln38_reg_4056                                                                          |    9|   0|    9|          0|
    |add_ln39_reg_4061                                                                          |    9|   0|    9|          0|
    |add_ln40_reg_4066                                                                          |    8|   0|    8|          0|
    |add_ln41_reg_4071                                                                          |    9|   0|    9|          0|
    |add_ln42_reg_4076                                                                          |    8|   0|    8|          0|
    |add_ln43_reg_4081                                                                          |    8|   0|    8|          0|
    |add_ln45_reg_4091                                                                          |   10|   0|   10|          0|
    |ap_CS_fsm                                                                                  |    1|   0|    1|          0|
    |ap_enable_reg_pp0_iter1                                                                    |    1|   0|    1|          0|
    |ap_enable_reg_pp0_iter10                                                                   |    1|   0|    1|          0|
    |ap_enable_reg_pp0_iter2                                                                    |    1|   0|    1|          0|
    |ap_enable_reg_pp0_iter3                                                                    |    1|   0|    1|          0|
    |ap_enable_reg_pp0_iter4                                                                    |    1|   0|    1|          0|
    |ap_enable_reg_pp0_iter5                                                                    |    1|   0|    1|          0|
    |ap_enable_reg_pp0_iter6                                                                    |    1|   0|    1|          0|
    |ap_enable_reg_pp0_iter7                                                                    |    1|   0|    1|          0|
    |ap_enable_reg_pp0_iter8                                                                    |    1|   0|    1|          0|
    |ap_enable_reg_pp0_iter9                                                                    |    1|   0|    1|          0|
    |grp_dense_latency_ap_fixed_14_5_5_3_0_ap_fixed_13_6_5_3_0_config3_s_fu_313_ap_start_reg    |    1|   0|    1|          0|
    |grp_dense_latency_ap_ufixed_11_7_5_3_0_ap_fixed_12_6_5_3_0_config18_s_fu_563_ap_start_reg  |    1|   0|    1|          0|
    |grp_dense_latency_ap_ufixed_11_7_5_3_0_ap_fixed_13_9_5_3_0_config13_s_fu_499_ap_start_reg  |    1|   0|    1|          0|
    |grp_dense_latency_ap_ufixed_12_5_5_3_0_ap_fixed_13_9_5_3_0_config8_s_fu_400_ap_start_reg   |    1|   0|    1|          0|
    |input_1_ap_vld_preg                                                                        |    1|   0|    1|          0|
    |input_1_preg                                                                               |  240|   0|  240|          0|
    |layer11_out_28_reg_4866                                                                    |   11|   0|   11|          0|
    |layer12_out_11_reg_4926                                                                    |    9|   0|    9|          0|
    |layer12_out_12_reg_4931                                                                    |    8|   0|    8|          0|
    |layer12_out_14_reg_4941                                                                    |    7|   0|    7|          0|
    |layer12_out_15_reg_4946                                                                    |    8|   0|    8|          0|
    |layer12_out_19_reg_4966                                                                    |    9|   0|    9|          0|
    |layer12_out_1_reg_4876                                                                     |    9|   0|    9|          0|
    |layer12_out_20_reg_4971                                                                    |    7|   0|    7|          0|
    |layer12_out_4_reg_4891                                                                     |   10|   0|   10|          0|
    |layer12_out_5_reg_4896                                                                     |   10|   0|   10|          0|
    |layer12_out_8_reg_4911                                                                     |    8|   0|    8|          0|
    |layer17_out_13_reg_5071                                                                    |    7|   0|    7|          0|
    |layer17_out_16_reg_5086                                                                    |    8|   0|    8|          0|
    |layer17_out_1_reg_5011                                                                     |    8|   0|    8|          0|
    |layer17_out_20_reg_5106                                                                    |    9|   0|    9|          0|
    |layer17_out_21_reg_5111                                                                    |    7|   0|    7|          0|
    |layer17_out_23_reg_5121                                                                    |    9|   0|    9|          0|
    |layer17_out_26_reg_5136                                                                    |    7|   0|    7|          0|
    |layer17_out_27_reg_5141                                                                    |    8|   0|    8|          0|
    |layer17_out_3_reg_5021                                                                     |    7|   0|    7|          0|
    |layer17_out_7_reg_5041                                                                     |    8|   0|    8|          0|
    |layer17_out_reg_5006                                                                       |    8|   0|    8|          0|
    |layer2_out_14_reg_4086                                                                     |   14|   0|   14|          0|
    |layer3_out_10_reg_4151                                                                     |   13|   0|   13|          0|
    |layer3_out_11_reg_4156                                                                     |   13|   0|   13|          0|
    |layer3_out_12_reg_4161                                                                     |   13|   0|   13|          0|
    |layer3_out_13_reg_4166                                                                     |   13|   0|   13|          0|
    |layer3_out_14_reg_4171                                                                     |   13|   0|   13|          0|
    |layer3_out_15_reg_4176                                                                     |   13|   0|   13|          0|
    |layer3_out_16_reg_4181                                                                     |   13|   0|   13|          0|
    |layer3_out_17_reg_4186                                                                     |   13|   0|   13|          0|
    |layer3_out_18_reg_4191                                                                     |   13|   0|   13|          0|
    |layer3_out_19_reg_4196                                                                     |   13|   0|   13|          0|
    |layer3_out_1_reg_4101                                                                      |   13|   0|   13|          0|
    |layer3_out_20_reg_4201                                                                     |   13|   0|   13|          0|
    |layer3_out_21_reg_4206                                                                     |   13|   0|   13|          0|
    |layer3_out_22_reg_4211                                                                     |   13|   0|   13|          0|
    |layer3_out_23_reg_4216                                                                     |   13|   0|   13|          0|
    |layer3_out_24_reg_4221                                                                     |   13|   0|   13|          0|
    |layer3_out_25_reg_4226                                                                     |   13|   0|   13|          0|
    |layer3_out_26_reg_4231                                                                     |   13|   0|   13|          0|
    |layer3_out_27_reg_4236                                                                     |   13|   0|   13|          0|
    |layer3_out_28_reg_4241                                                                     |   13|   0|   13|          0|
    |layer3_out_29_reg_4246                                                                     |   13|   0|   13|          0|
    |layer3_out_2_reg_4106                                                                      |   13|   0|   13|          0|
    |layer3_out_30_reg_4251                                                                     |   13|   0|   13|          0|
    |layer3_out_31_reg_4256                                                                     |   13|   0|   13|          0|
    |layer3_out_32_reg_4261                                                                     |   13|   0|   13|          0|
    |layer3_out_33_reg_4266                                                                     |   13|   0|   13|          0|
    |layer3_out_34_reg_4271                                                                     |   13|   0|   13|          0|
    |layer3_out_35_reg_4276                                                                     |   13|   0|   13|          0|
    |layer3_out_36_reg_4281                                                                     |   13|   0|   13|          0|
    |layer3_out_37_reg_4286                                                                     |   13|   0|   13|          0|
    |layer3_out_38_reg_4291                                                                     |   13|   0|   13|          0|
    |layer3_out_39_reg_4296                                                                     |   13|   0|   13|          0|
    |layer3_out_3_reg_4111                                                                      |   13|   0|   13|          0|
    |layer3_out_40_reg_4301                                                                     |   13|   0|   13|          0|
    |layer3_out_41_reg_4306                                                                     |   13|   0|   13|          0|
    |layer3_out_42_reg_4311                                                                     |   13|   0|   13|          0|
    |layer3_out_43_reg_4316                                                                     |   13|   0|   13|          0|
    |layer3_out_44_reg_4321                                                                     |   13|   0|   13|          0|
    |layer3_out_45_reg_4326                                                                     |   13|   0|   13|          0|
    |layer3_out_46_reg_4331                                                                     |   13|   0|   13|          0|
    |layer3_out_47_reg_4336                                                                     |   13|   0|   13|          0|
    |layer3_out_48_reg_4341                                                                     |   13|   0|   13|          0|
    |layer3_out_49_reg_4346                                                                     |   13|   0|   13|          0|
    |layer3_out_4_reg_4116                                                                      |   13|   0|   13|          0|
    |layer3_out_50_reg_4351                                                                     |   13|   0|   13|          0|
    |layer3_out_51_reg_4356                                                                     |   13|   0|   13|          0|
    |layer3_out_52_reg_4361                                                                     |   13|   0|   13|          0|
    |layer3_out_53_reg_4366                                                                     |   13|   0|   13|          0|
    |layer3_out_54_reg_4371                                                                     |   13|   0|   13|          0|
    |layer3_out_55_reg_4376                                                                     |   13|   0|   13|          0|
    |layer3_out_56_reg_4381                                                                     |   13|   0|   13|          0|
    |layer3_out_57_reg_4386                                                                     |   13|   0|   13|          0|
    |layer3_out_58_reg_4391                                                                     |   13|   0|   13|          0|
    |layer3_out_59_reg_4396                                                                     |   13|   0|   13|          0|
    |layer3_out_5_reg_4121                                                                      |   13|   0|   13|          0|
    |layer3_out_60_reg_4401                                                                     |   13|   0|   13|          0|
    |layer3_out_61_reg_4406                                                                     |   13|   0|   13|          0|
    |layer3_out_62_reg_4146                                                                     |   13|   0|   13|          0|
    |layer3_out_6_reg_4126                                                                      |   13|   0|   13|          0|
    |layer3_out_7_reg_4131                                                                      |   13|   0|   13|          0|
    |layer3_out_8_reg_4136                                                                      |   13|   0|   13|          0|
    |layer3_out_9_reg_4141                                                                      |   13|   0|   13|          0|
    |layer3_out_reg_4096                                                                        |   13|   0|   13|          0|
    |layer7_out_12_reg_4471                                                                     |   11|   0|   11|          0|
    |layer8_out_10_reg_4781                                                                     |   13|   0|   13|          0|
    |layer8_out_11_reg_4786                                                                     |   13|   0|   13|          0|
    |layer8_out_12_reg_4791                                                                     |   13|   0|   13|          0|
    |layer8_out_13_reg_4796                                                                     |   13|   0|   13|          0|
    |layer8_out_14_reg_4801                                                                     |   13|   0|   13|          0|
    |layer8_out_15_reg_4806                                                                     |   13|   0|   13|          0|
    |layer8_out_16_reg_4811                                                                     |   13|   0|   13|          0|
    |layer8_out_17_reg_4816                                                                     |   13|   0|   13|          0|
    |layer8_out_18_reg_4821                                                                     |   13|   0|   13|          0|
    |layer8_out_19_reg_4826                                                                     |   13|   0|   13|          0|
    |layer8_out_1_reg_4731                                                                      |   13|   0|   13|          0|
    |layer8_out_20_reg_4831                                                                     |   13|   0|   13|          0|
    |layer8_out_21_reg_4836                                                                     |   13|   0|   13|          0|
    |layer8_out_22_reg_4841                                                                     |   13|   0|   13|          0|
    |layer8_out_23_reg_4846                                                                     |   13|   0|   13|          0|
    |layer8_out_24_reg_4851                                                                     |   13|   0|   13|          0|
    |layer8_out_25_reg_4856                                                                     |   13|   0|   13|          0|
    |layer8_out_26_reg_4861                                                                     |   13|   0|   13|          0|
    |layer8_out_27_reg_4776                                                                     |   13|   0|   13|          0|
    |layer8_out_2_reg_4736                                                                      |   13|   0|   13|          0|
    |layer8_out_3_reg_4741                                                                      |   13|   0|   13|          0|
    |layer8_out_4_reg_4746                                                                      |   13|   0|   13|          0|
    |layer8_out_5_reg_4751                                                                      |   13|   0|   13|          0|
    |layer8_out_6_reg_4756                                                                      |   13|   0|   13|          0|
    |layer8_out_7_reg_4761                                                                      |   13|   0|   13|          0|
    |layer8_out_8_reg_4766                                                                      |   13|   0|   13|          0|
    |layer8_out_9_reg_4771                                                                      |   13|   0|   13|          0|
    |layer8_out_reg_4726                                                                        |   13|   0|   13|          0|
    |tmp_100_reg_5061                                                                           |    7|   0|    7|          0|
    |tmp_101_reg_5066                                                                           |    9|   0|    9|          0|
    |tmp_102_reg_5076                                                                           |    6|   0|    6|          0|
    |tmp_103_reg_5081                                                                           |    6|   0|    6|          0|
    |tmp_104_reg_5091                                                                           |    5|   0|    5|          0|
    |tmp_105_reg_5096                                                                           |    8|   0|    8|          0|
    |tmp_106_reg_5101                                                                           |    6|   0|    6|          0|
    |tmp_107_reg_5116                                                                           |    7|   0|    7|          0|
    |tmp_108_reg_5126                                                                           |    7|   0|    7|          0|
    |tmp_109_reg_5131                                                                           |    6|   0|    6|          0|
    |tmp_15_reg_4416                                                                            |    7|   0|    7|          0|
    |tmp_16_reg_4421                                                                            |    8|   0|    8|          0|
    |tmp_17_reg_4426                                                                            |   10|   0|   10|          0|
    |tmp_18_reg_4431                                                                            |    7|   0|    7|          0|
    |tmp_19_reg_4436                                                                            |    8|   0|    8|          0|
    |tmp_20_reg_4441                                                                            |    7|   0|    7|          0|
    |tmp_21_reg_4446                                                                            |    7|   0|    7|          0|
    |tmp_22_reg_4451                                                                            |    8|   0|    8|          0|
    |tmp_23_reg_4456                                                                            |   10|   0|   10|          0|
    |tmp_24_reg_4461                                                                            |   10|   0|   10|          0|
    |tmp_25_reg_4466                                                                            |    7|   0|    7|          0|
    |tmp_26_reg_4476                                                                            |   10|   0|   10|          0|
    |tmp_27_reg_4481                                                                            |    5|   0|    5|          0|
    |tmp_28_reg_4486                                                                            |    7|   0|    7|          0|
    |tmp_29_reg_4491                                                                            |    7|   0|    7|          0|
    |tmp_30_reg_4496                                                                            |    9|   0|    9|          0|
    |tmp_31_reg_4501                                                                            |    7|   0|    7|          0|
    |tmp_32_reg_4506                                                                            |    6|   0|    6|          0|
    |tmp_33_reg_4511                                                                            |    7|   0|    7|          0|
    |tmp_34_reg_4516                                                                            |    5|   0|    5|          0|
    |tmp_35_reg_4521                                                                            |    5|   0|    5|          0|
    |tmp_36_reg_4526                                                                            |    6|   0|    6|          0|
    |tmp_37_reg_4531                                                                            |    7|   0|    7|          0|
    |tmp_38_reg_4536                                                                            |    8|   0|    8|          0|
    |tmp_39_reg_4541                                                                            |    7|   0|    7|          0|
    |tmp_40_reg_4546                                                                            |    7|   0|    7|          0|
    |tmp_41_reg_4551                                                                            |    7|   0|    7|          0|
    |tmp_42_reg_4556                                                                            |    6|   0|    6|          0|
    |tmp_43_reg_4561                                                                            |    5|   0|    5|          0|
    |tmp_44_reg_4566                                                                            |    6|   0|    6|          0|
    |tmp_45_reg_4571                                                                            |    5|   0|    5|          0|
    |tmp_46_reg_4576                                                                            |    7|   0|    7|          0|
    |tmp_47_reg_4581                                                                            |    5|   0|    5|          0|
    |tmp_48_reg_4586                                                                            |    6|   0|    6|          0|
    |tmp_49_reg_4591                                                                            |    4|   0|    4|          0|
    |tmp_50_reg_4596                                                                            |    5|   0|    5|          0|
    |tmp_51_reg_4601                                                                            |    7|   0|    7|          0|
    |tmp_52_reg_4606                                                                            |    6|   0|    6|          0|
    |tmp_53_reg_4611                                                                            |    9|   0|    9|          0|
    |tmp_54_reg_4616                                                                            |    8|   0|    8|          0|
    |tmp_55_reg_4621                                                                            |    6|   0|    6|          0|
    |tmp_56_reg_4626                                                                            |    7|   0|    7|          0|
    |tmp_57_reg_4631                                                                            |    7|   0|    7|          0|
    |tmp_58_reg_4636                                                                            |    9|   0|    9|          0|
    |tmp_59_reg_4641                                                                            |    8|   0|    8|          0|
    |tmp_60_reg_4646                                                                            |    8|   0|    8|          0|
    |tmp_61_reg_4651                                                                            |    9|   0|    9|          0|
    |tmp_62_reg_4656                                                                            |    6|   0|    6|          0|
    |tmp_63_reg_4661                                                                            |    9|   0|    9|          0|
    |tmp_64_reg_4666                                                                            |    6|   0|    6|          0|
    |tmp_65_reg_4671                                                                            |    7|   0|    7|          0|
    |tmp_66_reg_4676                                                                            |    8|   0|    8|          0|
    |tmp_67_reg_4681                                                                            |    6|   0|    6|          0|
    |tmp_68_reg_4686                                                                            |    7|   0|    7|          0|
    |tmp_69_reg_4691                                                                            |    7|   0|    7|          0|
    |tmp_70_reg_4696                                                                            |    5|   0|    5|          0|
    |tmp_71_reg_4701                                                                            |    6|   0|    6|          0|
    |tmp_72_reg_4706                                                                            |    6|   0|    6|          0|
    |tmp_73_reg_4711                                                                            |    7|   0|    7|          0|
    |tmp_74_reg_4716                                                                            |    9|   0|    9|          0|
    |tmp_75_reg_4721                                                                            |    8|   0|    8|          0|
    |tmp_76_reg_4871                                                                            |    8|   0|    8|          0|
    |tmp_77_reg_4881                                                                            |    6|   0|    6|          0|
    |tmp_78_reg_4886                                                                            |    6|   0|    6|          0|
    |tmp_79_reg_4901                                                                            |    7|   0|    7|          0|
    |tmp_80_reg_4906                                                                            |    7|   0|    7|          0|
    |tmp_81_reg_4916                                                                            |    4|   0|    4|          0|
    |tmp_82_reg_4921                                                                            |    6|   0|    6|          0|
    |tmp_83_reg_4936                                                                            |    6|   0|    6|          0|
    |tmp_84_reg_4951                                                                            |    7|   0|    7|          0|
    |tmp_85_reg_4956                                                                            |    6|   0|    6|          0|
    |tmp_86_reg_4961                                                                            |    8|   0|    8|          0|
    |tmp_87_reg_4976                                                                            |    7|   0|    7|          0|
    |tmp_88_reg_4981                                                                            |    8|   0|    8|          0|
    |tmp_89_reg_4986                                                                            |    7|   0|    7|          0|
    |tmp_90_reg_4991                                                                            |    7|   0|    7|          0|
    |tmp_91_reg_4996                                                                            |    7|   0|    7|          0|
    |tmp_92_reg_5001                                                                            |    5|   0|    5|          0|
    |tmp_93_reg_5016                                                                            |    9|   0|    9|          0|
    |tmp_94_reg_5026                                                                            |    6|   0|    6|          0|
    |tmp_95_reg_5031                                                                            |    6|   0|    6|          0|
    |tmp_96_reg_5036                                                                            |    5|   0|    5|          0|
    |tmp_97_reg_5046                                                                            |    9|   0|    9|          0|
    |tmp_98_reg_5051                                                                            |    6|   0|    6|          0|
    |tmp_99_reg_5056                                                                            |    7|   0|    7|          0|
    |tmp_s_reg_4411                                                                             |    5|   0|    5|          0|
    +-------------------------------------------------------------------------------------------+-----+----+-----+-----------+
    |Total                                                                                      | 2451|   0| 2451|          0|
    +-------------------------------------------------------------------------------------------+-----+----+-----+-----------+



================================================================
== Interface
================================================================
* Summary: 
+----------------------+-----+-----+------------+---------------+--------------+
|       RTL Ports      | Dir | Bits|  Protocol  | Source Object |    C Type    |
+----------------------+-----+-----+------------+---------------+--------------+
|ap_clk                |   in|    1|  ap_ctrl_hs|      myproject|  return value|
|ap_rst                |   in|    1|  ap_ctrl_hs|      myproject|  return value|
|ap_start              |   in|    1|  ap_ctrl_hs|      myproject|  return value|
|ap_done               |  out|    1|  ap_ctrl_hs|      myproject|  return value|
|ap_idle               |  out|    1|  ap_ctrl_hs|      myproject|  return value|
|ap_ready              |  out|    1|  ap_ctrl_hs|      myproject|  return value|
|input_1_ap_vld        |   in|    1|      ap_vld|        input_1|       pointer|
|input_1               |   in|  240|      ap_vld|        input_1|       pointer|
|layer20_out_0         |  out|   12|      ap_vld|  layer20_out_0|       pointer|
|layer20_out_0_ap_vld  |  out|    1|      ap_vld|  layer20_out_0|       pointer|
|layer20_out_1         |  out|   12|      ap_vld|  layer20_out_1|       pointer|
|layer20_out_1_ap_vld  |  out|    1|      ap_vld|  layer20_out_1|       pointer|
|layer20_out_2         |  out|   12|      ap_vld|  layer20_out_2|       pointer|
|layer20_out_2_ap_vld  |  out|    1|      ap_vld|  layer20_out_2|       pointer|
|layer20_out_3         |  out|   12|      ap_vld|  layer20_out_3|       pointer|
|layer20_out_3_ap_vld  |  out|    1|      ap_vld|  layer20_out_3|       pointer|
|layer20_out_4         |  out|   12|      ap_vld|  layer20_out_4|       pointer|
|layer20_out_4_ap_vld  |  out|    1|      ap_vld|  layer20_out_4|       pointer|
+----------------------+-----+-----+------------+---------------+--------------+

