

================================================================
== Vitis HLS Report for 'dense_latency_ap_ufixed_10_6_5_3_0_ap_fixed_12_6_5_3_0_config18_s'
================================================================
* Date:           Wed Feb 26 01:33:24 2025

* Version:        2024.1 (Build 5069499 on May 21 2024)
* Project:        myproject_prj
* Solution:       solution1 (Vivado IP Flow Target)
* Product family: virtexuplusHBM
* Target device:  xcu50-fsvh2104-2-e


================================================================
== Performance Estimates
================================================================
+ Timing: 
    * Summary: 
    +--------+---------+----------+------------+
    |  Clock |  Target | Estimated| Uncertainty|
    +--------+---------+----------+------------+
    |ap_clk  |  5.00 ns|  3.629 ns|     1.35 ns|
    +--------+---------+----------+------------+

+ Latency: 
    * Summary: 
    +---------+---------+----------+----------+-----+-----+---------+
    |  Latency (cycles) |  Latency (absolute) |  Interval | Pipeline|
    |   min   |   max   |    min   |    max   | min | max |   Type  |
    +---------+---------+----------+----------+-----+-----+---------+
    |        1|        1|  5.000 ns|  5.000 ns|    1|    1|      yes|
    +---------+---------+----------+----------+-----+-----+---------+

    + Detail: 
        * Instance: 
        N/A

        * Loop: 
        N/A



================================================================
== Utilization Estimates
================================================================
* Summary: 
+---------------------+---------+------+---------+--------+-----+
|         Name        | BRAM_18K|  DSP |    FF   |   LUT  | URAM|
+---------------------+---------+------+---------+--------+-----+
|DSP                  |        -|     -|        -|       -|    -|
|Expression           |        -|     -|        0|    2692|    -|
|FIFO                 |        -|     -|        -|       -|    -|
|Instance             |        -|     0|        0|     434|    -|
|Memory               |        -|     -|        -|       -|    -|
|Multiplexer          |        -|     -|        -|       -|    -|
|Register             |        -|     -|      263|       -|    -|
+---------------------+---------+------+---------+--------+-----+
|Total                |        0|     0|      263|    3126|    0|
+---------------------+---------+------+---------+--------+-----+
|Available SLR        |     1344|  2976|   871680|  435840|  320|
+---------------------+---------+------+---------+--------+-----+
|Utilization SLR (%)  |        0|     0|       ~0|      ~0|    0|
+---------------------+---------+------+---------+--------+-----+
|Available            |     2688|  5952|  1743360|  871680|  640|
+---------------------+---------+------+---------+--------+-----+
|Utilization (%)      |        0|     0|       ~0|      ~0|    0|
+---------------------+---------+------+---------+--------+-----+

+ Detail: 
    * Instance: 
    +--------------------------+---------------------+---------+----+---+----+-----+
    |         Instance         |        Module       | BRAM_18K| DSP| FF| LUT| URAM|
    +--------------------------+---------------------+---------+----+---+----+-----+
    |mul_10ns_5ns_14_1_1_U236  |mul_10ns_5ns_14_1_1  |        0|   0|  0|  62|    0|
    |mul_10ns_6ns_15_1_1_U233  |mul_10ns_6ns_15_1_1  |        0|   0|  0|  62|    0|
    |mul_10ns_6ns_15_1_1_U235  |mul_10ns_6ns_15_1_1  |        0|   0|  0|  62|    0|
    |mul_10ns_6ns_15_1_1_U237  |mul_10ns_6ns_15_1_1  |        0|   0|  0|  62|    0|
    |mul_10ns_6ns_15_1_1_U238  |mul_10ns_6ns_15_1_1  |        0|   0|  0|  62|    0|
    |mul_10ns_6s_16_1_1_U234   |mul_10ns_6s_16_1_1   |        0|   0|  0|  62|    0|
    |mul_10ns_7s_17_1_1_U232   |mul_10ns_7s_17_1_1   |        0|   0|  0|  62|    0|
    +--------------------------+---------------------+---------+----+---+----+-----+
    |Total                     |                     |        0|   0|  0| 434|    0|
    +--------------------------+---------------------+---------+----+---+----+-----+

    * DSP: 
    N/A

    * Memory: 
    N/A

    * FIFO: 
    N/A

    * Expression: 
    +--------------------------+----------+----+---+----+------------+------------+
    |       Variable Name      | Operation| DSP| FF| LUT| Bitwidth P0| Bitwidth P1|
    +--------------------------+----------+----+---+----+------------+------------+
    |add_ln42_1_fu_4128_p2     |         +|   0|  0|  16|          15|          15|
    |add_ln42_2_fu_4218_p2     |         +|   0|  0|  20|          13|          13|
    |add_ln42_3_fu_4287_p2     |         +|   0|  0|  16|          15|          15|
    |add_ln42_4_fu_4565_p2     |         +|   0|  0|  21|          14|          14|
    |add_ln42_fu_4080_p2       |         +|   0|  0|  21|          14|          14|
    |add_ln58_1000_fu_5636_p2  |         +|   0|  0|  17|          17|          17|
    |add_ln58_1001_fu_5642_p2  |         +|   0|  0|  17|          17|          17|
    |add_ln58_1002_fu_5648_p2  |         +|   0|  0|  23|          16|          16|
    |add_ln58_1003_fu_5668_p2  |         +|   0|  0|  24|          17|          17|
    |add_ln58_1004_fu_5674_p2  |         +|   0|  0|  17|          17|          17|
    |add_ln58_1005_fu_5957_p2  |         +|   0|  0|  17|          17|          17|
    |add_ln58_1006_fu_5792_p2  |         +|   0|  0|  16|          15|          15|
    |add_ln58_1007_fu_5798_p2  |         +|   0|  0|  17|          12|          12|
    |add_ln58_1008_fu_5808_p2  |         +|   0|  0|  16|          15|          15|
    |add_ln58_1009_fu_5824_p2  |         +|   0|  0|  16|          16|          16|
    |add_ln58_1010_fu_5834_p2  |         +|   0|  0|  24|          17|          17|
    |add_ln58_1011_fu_5965_p2  |         +|   0|  0|  17|          17|          17|
    |add_ln58_1012_fu_5840_p2  |         +|   0|  0|  16|          15|          15|
    |add_ln58_1013_fu_5850_p2  |         +|   0|  0|  21|          14|          14|
    |add_ln58_1014_fu_5860_p2  |         +|   0|  0|  23|          16|          16|
    |add_ln58_1015_fu_5870_p2  |         +|   0|  0|  24|          17|          17|
    |add_ln58_1016_fu_5876_p2  |         +|   0|  0|  16|          16|           9|
    |add_ln58_1017_fu_5886_p2  |         +|   0|  0|  24|          17|          17|
    |add_ln58_1018_fu_5892_p2  |         +|   0|  0|  17|          17|          17|
    |add_ln58_1019_fu_5898_p2  |         +|   0|  0|  17|          17|          17|
    |add_ln58_1020_fu_5970_p2  |         +|   0|  0|  17|          17|          17|
    |add_ln58_949_fu_4892_p2   |         +|   0|  0|  23|          16|          16|
    |add_ln58_950_fu_4902_p2   |         +|   0|  0|  24|          17|          17|
    |add_ln58_951_fu_4908_p2   |         +|   0|  0|  16|          16|          16|
    |add_ln58_952_fu_4918_p2   |         +|   0|  0|  23|          16|          16|
    |add_ln58_953_fu_4928_p2   |         +|   0|  0|  24|          17|          17|
    |add_ln58_954_fu_5904_p2   |         +|   0|  0|  17|          17|          17|
    |add_ln58_955_fu_4934_p2   |         +|   0|  0|  17|          17|          17|
    |add_ln58_956_fu_4940_p2   |         +|   0|  0|  16|          16|          16|
    |add_ln58_957_fu_4950_p2   |         +|   0|  0|  17|          17|          17|
    |add_ln58_958_fu_4956_p2   |         +|   0|  0|  16|          16|          16|
    |add_ln58_959_fu_4962_p2   |         +|   0|  0|  16|          15|          11|
    |add_ln58_960_fu_4972_p2   |         +|   0|  0|  16|          16|          16|
    |add_ln58_961_fu_4982_p2   |         +|   0|  0|  17|          17|          17|
    |add_ln58_962_fu_5908_p2   |         +|   0|  0|  17|          17|          17|
    |add_ln58_963_fu_5136_p2   |         +|   0|  0|  17|          17|          17|
    |add_ln58_964_fu_5142_p2   |         +|   0|  0|  17|          17|          17|
    |add_ln58_965_fu_5148_p2   |         +|   0|  0|  21|          14|          14|
    |add_ln58_966_fu_5158_p2   |         +|   0|  0|  16|          15|          15|
    |add_ln58_967_fu_5164_p2   |         +|   0|  0|  16|          15|          15|
    |add_ln58_968_fu_5916_p2   |         +|   0|  0|  17|          17|          17|
    |add_ln58_969_fu_5170_p2   |         +|   0|  0|  16|          15|          15|
    |add_ln58_970_fu_5176_p2   |         +|   0|  0|  17|          17|          17|
    |add_ln58_971_fu_5924_p2   |         +|   0|  0|  17|          17|          17|
    |add_ln58_972_fu_5182_p2   |         +|   0|  0|  23|          16|          16|
    |add_ln58_973_fu_5192_p2   |         +|   0|  0|  23|          16|          10|
    |add_ln58_974_fu_5202_p2   |         +|   0|  0|  24|          17|          17|
    |add_ln58_975_fu_5929_p2   |         +|   0|  0|  17|          17|          17|
    |add_ln58_976_fu_5934_p2   |         +|   0|  0|  17|          17|          17|
    |add_ln58_977_fu_5318_p2   |         +|   0|  0|  16|          15|          15|
    |add_ln58_978_fu_5324_p2   |         +|   0|  0|  16|          15|          15|
    |add_ln58_979_fu_5330_p2   |         +|   0|  0|  16|          15|          15|
    |add_ln58_980_fu_5340_p2   |         +|   0|  0|  17|          17|          17|
    |add_ln58_981_fu_5346_p2   |         +|   0|  0|  17|          17|          17|
    |add_ln58_982_fu_5943_p2   |         +|   0|  0|  17|          17|          17|
    |add_ln58_983_fu_5352_p2   |         +|   0|  0|  17|          12|          12|
    |add_ln58_984_fu_5362_p2   |         +|   0|  0|  16|          16|          16|
    |add_ln58_985_fu_5368_p2   |         +|   0|  0|  16|          16|          16|
    |add_ln58_986_fu_5378_p2   |         +|   0|  0|  24|          17|          17|
    |add_ln58_987_fu_5384_p2   |         +|   0|  0|  16|          16|           9|
    |add_ln58_988_fu_5390_p2   |         +|   0|  0|  16|          16|          16|
    |add_ln58_989_fu_5400_p2   |         +|   0|  0|  17|          17|          17|
    |add_ln58_990_fu_5406_p2   |         +|   0|  0|  17|          17|          17|
    |add_ln58_991_fu_5948_p2   |         +|   0|  0|  17|          17|          17|
    |add_ln58_992_fu_5582_p2   |         +|   0|  0|  16|          15|          15|
    |add_ln58_993_fu_5592_p2   |         +|   0|  0|  17|          17|          17|
    |add_ln58_994_fu_5598_p2   |         +|   0|  0|  17|          17|          17|
    |add_ln58_995_fu_5604_p2   |         +|   0|  0|  17|          17|          17|
    |add_ln58_996_fu_5610_p2   |         +|   0|  0|  22|          15|          15|
    |add_ln58_997_fu_5620_p2   |         +|   0|  0|  17|          17|          17|
    |add_ln58_998_fu_5953_p2   |         +|   0|  0|  17|          17|          17|
    |add_ln58_999_fu_5626_p2   |         +|   0|  0|  16|          15|          15|
    |add_ln58_fu_4864_p2       |         +|   0|  0|  16|           9|           9|
    |empty_fu_4742_p2          |         +|   0|  0|  16|           9|           9|
    |tmp30_fu_5074_p2          |         +|   0|  0|  18|          11|          11|
    |tmp3517_fu_5118_p2        |         +|   0|  0|  18|          11|          11|
    |tmp4115_fu_5232_p2        |         +|   0|  0|  17|          12|          12|
    |tmp4911_fu_5412_p2        |         +|   0|  0|  18|          11|          11|
    |tmp56_fu_5496_p2          |         +|   0|  0|  18|          11|          11|
    |tmp58_fu_5532_p2          |         +|   0|  0|  17|          10|          10|
    |tmp60_fu_5550_p2          |         +|   0|  0|  17|          10|          10|
    |tmp69_fu_5718_p2          |         +|   0|  0|  17|          10|          10|
    |tmp6_fu_4732_p2           |         +|   0|  0|  17|          17|          17|
    |tmp717_fu_5760_p2         |         +|   0|  0|  18|          11|          11|
    |tmp_fu_4696_p2            |         +|   0|  0|  18|          11|          11|
    |empty_27_fu_4996_p2       |         -|   0|  0|  18|          11|          11|
    |empty_28_fu_5212_p2       |         -|   0|  0|  16|           9|           9|
    |empty_29_fu_5226_p2       |         -|   0|  0|  17|          12|          12|
    |empty_30_fu_5680_p2       |         -|   0|  0|  16|           9|           9|
    |empty_31_fu_5694_p2       |         -|   0|  0|  17|          10|          10|
    |p_neg_fu_5736_p2          |         -|   0|  0|  23|           1|          16|
    |sub_ln42_10_fu_4200_p2    |         -|   0|  0|  19|          12|          12|
    |sub_ln42_11_fu_4265_p2    |         -|   0|  0|  24|          17|          17|
    |sub_ln42_12_fu_4305_p2    |         -|   0|  0|  16|           1|          15|
    |sub_ln42_13_fu_4323_p2    |         -|   0|  0|  16|          15|          15|
    |sub_ln42_14_fu_4357_p2    |         -|   0|  0|  16|          15|          15|
    |sub_ln42_15_fu_4379_p2    |         -|   0|  0|  17|          12|          12|
    |sub_ln42_16_fu_4397_p2    |         -|   0|  0|  21|          14|          14|
    |sub_ln42_17_fu_4499_p2    |         -|   0|  0|  16|           1|          16|
    |sub_ln42_18_fu_4517_p2    |         -|   0|  0|  16|          16|          16|
    |sub_ln42_19_fu_4551_p2    |         -|   0|  0|  21|          14|          14|
    |sub_ln42_1_fu_3843_p2     |         -|   0|  0|  16|          15|          15|
    |sub_ln42_20_fu_4587_p2    |         -|   0|  0|  20|           1|          13|
    |sub_ln42_21_fu_4628_p2    |         -|   0|  0|  22|           1|          15|
    |sub_ln42_22_fu_4670_p2    |         -|   0|  0|  16|          15|          15|
    |sub_ln42_23_fu_4680_p2    |         -|   0|  0|  16|           1|          16|
    |sub_ln42_24_fu_4690_p2    |         -|   0|  0|  16|          16|          16|
    |sub_ln42_2_fu_3861_p2     |         -|   0|  0|  18|           1|          11|
    |sub_ln42_3_fu_3907_p2     |         -|   0|  0|  19|           1|          12|
    |sub_ln42_4_fu_3933_p2     |         -|   0|  0|  17|          12|          12|
    |sub_ln42_5_fu_3967_p2     |         -|   0|  0|  22|          15|          15|
    |sub_ln42_6_fu_3997_p2     |         -|   0|  0|  23|          16|          16|
    |sub_ln42_7_fu_4054_p2     |         -|   0|  0|  20|          13|          13|
    |sub_ln42_8_fu_4122_p2     |         -|   0|  0|  22|          15|          15|
    |sub_ln42_9_fu_4158_p2     |         -|   0|  0|  16|          16|          16|
    |sub_ln42_fu_3805_p2       |         -|   0|  0|  21|          14|          14|
    |sub_ln58_52_fu_5308_p2    |         -|   0|  0|  19|          12|          12|
    |sub_ln58_53_fu_5658_p2    |         -|   0|  0|  23|           7|          16|
    |sub_ln58_54_fu_5814_p2    |         -|   0|  0|  22|          15|          15|
    |sub_ln58_fu_4882_p2       |         -|   0|  0|  21|           1|          14|
    |tmp12_fu_4774_p2          |         -|   0|  0|  18|          11|          11|
    |tmp13_fu_4800_p2          |         -|   0|  0|  16|          16|          16|
    |tmp15_fu_4806_p2          |         -|   0|  0|  16|           9|           9|
    |tmp16_fu_4836_p2          |         -|   0|  0|  16|          16|          16|
    |tmp1823_fu_4846_p2        |         -|   0|  0|  16|           9|           9|
    |tmp2321_fu_5010_p2        |         -|   0|  0|  19|          12|          12|
    |tmp27_fu_5028_p2          |         -|   0|  0|  16|           9|           9|
    |tmp28_fu_5038_p2          |         -|   0|  0|  18|          11|          11|
    |tmp29_fu_5068_p2          |         -|   0|  0|  17|          17|          17|
    |tmp3319_fu_5100_p2        |         -|   0|  0|  16|           9|           9|
    |tmp44_fu_5250_p2          |         -|   0|  0|  16|           9|           9|
    |tmp45_fu_5280_p2          |         -|   0|  0|  22|          15|          15|
    |tmp4713_fu_5290_p2        |         -|   0|  0|  16|           9|           9|
    |tmp52_fu_5450_p2          |         -|   0|  0|  16|          15|          15|
    |tmp54_fu_5456_p2          |         -|   0|  0|  16|           9|           9|
    |tmp55_fu_5486_p2          |         -|   0|  0|  23|          16|          16|
    |tmp57_fu_5526_p2          |         -|   0|  0|  24|          17|          17|
    |tmp5_fu_4706_p2           |         -|   0|  0|  19|          12|          12|
    |tmp61_fu_5576_p2          |         -|   0|  0|  17|          17|          17|
    |tmp679_fu_5704_p2         |         -|   0|  0|  18|          11|          11|
    |tmp70_fu_5754_p2          |         -|   0|  0|  16|          16|          16|
    |tmp745_fu_5774_p2         |         -|   0|  0|  18|          11|          11|
    |tmp925_fu_4756_p2         |         -|   0|  0|  17|          10|          10|
    |ap_enable_pp0             |       xor|   0|  0|   2|           1|           2|
    +--------------------------+----------+----+---+----+------------+------------+
    |Total                     |          |   0|  0|2692|        2023|        2128|
    +--------------------------+----------+----+---+----+------------+------------+

    * Multiplexer: 
    N/A

    * Register: 
    +-------------------------+----+----+-----+-----------+
    |           Name          | FF | LUT| Bits| Const Bits|
    +-------------------------+----+----+-----+-----------+
    |add_ln58_1004_reg_6120   |  16|   0|   17|          1|
    |add_ln58_1008_reg_6125   |  13|   0|   15|          2|
    |add_ln58_1010_reg_6130   |  14|   0|   17|          3|
    |add_ln58_1019_reg_6135   |  16|   0|   17|          1|
    |add_ln58_950_reg_6055    |  17|   0|   17|          0|
    |add_ln58_953_reg_6060    |  17|   0|   17|          0|
    |add_ln58_961_reg_6065    |  17|   0|   17|          0|
    |add_ln58_964_reg_6070    |  17|   0|   17|          0|
    |add_ln58_967_reg_6075    |  14|   0|   15|          1|
    |add_ln58_969_reg_6080    |  12|   0|   15|          3|
    |add_ln58_970_reg_6085    |  14|   0|   17|          3|
    |add_ln58_974_reg_6090    |  17|   0|   17|          0|
    |add_ln58_978_reg_6095    |  13|   0|   15|          2|
    |add_ln58_981_reg_6100    |  17|   0|   17|          0|
    |add_ln58_990_reg_6105    |  17|   0|   17|          0|
    |add_ln58_994_reg_6110    |  14|   0|   17|          3|
    |add_ln58_997_reg_6115    |  16|   0|   17|          1|
    |ap_CS_fsm                |   1|   0|    1|          0|
    |ap_enable_reg_pp0_iter1  |   1|   0|    1|          0|
    +-------------------------+----+----+-----+-----------+
    |Total                    | 263|   0|  283|         20|
    +-------------------------+----+----+-----+-----------+



================================================================
== Interface
================================================================
* Summary: 
+-------------+-----+-----+------------+------------------------------------------------------------------------------+--------------+
|  RTL Ports  | Dir | Bits|  Protocol  |                                 Source Object                                |    C Type    |
+-------------+-----+-----+------------+------------------------------------------------------------------------------+--------------+
|ap_clk       |   in|    1|  ap_ctrl_hs|  dense_latency<ap_ufixed<10, 6, 5, 3, 0>, ap_fixed<12, 6, 5, 3, 0>, config18>|  return value|
|ap_rst       |   in|    1|  ap_ctrl_hs|  dense_latency<ap_ufixed<10, 6, 5, 3, 0>, ap_fixed<12, 6, 5, 3, 0>, config18>|  return value|
|ap_start     |   in|    1|  ap_ctrl_hs|  dense_latency<ap_ufixed<10, 6, 5, 3, 0>, ap_fixed<12, 6, 5, 3, 0>, config18>|  return value|
|ap_done      |  out|    1|  ap_ctrl_hs|  dense_latency<ap_ufixed<10, 6, 5, 3, 0>, ap_fixed<12, 6, 5, 3, 0>, config18>|  return value|
|ap_idle      |  out|    1|  ap_ctrl_hs|  dense_latency<ap_ufixed<10, 6, 5, 3, 0>, ap_fixed<12, 6, 5, 3, 0>, config18>|  return value|
|ap_ready     |  out|    1|  ap_ctrl_hs|  dense_latency<ap_ufixed<10, 6, 5, 3, 0>, ap_fixed<12, 6, 5, 3, 0>, config18>|  return value|
|ap_ce        |   in|    1|  ap_ctrl_hs|  dense_latency<ap_ufixed<10, 6, 5, 3, 0>, ap_fixed<12, 6, 5, 3, 0>, config18>|  return value|
|ap_return_0  |  out|   12|  ap_ctrl_hs|  dense_latency<ap_ufixed<10, 6, 5, 3, 0>, ap_fixed<12, 6, 5, 3, 0>, config18>|  return value|
|ap_return_1  |  out|   12|  ap_ctrl_hs|  dense_latency<ap_ufixed<10, 6, 5, 3, 0>, ap_fixed<12, 6, 5, 3, 0>, config18>|  return value|
|ap_return_2  |  out|   12|  ap_ctrl_hs|  dense_latency<ap_ufixed<10, 6, 5, 3, 0>, ap_fixed<12, 6, 5, 3, 0>, config18>|  return value|
|ap_return_3  |  out|   12|  ap_ctrl_hs|  dense_latency<ap_ufixed<10, 6, 5, 3, 0>, ap_fixed<12, 6, 5, 3, 0>, config18>|  return value|
|ap_return_4  |  out|   12|  ap_ctrl_hs|  dense_latency<ap_ufixed<10, 6, 5, 3, 0>, ap_fixed<12, 6, 5, 3, 0>, config18>|  return value|
|data_0_val   |   in|    8|     ap_none|                                                                    data_0_val|        scalar|
|data_1_val   |   in|    8|     ap_none|                                                                    data_1_val|        scalar|
|data_2_val   |   in|    8|     ap_none|                                                                    data_2_val|        scalar|
|data_3_val   |   in|    8|     ap_none|                                                                    data_3_val|        scalar|
|data_6_val   |   in|    6|     ap_none|                                                                    data_6_val|        scalar|
|data_7_val   |   in|    7|     ap_none|                                                                    data_7_val|        scalar|
|data_8_val   |   in|   10|     ap_none|                                                                    data_8_val|        scalar|
|data_11_val  |   in|   10|     ap_none|                                                                   data_11_val|        scalar|
|data_12_val  |   in|    8|     ap_none|                                                                   data_12_val|        scalar|
|data_13_val  |   in|    8|     ap_none|                                                                   data_13_val|        scalar|
|data_14_val  |   in|   10|     ap_none|                                                                   data_14_val|        scalar|
|data_15_val  |   in|    8|     ap_none|                                                                   data_15_val|        scalar|
|data_18_val  |   in|   10|     ap_none|                                                                   data_18_val|        scalar|
|data_19_val  |   in|    8|     ap_none|                                                                   data_19_val|        scalar|
|data_20_val  |   in|    8|     ap_none|                                                                   data_20_val|        scalar|
|data_21_val  |   in|    7|     ap_none|                                                                   data_21_val|        scalar|
|data_22_val  |   in|   10|     ap_none|                                                                   data_22_val|        scalar|
|data_24_val  |   in|    9|     ap_none|                                                                   data_24_val|        scalar|
|data_25_val  |   in|    9|     ap_none|                                                                   data_25_val|        scalar|
|data_26_val  |   in|    8|     ap_none|                                                                   data_26_val|        scalar|
|data_27_val  |   in|    7|     ap_none|                                                                   data_27_val|        scalar|
|data_28_val  |   in|   10|     ap_none|                                                                   data_28_val|        scalar|
|data_30_val  |   in|    9|     ap_none|                                                                   data_30_val|        scalar|
+-------------+-----+-----+------------+------------------------------------------------------------------------------+--------------+

