

================================================================
== Vitis HLS Report for 'relu_ap_fixed_13_10_5_3_0_ap_ufixed_9_6_5_3_0_ReLU_config11_s'
================================================================
* Date:           Wed Feb 26 01:33:23 2025

* Version:        2024.1 (Build 5069499 on May 21 2024)
* Project:        myproject_prj
* Solution:       solution1 (Vivado IP Flow Target)
* Product family: virtexuplusHBM
* Target device:  xcu50-fsvh2104-2-e


================================================================
== Performance Estimates
================================================================
+ Timing: 
    * Summary: 
    +--------+---------+----------+------------+
    |  Clock |  Target | Estimated| Uncertainty|
    +--------+---------+----------+------------+
    |ap_clk  |  5.00 ns|  1.058 ns|     1.35 ns|
    +--------+---------+----------+------------+

+ Latency: 
    * Summary: 
    +---------+---------+----------+----------+-----+-----+---------+
    |  Latency (cycles) |  Latency (absolute) |  Interval | Pipeline|
    |   min   |   max   |    min   |    max   | min | max |   Type  |
    +---------+---------+----------+----------+-----+-----+---------+
    |        0|        0|      0 ns|      0 ns|    1|    1|      yes|
    +---------+---------+----------+----------+-----+-----+---------+

    + Detail: 
        * Instance: 
        N/A

        * Loop: 
        N/A



================================================================
== Utilization Estimates
================================================================
* Summary: 
+---------------------+---------+------+---------+--------+-----+
|         Name        | BRAM_18K|  DSP |    FF   |   LUT  | URAM|
+---------------------+---------+------+---------+--------+-----+
|DSP                  |        -|     -|        -|       -|    -|
|Expression           |        -|     -|        0|     667|    -|
|FIFO                 |        -|     -|        -|       -|    -|
|Instance             |        -|     -|        -|       -|    -|
|Memory               |        -|     -|        -|       -|    -|
|Multiplexer          |        -|     -|        -|       -|    -|
|Register             |        -|     -|        -|       -|    -|
+---------------------+---------+------+---------+--------+-----+
|Total                |        0|     0|        0|     667|    0|
+---------------------+---------+------+---------+--------+-----+
|Available SLR        |     1344|  2976|   871680|  435840|  320|
+---------------------+---------+------+---------+--------+-----+
|Utilization SLR (%)  |        0|     0|        0|      ~0|    0|
+---------------------+---------+------+---------+--------+-----+
|Available            |     2688|  5952|  1743360|  871680|  640|
+---------------------+---------+------+---------+--------+-----+
|Utilization (%)      |        0|     0|        0|      ~0|    0|
+---------------------+---------+------+---------+--------+-----+

+ Detail: 
    * Instance: 
    N/A

    * DSP: 
    N/A

    * Memory: 
    N/A

    * FIFO: 
    N/A

    * Expression: 
    +--------------------------+----------+----+---+----+------------+------------+
    |       Variable Name      | Operation| DSP| FF| LUT| Bitwidth P0| Bitwidth P1|
    +--------------------------+----------+----+---+----+------------+------------+
    |icmp_ln45_74_fu_218_p2    |      icmp|   0|  0|  20|          13|           1|
    |icmp_ln45_75_fu_236_p2    |      icmp|   0|  0|  20|          13|           1|
    |icmp_ln45_76_fu_254_p2    |      icmp|   0|  0|  20|          13|           1|
    |icmp_ln45_77_fu_272_p2    |      icmp|   0|  0|  20|          13|           1|
    |icmp_ln45_78_fu_290_p2    |      icmp|   0|  0|  20|          13|           1|
    |icmp_ln45_79_fu_308_p2    |      icmp|   0|  0|  20|          13|           1|
    |icmp_ln45_80_fu_326_p2    |      icmp|   0|  0|  20|          13|           1|
    |icmp_ln45_81_fu_344_p2    |      icmp|   0|  0|  20|          13|           1|
    |icmp_ln45_82_fu_362_p2    |      icmp|   0|  0|  20|          13|           1|
    |icmp_ln45_83_fu_380_p2    |      icmp|   0|  0|  20|          13|           1|
    |icmp_ln45_84_fu_398_p2    |      icmp|   0|  0|  20|          13|           1|
    |icmp_ln45_85_fu_416_p2    |      icmp|   0|  0|  20|          13|           1|
    |icmp_ln45_86_fu_434_p2    |      icmp|   0|  0|  20|          13|           1|
    |icmp_ln45_87_fu_452_p2    |      icmp|   0|  0|  20|          13|           1|
    |icmp_ln45_88_fu_470_p2    |      icmp|   0|  0|  20|          13|           1|
    |icmp_ln45_89_fu_488_p2    |      icmp|   0|  0|  20|          13|           1|
    |icmp_ln45_90_fu_506_p2    |      icmp|   0|  0|  20|          13|           1|
    |icmp_ln45_91_fu_524_p2    |      icmp|   0|  0|  20|          13|           1|
    |icmp_ln45_92_fu_542_p2    |      icmp|   0|  0|  20|          13|           1|
    |icmp_ln45_93_fu_560_p2    |      icmp|   0|  0|  20|          13|           1|
    |icmp_ln45_94_fu_578_p2    |      icmp|   0|  0|  20|          13|           1|
    |icmp_ln45_95_fu_596_p2    |      icmp|   0|  0|  20|          13|           1|
    |icmp_ln45_fu_200_p2       |      icmp|   0|  0|  20|          13|           1|
    |select_ln45_74_fu_228_p3  |    select|   0|  0|   9|           1|           9|
    |select_ln45_75_fu_246_p3  |    select|   0|  0|   9|           1|           9|
    |select_ln45_76_fu_264_p3  |    select|   0|  0|   9|           1|           9|
    |select_ln45_77_fu_282_p3  |    select|   0|  0|   9|           1|           9|
    |select_ln45_78_fu_300_p3  |    select|   0|  0|   9|           1|           9|
    |select_ln45_79_fu_318_p3  |    select|   0|  0|   9|           1|           9|
    |select_ln45_80_fu_336_p3  |    select|   0|  0|   9|           1|           9|
    |select_ln45_81_fu_354_p3  |    select|   0|  0|   9|           1|           9|
    |select_ln45_82_fu_372_p3  |    select|   0|  0|   9|           1|           9|
    |select_ln45_83_fu_390_p3  |    select|   0|  0|   9|           1|           9|
    |select_ln45_84_fu_408_p3  |    select|   0|  0|   9|           1|           9|
    |select_ln45_85_fu_426_p3  |    select|   0|  0|   9|           1|           9|
    |select_ln45_86_fu_444_p3  |    select|   0|  0|   9|           1|           9|
    |select_ln45_87_fu_462_p3  |    select|   0|  0|   9|           1|           9|
    |select_ln45_88_fu_480_p3  |    select|   0|  0|   9|           1|           9|
    |select_ln45_89_fu_498_p3  |    select|   0|  0|   9|           1|           9|
    |select_ln45_90_fu_516_p3  |    select|   0|  0|   9|           1|           9|
    |select_ln45_91_fu_534_p3  |    select|   0|  0|   9|           1|           9|
    |select_ln45_92_fu_552_p3  |    select|   0|  0|   9|           1|           9|
    |select_ln45_93_fu_570_p3  |    select|   0|  0|   9|           1|           9|
    |select_ln45_94_fu_588_p3  |    select|   0|  0|   9|           1|           9|
    |select_ln45_95_fu_606_p3  |    select|   0|  0|   9|           1|           9|
    |select_ln45_fu_210_p3     |    select|   0|  0|   9|           1|           9|
    +--------------------------+----------+----+---+----+------------+------------+
    |Total                     |          |   0|  0| 667|         322|         230|
    +--------------------------+----------+----+---+----+------------+------------+

    * Multiplexer: 
    N/A

    * Register: 
    N/A



================================================================
== Interface
================================================================
* Summary: 
+--------------+-----+-----+------------+--------------------------------------------------------------------------+--------------+
|   RTL Ports  | Dir | Bits|  Protocol  |                               Source Object                              |    C Type    |
+--------------+-----+-----+------------+--------------------------------------------------------------------------+--------------+
|ap_ready      |  out|    1|  ap_ctrl_hs|  relu<ap_fixed<13, 10, 5, 3, 0>, ap_ufixed<9, 6, 5, 3, 0>, ReLU_config11>|  return value|
|ap_return_0   |  out|    9|  ap_ctrl_hs|  relu<ap_fixed<13, 10, 5, 3, 0>, ap_ufixed<9, 6, 5, 3, 0>, ReLU_config11>|  return value|
|ap_return_1   |  out|    9|  ap_ctrl_hs|  relu<ap_fixed<13, 10, 5, 3, 0>, ap_ufixed<9, 6, 5, 3, 0>, ReLU_config11>|  return value|
|ap_return_2   |  out|    9|  ap_ctrl_hs|  relu<ap_fixed<13, 10, 5, 3, 0>, ap_ufixed<9, 6, 5, 3, 0>, ReLU_config11>|  return value|
|ap_return_3   |  out|    9|  ap_ctrl_hs|  relu<ap_fixed<13, 10, 5, 3, 0>, ap_ufixed<9, 6, 5, 3, 0>, ReLU_config11>|  return value|
|ap_return_4   |  out|    9|  ap_ctrl_hs|  relu<ap_fixed<13, 10, 5, 3, 0>, ap_ufixed<9, 6, 5, 3, 0>, ReLU_config11>|  return value|
|ap_return_5   |  out|    9|  ap_ctrl_hs|  relu<ap_fixed<13, 10, 5, 3, 0>, ap_ufixed<9, 6, 5, 3, 0>, ReLU_config11>|  return value|
|ap_return_6   |  out|    9|  ap_ctrl_hs|  relu<ap_fixed<13, 10, 5, 3, 0>, ap_ufixed<9, 6, 5, 3, 0>, ReLU_config11>|  return value|
|ap_return_7   |  out|    9|  ap_ctrl_hs|  relu<ap_fixed<13, 10, 5, 3, 0>, ap_ufixed<9, 6, 5, 3, 0>, ReLU_config11>|  return value|
|ap_return_8   |  out|    9|  ap_ctrl_hs|  relu<ap_fixed<13, 10, 5, 3, 0>, ap_ufixed<9, 6, 5, 3, 0>, ReLU_config11>|  return value|
|ap_return_9   |  out|    9|  ap_ctrl_hs|  relu<ap_fixed<13, 10, 5, 3, 0>, ap_ufixed<9, 6, 5, 3, 0>, ReLU_config11>|  return value|
|ap_return_10  |  out|    9|  ap_ctrl_hs|  relu<ap_fixed<13, 10, 5, 3, 0>, ap_ufixed<9, 6, 5, 3, 0>, ReLU_config11>|  return value|
|ap_return_11  |  out|    9|  ap_ctrl_hs|  relu<ap_fixed<13, 10, 5, 3, 0>, ap_ufixed<9, 6, 5, 3, 0>, ReLU_config11>|  return value|
|ap_return_12  |  out|    9|  ap_ctrl_hs|  relu<ap_fixed<13, 10, 5, 3, 0>, ap_ufixed<9, 6, 5, 3, 0>, ReLU_config11>|  return value|
|ap_return_13  |  out|    9|  ap_ctrl_hs|  relu<ap_fixed<13, 10, 5, 3, 0>, ap_ufixed<9, 6, 5, 3, 0>, ReLU_config11>|  return value|
|ap_return_14  |  out|    9|  ap_ctrl_hs|  relu<ap_fixed<13, 10, 5, 3, 0>, ap_ufixed<9, 6, 5, 3, 0>, ReLU_config11>|  return value|
|ap_return_15  |  out|    9|  ap_ctrl_hs|  relu<ap_fixed<13, 10, 5, 3, 0>, ap_ufixed<9, 6, 5, 3, 0>, ReLU_config11>|  return value|
|ap_return_16  |  out|    9|  ap_ctrl_hs|  relu<ap_fixed<13, 10, 5, 3, 0>, ap_ufixed<9, 6, 5, 3, 0>, ReLU_config11>|  return value|
|ap_return_17  |  out|    9|  ap_ctrl_hs|  relu<ap_fixed<13, 10, 5, 3, 0>, ap_ufixed<9, 6, 5, 3, 0>, ReLU_config11>|  return value|
|ap_return_18  |  out|    9|  ap_ctrl_hs|  relu<ap_fixed<13, 10, 5, 3, 0>, ap_ufixed<9, 6, 5, 3, 0>, ReLU_config11>|  return value|
|ap_return_19  |  out|    9|  ap_ctrl_hs|  relu<ap_fixed<13, 10, 5, 3, 0>, ap_ufixed<9, 6, 5, 3, 0>, ReLU_config11>|  return value|
|ap_return_20  |  out|    9|  ap_ctrl_hs|  relu<ap_fixed<13, 10, 5, 3, 0>, ap_ufixed<9, 6, 5, 3, 0>, ReLU_config11>|  return value|
|ap_return_21  |  out|    9|  ap_ctrl_hs|  relu<ap_fixed<13, 10, 5, 3, 0>, ap_ufixed<9, 6, 5, 3, 0>, ReLU_config11>|  return value|
|ap_return_22  |  out|    9|  ap_ctrl_hs|  relu<ap_fixed<13, 10, 5, 3, 0>, ap_ufixed<9, 6, 5, 3, 0>, ReLU_config11>|  return value|
|ap_rst        |   in|    1|  ap_ctrl_hs|  relu<ap_fixed<13, 10, 5, 3, 0>, ap_ufixed<9, 6, 5, 3, 0>, ReLU_config11>|  return value|
|data_0_val    |   in|   13|     ap_none|                                                                data_0_val|        scalar|
|data_1_val    |   in|   13|     ap_none|                                                                data_1_val|        scalar|
|data_3_val    |   in|   13|     ap_none|                                                                data_3_val|        scalar|
|data_4_val    |   in|   13|     ap_none|                                                                data_4_val|        scalar|
|data_6_val    |   in|   13|     ap_none|                                                                data_6_val|        scalar|
|data_8_val    |   in|   13|     ap_none|                                                                data_8_val|        scalar|
|data_9_val    |   in|   13|     ap_none|                                                                data_9_val|        scalar|
|data_10_val   |   in|   13|     ap_none|                                                               data_10_val|        scalar|
|data_11_val   |   in|   13|     ap_none|                                                               data_11_val|        scalar|
|data_12_val   |   in|   13|     ap_none|                                                               data_12_val|        scalar|
|data_14_val   |   in|   13|     ap_none|                                                               data_14_val|        scalar|
|data_15_val   |   in|   13|     ap_none|                                                               data_15_val|        scalar|
|data_16_val   |   in|   13|     ap_none|                                                               data_16_val|        scalar|
|data_17_val   |   in|   13|     ap_none|                                                               data_17_val|        scalar|
|data_19_val   |   in|   13|     ap_none|                                                               data_19_val|        scalar|
|data_20_val   |   in|   13|     ap_none|                                                               data_20_val|        scalar|
|data_22_val   |   in|   13|     ap_none|                                                               data_22_val|        scalar|
|data_24_val   |   in|   13|     ap_none|                                                               data_24_val|        scalar|
|data_25_val   |   in|   13|     ap_none|                                                               data_25_val|        scalar|
|data_26_val   |   in|   13|     ap_none|                                                               data_26_val|        scalar|
|data_27_val   |   in|   13|     ap_none|                                                               data_27_val|        scalar|
|data_28_val   |   in|   13|     ap_none|                                                               data_28_val|        scalar|
|data_31_val   |   in|   13|     ap_none|                                                               data_31_val|        scalar|
+--------------+-----+-----+------------+--------------------------------------------------------------------------+--------------+

