

================================================================
== Vitis HLS Report for 'dense_latency_ap_fixed_12_5_5_3_0_ap_fixed_13_8_5_3_0_config3_s'
================================================================
* Date:           Wed Feb 26 01:35:05 2025

* Version:        2024.1 (Build 5069499 on May 21 2024)
* Project:        myproject_prj
* Solution:       solution1 (Vivado IP Flow Target)
* Product family: virtexuplusHBM
* Target device:  xcu50-fsvh2104-2-e


================================================================
== Performance Estimates
================================================================
+ Timing: 
    * Summary: 
    +--------+---------+----------+------------+
    |  Clock |  Target | Estimated| Uncertainty|
    +--------+---------+----------+------------+
    |ap_clk  |  5.00 ns|  3.634 ns|     1.35 ns|
    +--------+---------+----------+------------+

+ Latency: 
    * Summary: 
    +---------+---------+----------+----------+-----+-----+---------+
    |  Latency (cycles) |  Latency (absolute) |  Interval | Pipeline|
    |   min   |   max   |    min   |    max   | min | max |   Type  |
    +---------+---------+----------+----------+-----+-----+---------+
    |        1|        1|  5.000 ns|  5.000 ns|    1|    1|      yes|
    +---------+---------+----------+----------+-----+-----+---------+

    + Detail: 
        * Instance: 
        N/A

        * Loop: 
        N/A



================================================================
== Utilization Estimates
================================================================
* Summary: 
+---------------------+---------+------+---------+--------+-----+
|         Name        | BRAM_18K|  DSP |    FF   |   LUT  | URAM|
+---------------------+---------+------+---------+--------+-----+
|DSP                  |        -|     -|        -|       -|    -|
|Expression           |        -|     -|        0|    6299|    -|
|FIFO                 |        -|     -|        -|       -|    -|
|Instance             |        -|     3|        0|      78|    -|
|Memory               |        -|     -|        -|       -|    -|
|Multiplexer          |        -|     -|        -|       -|    -|
|Register             |        -|     -|      458|       -|    -|
+---------------------+---------+------+---------+--------+-----+
|Total                |        0|     3|      458|    6377|    0|
+---------------------+---------+------+---------+--------+-----+
|Available SLR        |     1344|  2976|   871680|  435840|  320|
+---------------------+---------+------+---------+--------+-----+
|Utilization SLR (%)  |        0|    ~0|       ~0|       1|    0|
+---------------------+---------+------+---------+--------+-----+
|Available            |     2688|  5952|  1743360|  871680|  640|
+---------------------+---------+------+---------+--------+-----+
|Utilization (%)      |        0|    ~0|       ~0|      ~0|    0|
+---------------------+---------+------+---------+--------+-----+

+ Detail: 
    * Instance: 
    +-----------------------+--------------------+---------+----+---+----+-----+
    |        Instance       |       Module       | BRAM_18K| DSP| FF| LUT| URAM|
    +-----------------------+--------------------+---------+----+---+----+-----+
    |mul_10s_6ns_15_1_1_U1  |mul_10s_6ns_15_1_1  |        0|   0|  0|  62|    0|
    |mul_11s_8ns_18_1_1_U4  |mul_11s_8ns_18_1_1  |        0|   1|  0|   6|    0|
    |mul_12s_10s_20_1_1_U2  |mul_12s_10s_20_1_1  |        0|   1|  0|   5|    0|
    |mul_12s_9ns_20_1_1_U3  |mul_12s_9ns_20_1_1  |        0|   1|  0|   5|    0|
    +-----------------------+--------------------+---------+----+---+----+-----+
    |Total                  |                    |        0|   3|  0|  78|    0|
    +-----------------------+--------------------+---------+----+---+----+-----+

    * DSP: 
    N/A

    * Memory: 
    N/A

    * FIFO: 
    N/A

    * Expression: 
    +-------------------------+----------+----+---+----+------------+------------+
    |      Variable Name      | Operation| DSP| FF| LUT| Bitwidth P0| Bitwidth P1|
    +-------------------------+----------+----+---+----+------------+------------+
    |add_ln17_fu_5888_p2      |         +|   0|  0|  17|          17|          17|
    |add_ln58_175_fu_4480_p2  |         +|   0|  0|  16|          15|          15|
    |add_ln58_176_fu_5938_p2  |         +|   0|  0|  24|          17|          17|
    |add_ln58_177_fu_5948_p2  |         +|   0|  0|  26|          19|          19|
    |add_ln58_178_fu_5958_p2  |         +|   0|  0|  22|          15|          15|
    |add_ln58_179_fu_5968_p2  |         +|   0|  0|  16|          16|          16|
    |add_ln58_180_fu_5978_p2  |         +|   0|  0|  20|          20|          13|
    |add_ln58_181_fu_5984_p2  |         +|   0|  0|  20|          20|          20|
    |add_ln58_182_fu_5990_p2  |         +|   0|  0|  20|          20|          20|
    |add_ln58_183_fu_5996_p2  |         +|   0|  0|  20|          20|          20|
    |add_ln58_184_fu_6055_p2  |         +|   0|  0|  19|          19|          19|
    |add_ln58_185_fu_6061_p2  |         +|   0|  0|  19|          19|          19|
    |add_ln58_186_fu_6067_p2  |         +|   0|  0|  16|          16|          16|
    |add_ln58_187_fu_6077_p2  |         +|   0|  0|  18|          18|          18|
    |add_ln58_188_fu_6087_p2  |         +|   0|  0|  19|          19|          19|
    |add_ln58_189_fu_6097_p2  |         +|   0|  0|  16|          16|          16|
    |add_ln58_190_fu_6103_p2  |         +|   0|  0|  16|          16|          16|
    |add_ln58_191_fu_6131_p2  |         +|   0|  0|  20|          20|          13|
    |add_ln58_192_fu_6137_p2  |         +|   0|  0|  20|          20|          20|
    |add_ln58_193_fu_6143_p2  |         +|   0|  0|  20|          20|          20|
    |add_ln58_194_fu_6149_p2  |         +|   0|  0|  20|          20|          20|
    |add_ln58_195_fu_6161_p2  |         +|   0|  0|  18|          18|          18|
    |add_ln58_196_fu_6181_p2  |         +|   0|  0|  19|          19|          19|
    |add_ln58_197_fu_6191_p2  |         +|   0|  0|  20|          20|          20|
    |add_ln58_198_fu_6197_p2  |         +|   0|  0|  23|          16|          16|
    |add_ln58_199_fu_6221_p2  |         +|   0|  0|  27|          20|          16|
    |add_ln58_200_fu_6227_p2  |         +|   0|  0|  20|          20|          20|
    |add_ln58_201_fu_6233_p2  |         +|   0|  0|  20|          20|          20|
    |add_ln58_202_fu_6239_p2  |         +|   0|  0|  20|          20|          20|
    |add_ln58_203_fu_6245_p2  |         +|   0|  0|  19|          19|          19|
    |add_ln58_204_fu_6265_p2  |         +|   0|  0|  26|          19|          19|
    |add_ln58_205_fu_6275_p2  |         +|   0|  0|  20|          20|          20|
    |add_ln58_206_fu_4486_p2  |         +|   0|  0|  23|          16|          16|
    |add_ln58_207_fu_6284_p2  |         +|   0|  0|  17|          17|          17|
    |add_ln58_208_fu_6294_p2  |         +|   0|  0|  18|          18|          12|
    |add_ln58_209_fu_6300_p2  |         +|   0|  0|  18|          18|          18|
    |add_ln58_210_fu_6310_p2  |         +|   0|  0|  26|          19|          19|
    |add_ln58_211_fu_6320_p2  |         +|   0|  0|  20|          20|          20|
    |add_ln58_212_fu_6343_p2  |         +|   0|  0|  19|          19|          19|
    |add_ln58_213_fu_6349_p2  |         +|   0|  0|  19|          19|          19|
    |add_ln58_214_fu_6379_p2  |         +|   0|  0|  26|          19|          19|
    |add_ln58_215_fu_6389_p2  |         +|   0|  0|  20|          20|          20|
    |add_ln58_216_fu_6395_p2  |         +|   0|  0|  16|          14|          14|
    |add_ln58_217_fu_6405_p2  |         +|   0|  0|  23|          16|          16|
    |add_ln58_218_fu_6415_p2  |         +|   0|  0|  19|          19|          19|
    |add_ln58_219_fu_6425_p2  |         +|   0|  0|  24|          17|          13|
    |add_ln58_220_fu_6435_p2  |         +|   0|  0|  20|          20|          20|
    |add_ln58_221_fu_6441_p2  |         +|   0|  0|  20|          20|          20|
    |add_ln58_222_fu_6447_p2  |         +|   0|  0|  20|          20|          20|
    |add_ln58_223_fu_6483_p2  |         +|   0|  0|  19|          19|          19|
    |add_ln58_224_fu_6493_p2  |         +|   0|  0|  24|          17|          17|
    |add_ln58_225_fu_6517_p2  |         +|   0|  0|  20|          20|          20|
    |add_ln58_226_fu_6537_p2  |         +|   0|  0|  20|          20|          20|
    |add_ln58_227_fu_6543_p2  |         +|   0|  0|  24|          17|          15|
    |add_ln58_228_fu_6559_p2  |         +|   0|  0|  20|          20|          20|
    |add_ln58_229_fu_6565_p2  |         +|   0|  0|  20|          20|          20|
    |add_ln58_230_fu_6608_p2  |         +|   0|  0|  23|          16|          16|
    |add_ln58_231_fu_6618_p2  |         +|   0|  0|  19|          19|          19|
    |add_ln58_232_fu_6624_p2  |         +|   0|  0|  19|          19|          19|
    |add_ln58_233_fu_6634_p2  |         +|   0|  0|  25|          18|          18|
    |add_ln58_234_fu_6654_p2  |         +|   0|  0|  20|          20|          20|
    |add_ln58_235_fu_6660_p2  |         +|   0|  0|  20|          20|          20|
    |add_ln58_236_fu_6666_p2  |         +|   0|  0|  20|          20|          20|
    |add_ln58_237_fu_6720_p2  |         +|   0|  0|  25|          18|          18|
    |add_ln58_238_fu_6750_p2  |         +|   0|  0|  20|          20|          20|
    |add_ln58_239_fu_6756_p2  |         +|   0|  0|  23|          16|          16|
    |add_ln58_240_fu_6766_p2  |         +|   0|  0|  27|          20|          15|
    |add_ln58_241_fu_6772_p2  |         +|   0|  0|  20|          20|          20|
    |add_ln58_242_fu_6778_p2  |         +|   0|  0|  20|          20|          20|
    |add_ln58_243_fu_6784_p2  |         +|   0|  0|  20|          20|          20|
    |add_ln58_244_fu_6857_p2  |         +|   0|  0|  19|          19|          19|
    |add_ln58_245_fu_6863_p2  |         +|   0|  0|  18|          18|          18|
    |add_ln58_246_fu_6869_p2  |         +|   0|  0|  18|          18|          18|
    |add_ln58_247_fu_6879_p2  |         +|   0|  0|  19|          19|          19|
    |add_ln58_248_fu_6902_p2  |         +|   0|  0|  17|          17|          14|
    |add_ln58_249_fu_6912_p2  |         +|   0|  0|  27|          20|          20|
    |add_ln58_250_fu_6918_p2  |         +|   0|  0|  20|          20|          20|
    |add_ln58_251_fu_6924_p2  |         +|   0|  0|  20|          20|          20|
    |add_ln58_252_fu_6954_p2  |         +|   0|  0|  24|          17|          17|
    |add_ln58_253_fu_6964_p2  |         +|   0|  0|  23|          16|          16|
    |add_ln58_254_fu_6984_p2  |         +|   0|  0|  25|          18|          18|
    |add_ln58_255_fu_6994_p2  |         +|   0|  0|  17|          17|          17|
    |add_ln58_256_fu_7004_p2  |         +|   0|  0|  26|          19|          16|
    |add_ln58_257_fu_7014_p2  |         +|   0|  0|  27|          20|          20|
    |add_ln58_258_fu_7020_p2  |         +|   0|  0|  20|          20|          20|
    |add_ln58_259_fu_7026_p2  |         +|   0|  0|  20|          20|          20|
    |add_ln58_260_fu_7069_p2  |         +|   0|  0|  18|          18|          18|
    |add_ln58_261_fu_7075_p2  |         +|   0|  0|  18|          18|          18|
    |add_ln58_262_fu_7085_p2  |         +|   0|  0|  18|          18|          18|
    |add_ln58_263_fu_7095_p2  |         +|   0|  0|  26|          19|          19|
    |add_ln58_264_fu_7105_p2  |         +|   0|  0|  20|          20|          20|
    |add_ln58_265_fu_7111_p2  |         +|   0|  0|  22|          15|          15|
    |add_ln58_266_fu_7121_p2  |         +|   0|  0|  16|          16|          16|
    |add_ln58_267_fu_7131_p2  |         +|   0|  0|  21|          14|          12|
    |add_ln58_268_fu_7141_p2  |         +|   0|  0|  20|          20|          20|
    |add_ln58_269_fu_7147_p2  |         +|   0|  0|  20|          20|          20|
    |add_ln58_270_fu_7153_p2  |         +|   0|  0|  20|          20|          20|
    |add_ln58_271_fu_7159_p2  |         +|   0|  0|  18|          18|          18|
    |add_ln58_272_fu_7189_p2  |         +|   0|  0|  20|          20|          20|
    |add_ln58_273_fu_7215_p2  |         +|   0|  0|  20|          20|          20|
    |add_ln58_274_fu_7221_p2  |         +|   0|  0|  20|          20|          20|
    |add_ln58_275_fu_7227_p2  |         +|   0|  0|  20|          20|          20|
    |add_ln58_276_fu_4514_p2  |         +|   0|  0|  23|          16|          16|
    |add_ln58_277_fu_7270_p2  |         +|   0|  0|  26|          19|          19|
    |add_ln58_278_fu_7294_p2  |         +|   0|  0|  16|          16|          16|
    |add_ln58_279_fu_7320_p2  |         +|   0|  0|  20|          20|          20|
    |add_ln58_280_fu_7326_p2  |         +|   0|  0|  20|          20|          20|
    |add_ln58_281_fu_7363_p2  |         +|   0|  0|  20|          20|          20|
    |add_ln58_282_fu_7385_p2  |         +|   0|  0|  19|          19|          19|
    |add_ln58_283_fu_7395_p2  |         +|   0|  0|  20|          20|          20|
    |add_ln58_284_fu_4534_p2  |         +|   0|  0|  23|          16|          16|
    |add_ln58_285_fu_4544_p2  |         +|   0|  0|  24|          17|          17|
    |add_ln58_286_fu_7404_p2  |         +|   0|  0|  17|          17|          17|
    |add_ln58_287_fu_7414_p2  |         +|   0|  0|  26|          19|          15|
    |add_ln58_288_fu_7420_p2  |         +|   0|  0|  19|          19|          19|
    |add_ln58_289_fu_7426_p2  |         +|   0|  0|  19|          19|          19|
    |add_ln58_290_fu_7436_p2  |         +|   0|  0|  20|          20|          20|
    |add_ln58_291_fu_7459_p2  |         +|   0|  0|  20|          20|          20|
    |add_ln58_292_fu_7465_p2  |         +|   0|  0|  20|          20|          20|
    |add_ln58_293_fu_7477_p2  |         +|   0|  0|  16|          14|          14|
    |add_ln58_294_fu_7487_p2  |         +|   0|  0|  18|          18|          18|
    |add_ln58_295_fu_7497_p2  |         +|   0|  0|  20|          20|          20|
    |add_ln58_296_fu_7503_p2  |         +|   0|  0|  16|          16|          16|
    |add_ln58_297_fu_7509_p2  |         +|   0|  0|  16|          16|          16|
    |add_ln58_298_fu_7529_p2  |         +|   0|  0|  22|          15|          11|
    |add_ln58_299_fu_7539_p2  |         +|   0|  0|  20|          20|          20|
    |add_ln58_300_fu_7545_p2  |         +|   0|  0|  20|          20|          20|
    |add_ln58_301_fu_7551_p2  |         +|   0|  0|  20|          20|          20|
    |add_ln58_302_fu_7580_p2  |         +|   0|  0|  25|          18|          18|
    |add_ln58_303_fu_7590_p2  |         +|   0|  0|  26|          19|          19|
    |add_ln58_304_fu_7614_p2  |         +|   0|  0|  20|          20|          20|
    |add_ln58_305_fu_7630_p2  |         +|   0|  0|  25|          18|          18|
    |add_ln58_306_fu_7640_p2  |         +|   0|  0|  27|          20|          15|
    |add_ln58_307_fu_7652_p2  |         +|   0|  0|  20|          20|          20|
    |add_ln58_308_fu_7658_p2  |         +|   0|  0|  20|          20|          20|
    |add_ln58_309_fu_7717_p2  |         +|   0|  0|  23|          16|          16|
    |add_ln58_310_fu_7737_p2  |         +|   0|  0|  26|          19|          19|
    |add_ln58_311_fu_7747_p2  |         +|   0|  0|  27|          20|          20|
    |add_ln58_312_fu_7753_p2  |         +|   0|  0|  24|          17|          16|
    |add_ln58_313_fu_7763_p2  |         +|   0|  0|  19|          19|          19|
    |add_ln58_314_fu_7773_p2  |         +|   0|  0|  20|          20|          20|
    |add_ln58_315_fu_7779_p2  |         +|   0|  0|  20|          20|          20|
    |add_ln58_316_fu_7842_p2  |         +|   0|  0|  18|          18|          18|
    |add_ln58_317_fu_7852_p2  |         +|   0|  0|  24|          17|          17|
    |add_ln58_318_fu_7862_p2  |         +|   0|  0|  25|          18|          18|
    |add_ln58_319_fu_7872_p2  |         +|   0|  0|  26|          19|          19|
    |add_ln58_320_fu_7896_p2  |         +|   0|  0|  18|          18|          18|
    |add_ln58_321_fu_7906_p2  |         +|   0|  0|  19|          19|          15|
    |add_ln58_322_fu_7912_p2  |         +|   0|  0|  19|          19|          19|
    |add_ln58_323_fu_7922_p2  |         +|   0|  0|  20|          20|          20|
    |add_ln58_324_fu_7928_p2  |         +|   0|  0|  20|          20|          20|
    |add_ln58_325_fu_7961_p2  |         +|   0|  0|  18|          18|          18|
    |add_ln58_326_fu_7981_p2  |         +|   0|  0|  17|          17|          17|
    |add_ln58_327_fu_7991_p2  |         +|   0|  0|  27|          20|          20|
    |add_ln58_328_fu_7997_p2  |         +|   0|  0|  20|          20|          20|
    |add_ln58_329_fu_8012_p2  |         +|   0|  0|  23|          16|          16|
    |add_ln58_330_fu_8021_p2  |         +|   0|  0|  24|          17|          17|
    |add_ln58_331_fu_8041_p2  |         +|   0|  0|  26|          19|          13|
    |add_ln58_332_fu_8051_p2  |         +|   0|  0|  20|          20|          20|
    |add_ln58_333_fu_8057_p2  |         +|   0|  0|  20|          20|          20|
    |add_ln58_334_fu_8063_p2  |         +|   0|  0|  20|          20|          20|
    |add_ln58_fu_5925_p2      |         +|   0|  0|  25|          18|          18|
    |empty_32_fu_4502_p2      |         +|   0|  0|  19|          12|          12|
    |mult_101_fu_4699_p2      |         +|   0|  0|  20|          20|          20|
    |mult_105_fu_4783_p2      |         +|   0|  0|  23|          16|          16|
    |mult_120_fu_5029_p2      |         +|   0|  0|  19|          19|          19|
    |tmp30_fu_6790_p2         |         +|   0|  0|  19|          12|          12|
    |tmp55_fu_4550_p2         |         +|   0|  0|  19|          12|          12|
    |tmp5772_fu_7564_p2       |         +|   0|  0|  19|          12|          12|
    |tmp5_fu_6002_p2          |         +|   0|  0|  19|          12|          12|
    |tmp6170_fu_7673_p2       |         +|   0|  0|  17|          12|          12|
    |tmp6966_fu_7818_p2       |         +|   0|  0|  18|          11|          11|
    |tmp796_fu_6037_p2        |         +|   0|  0|  19|          12|          12|
    |tmp9_fu_6326_p2          |         +|   0|  0|  19|          12|          12|
    |empty_33_fu_4508_p2      |         -|   0|  0|  19|          12|          12|
    |empty_34_fu_7667_p2      |         -|   0|  0|  17|          12|          12|
    |empty_fu_6571_p2         |         -|   0|  0|  19|          12|          12|
    |mult_100_fu_4670_p2      |         -|   0|  0|  23|           1|          16|
    |mult_103_fu_4751_p2      |         -|   0|  0|  17|          17|          17|
    |mult_106_fu_4804_p2      |         -|   0|  0|  24|           1|          17|
    |mult_107_fu_4818_p2      |         -|   0|  0|  23|           1|          16|
    |mult_111_fu_4879_p2      |         -|   0|  0|  26|          19|          19|
    |mult_112_fu_4900_p2      |         -|   0|  0|  24|          17|          17|
    |mult_113_fu_4921_p2      |         -|   0|  0|  26|          19|          19|
    |mult_115_fu_4935_p2      |         -|   0|  0|  25|          18|          18|
    |mult_116_fu_4955_p2      |         -|   0|  0|  25|           1|          18|
    |mult_118_fu_4998_p2      |         -|   0|  0|  19|          19|          19|
    |mult_119_fu_5015_p2      |         -|   0|  0|  25|          18|          18|
    |mult_123_fu_5064_p2      |         -|   0|  0|  25|           1|          18|
    |mult_126_fu_5115_p2      |         -|   0|  0|  19|          19|          19|
    |mult_127_fu_5121_p2      |         -|   0|  0|  19|          19|          19|
    |mult_131_fu_5175_p2      |         -|   0|  0|  23|           1|          16|
    |mult_132_fu_5200_p2      |         -|   0|  0|  18|          18|          18|
    |mult_135_fu_5254_p2      |         -|   0|  0|  16|          16|          16|
    |mult_137_fu_5285_p2      |         -|   0|  0|  17|          17|          17|
    |mult_140_fu_5317_p2      |         -|   0|  0|  22|          15|          15|
    |mult_141_fu_5338_p2      |         -|   0|  0|  21|           1|          14|
    |mult_143_fu_4316_p2      |         -|   0|  0|  22|           1|          15|
    |mult_144_fu_4338_p2      |         -|   0|  0|  21|           1|          14|
    |mult_147_fu_5406_p2      |         -|   0|  0|  23|          16|          16|
    |mult_149_fu_5438_p2      |         -|   0|  0|  16|          16|          16|
    |mult_152_fu_5464_p2      |         -|   0|  0|  16|          16|          16|
    |mult_153_fu_5470_p2      |         -|   0|  0|  23|           1|          16|
    |mult_154_fu_4360_p2      |         -|   0|  0|  22|           1|          15|
    |mult_155_fu_5484_p2      |         -|   0|  0|  21|           1|          14|
    |mult_156_fu_5505_p2      |         -|   0|  0|  20|           1|          13|
    |mult_157_fu_5529_p2      |         -|   0|  0|  25|          18|          18|
    |mult_158_fu_5539_p2      |         -|   0|  0|  23|           1|          16|
    |mult_159_fu_4399_p2      |         -|   0|  0|  23|          16|          16|
    |mult_160_fu_5552_p2      |         -|   0|  0|  23|          16|          16|
    |mult_162_fu_4433_p2      |         -|   0|  0|  23|          16|          16|
    |mult_163_fu_5562_p2      |         -|   0|  0|  21|           1|          14|
    |mult_167_fu_5641_p2      |         -|   0|  0|  25|          18|          18|
    |mult_168_fu_5658_p2      |         -|   0|  0|  21|           1|          14|
    |mult_171_fu_5701_p2      |         -|   0|  0|  22|           1|          15|
    |mult_172_fu_5750_p2      |         -|   0|  0|  20|          20|          20|
    |mult_174_fu_5763_p2      |         -|   0|  0|  27|          20|          20|
    |mult_175_fu_5780_p2      |         -|   0|  0|  27|          20|          20|
    |mult_178_fu_5807_p2      |         -|   0|  0|  24|           1|          17|
    |mult_97_fu_4609_p2       |         -|   0|  0|  25|           1|          18|
    |mult_fu_4591_p2          |         -|   0|  0|  21|           1|          14|
    |sub_ln17_10_fu_5854_p2   |         -|   0|  0|  24|           1|          17|
    |sub_ln17_11_fu_5871_p2   |         -|   0|  0|  17|          17|          17|
    |sub_ln17_1_fu_4660_p2    |         -|   0|  0|  18|          18|          18|
    |sub_ln17_2_fu_5352_p2    |         -|   0|  0|  16|          14|          14|
    |sub_ln17_3_fu_5358_p2    |         -|   0|  0|  24|           1|          17|
    |sub_ln17_4_fu_5364_p2    |         -|   0|  0|  17|          17|          17|
    |sub_ln17_5_fu_5458_p2    |         -|   0|  0|  17|          17|          17|
    |sub_ln17_7_fu_5579_p2    |         -|   0|  0|  16|          14|          14|
    |sub_ln17_8_fu_5729_p2    |         -|   0|  0|  19|          19|          19|
    |sub_ln17_9_fu_5790_p2    |         -|   0|  0|  19|          19|          19|
    |sub_ln17_fu_4574_p2      |         -|   0|  0|  19|          19|          19|
    |sub_ln42_fu_4734_p2      |         -|   0|  0|  17|           1|          17|
    |sub_ln58_19_fu_5915_p2   |         -|   0|  0|  24|          17|          17|
    |sub_ln58_20_fu_6121_p2   |         -|   0|  0|  22|          15|          15|
    |sub_ln58_21_fu_6155_p2   |         -|   0|  0|  18|          18|          18|
    |sub_ln58_22_fu_6171_p2   |         -|   0|  0|  25|          18|          18|
    |sub_ln58_23_fu_6211_p2   |         -|   0|  0|  24|          17|          17|
    |sub_ln58_24_fu_6255_p2   |         -|   0|  0|  25|          18|          18|
    |sub_ln58_25_fu_6359_p2   |         -|   0|  0|  25|          18|          18|
    |sub_ln58_26_fu_6369_p2   |         -|   0|  0|  21|          14|          14|
    |sub_ln58_27_fu_6477_p2   |         -|   0|  0|  19|          19|          19|
    |sub_ln58_28_fu_6507_p2   |         -|   0|  0|  25|          18|          18|
    |sub_ln58_29_fu_6531_p2   |         -|   0|  0|  27|          20|          20|
    |sub_ln58_30_fu_6553_p2   |         -|   0|  0|  27|          20|          20|
    |sub_ln58_31_fu_6598_p2   |         -|   0|  0|  25|          18|          18|
    |sub_ln58_32_fu_6644_p2   |         -|   0|  0|  26|          16|          19|
    |sub_ln58_33_fu_6730_p2   |         -|   0|  0|  26|          19|          19|
    |sub_ln58_34_fu_6744_p2   |         -|   0|  0|  27|          20|          20|
    |sub_ln58_35_fu_6892_p2   |         -|   0|  0|  22|          15|          15|
    |sub_ln58_36_fu_6974_p2   |         -|   0|  0|  24|          17|          17|
    |sub_ln58_37_fu_7169_p2   |         -|   0|  0|  19|          19|          19|
    |sub_ln58_38_fu_7183_p2   |         -|   0|  0|  27|          20|          20|
    |sub_ln58_39_fu_7195_p2   |         -|   0|  0|  23|          16|          16|
    |sub_ln58_40_fu_7205_p2   |         -|   0|  0|  25|          14|          18|
    |sub_ln58_41_fu_7247_p2   |         -|   0|  0|  24|          17|          17|
    |sub_ln58_42_fu_7260_p2   |         -|   0|  0|  25|          18|          18|
    |sub_ln58_43_fu_7288_p2   |         -|   0|  0|  16|          16|          16|
    |sub_ln58_44_fu_7304_p2   |         -|   0|  0|  23|          12|          16|
    |sub_ln58_45_fu_7314_p2   |         -|   0|  0|  27|          20|          20|
    |sub_ln58_46_fu_7357_p2   |         -|   0|  0|  27|          20|          20|
    |sub_ln58_47_fu_7369_p2   |         -|   0|  0|  19|          19|          19|
    |sub_ln58_48_fu_7375_p2   |         -|   0|  0|  23|          16|          16|
    |sub_ln58_49_fu_4524_p2   |         -|   0|  0|  23|          16|          16|
    |sub_ln58_50_fu_7471_p2   |         -|   0|  0|  18|          18|          18|
    |sub_ln58_51_fu_7523_p2   |         -|   0|  0|  27|          20|          20|
    |sub_ln58_52_fu_7604_p2   |         -|   0|  0|  26|          19|          19|
    |sub_ln58_53_fu_7620_p2   |         -|   0|  0|  24|          17|          17|
    |sub_ln58_54_fu_7646_p2   |         -|   0|  0|  20|          20|          20|
    |sub_ln58_55_fu_7707_p2   |         -|   0|  0|  25|          18|          18|
    |sub_ln58_56_fu_7727_p2   |         -|   0|  0|  25|          18|          18|
    |sub_ln58_57_fu_7836_p2   |         -|   0|  0|  18|          18|          18|
    |sub_ln58_58_fu_7890_p2   |         -|   0|  0|  18|          18|          18|
    |sub_ln58_59_fu_7955_p2   |         -|   0|  0|  18|          18|          18|
    |sub_ln58_60_fu_7971_p2   |         -|   0|  0|  19|          19|          19|
    |sub_ln58_61_fu_8003_p2   |         -|   0|  0|  23|          16|          16|
    |sub_ln58_62_fu_8031_p2   |         -|   0|  0|  26|          19|          19|
    |sub_ln58_fu_4474_p2      |         -|   0|  0|  16|          15|          15|
    |tmp1294_fu_4496_p2       |         -|   0|  0|  19|          12|          12|
    |tmp1592_fu_6464_p2       |         -|   0|  0|  19|          12|          12|
    |tmp2090_fu_6580_p2       |         -|   0|  0|  20|          13|          13|
    |tmp2588_fu_6678_p2       |         -|   0|  0|  20|          13|          13|
    |tmp2886_fu_6702_p2       |         -|   0|  0|  18|          11|          11|
    |tmp31_fu_6816_p2         |         -|   0|  0|  25|          18|          18|
    |tmp33_fu_6822_p2         |         -|   0|  0|  19|          12|          12|
    |tmp34_fu_6851_p2         |         -|   0|  0|  26|          19|          19|
    |tmp3884_fu_6936_p2       |         -|   0|  0|  20|          13|          13|
    |tmp3_fu_4448_p2          |         -|   0|  0|  19|          12|          12|
    |tmp4182_fu_7035_p2       |         -|   0|  0|  19|          12|          12|
    |tmp4480_fu_7052_p2       |         -|   0|  0|  19|          12|          12|
    |tmp4778_fu_7233_p2       |         -|   0|  0|  19|          12|          12|
    |tmp5076_fu_7335_p2       |         -|   0|  0|  20|          13|          13|
    |tmp5374_fu_7442_p2       |         -|   0|  0|  19|          12|          12|
    |tmp6468_fu_7691_p2       |         -|   0|  0|  19|          12|          12|
    |tmp67_fu_7785_p2         |         -|   0|  0|  19|          12|          12|
    |tmp68_fu_7809_p2         |         -|   0|  0|  26|          19|          19|
    |tmp6_fu_6028_p2          |         -|   0|  0|  18|          18|          18|
    |tmp7264_fu_7937_p2       |         -|   0|  0|  20|          13|          13|
    |tmp98_fu_5897_p2         |         -|   0|  0|  19|          12|          12|
    |ap_enable_pp0            |       xor|   0|  0|   2|           1|           2|
    +-------------------------+----------+----+---+----+------------+------------+
    |Total                    |          |   0|  0|6299|        4886|        5169|
    +-------------------------+----------+----+---+----+------------+------------+

    * Multiplexer: 
    N/A

    * Register: 
    +---------------------------+----+----+-----+-----------+
    |            Name           | FF | LUT| Bits| Const Bits|
    +---------------------------+----+----+-----+-----------+
    |add_ln58_175_reg_8598      |  14|   0|   15|          1|
    |add_ln58_206_reg_8603      |  13|   0|   16|          3|
    |add_ln58_276_reg_8623      |  13|   0|   16|          3|
    |add_ln58_285_reg_8628      |  14|   0|   17|          3|
    |ap_CS_fsm                  |   1|   0|    1|          0|
    |ap_enable_reg_pp0_iter1    |   1|   0|    1|          0|
    |data_0_val_read_reg_8514   |  11|   0|   11|          0|
    |data_10_val_read_reg_8420  |  10|   0|   10|          0|
    |data_11_val_read_reg_8412  |  10|   0|   10|          0|
    |data_12_val_read_reg_8402  |  10|   0|   10|          0|
    |data_13_val_read_reg_8394  |  10|   0|   10|          0|
    |data_14_val_read_reg_8383  |  12|   0|   12|          0|
    |data_15_val_read_reg_8373  |  11|   0|   11|          0|
    |data_1_val_read_reg_8502   |  11|   0|   11|          0|
    |data_2_val_read_reg_8490   |  11|   0|   11|          0|
    |data_3_val_read_reg_8479   |  11|   0|   11|          0|
    |data_4_val_read_reg_8470   |  11|   0|   11|          0|
    |data_5_val_read_reg_8461   |  12|   0|   12|          0|
    |data_6_val_read_reg_8453   |  11|   0|   11|          0|
    |data_7_val_read_reg_8443   |  11|   0|   11|          0|
    |data_8_val_read_reg_8438   |  11|   0|   11|          0|
    |data_9_val_read_reg_8428   |  10|   0|   10|          0|
    |empty_32_reg_8613          |  12|   0|   12|          0|
    |empty_33_reg_8618          |  12|   0|   12|          0|
    |mul_ln17_1_reg_2405        |  15|   0|   15|          0|
    |mult_146_reg_8540          |  11|   0|   14|          3|
    |mult_151_reg_8545          |  10|   0|   14|          4|
    |mult_161_reg_8550          |  10|   0|   15|          5|
    |mult_166_reg_8574          |  10|   0|   13|          3|
    |mult_177_reg_2409          |  20|   0|   20|          0|
    |sext_ln42_27_reg_8534      |  12|   0|   12|          0|
    |sext_ln42_40_reg_8567      |  12|   0|   12|          0|
    |sext_ln42_50_reg_8590      |  12|   0|   12|          0|
    |sext_ln42_59_reg_8555      |  11|   0|   16|          5|
    |sext_ln42_60_reg_8562      |  13|   0|   16|          3|
    |sext_ln42_62_reg_8580      |  13|   0|   16|          3|
    |sext_ln42_reg_8526         |  12|   0|   12|          0|
    |sext_ln73_reg_8585         |  20|   0|   20|          0|
    |tmp1294_reg_8608           |  12|   0|   12|          0|
    |tmp55_reg_8633             |  12|   0|   12|          0|
    +---------------------------+----+----+-----+-----------+
    |Total                      | 458|   0|  494|         36|
    +---------------------------+----+----+-----+-----------+



================================================================
== Interface
================================================================
* Summary: 
+--------------+-----+-----+------------+----------------------------------------------------------------------------+--------------+
|   RTL Ports  | Dir | Bits|  Protocol  |                                Source Object                               |    C Type    |
+--------------+-----+-----+------------+----------------------------------------------------------------------------+--------------+
|ap_clk        |   in|    1|  ap_ctrl_hs|  dense_latency<ap_fixed<12, 5, 5, 3, 0>, ap_fixed<13, 8, 5, 3, 0>, config3>|  return value|
|ap_rst        |   in|    1|  ap_ctrl_hs|  dense_latency<ap_fixed<12, 5, 5, 3, 0>, ap_fixed<13, 8, 5, 3, 0>, config3>|  return value|
|ap_start      |   in|    1|  ap_ctrl_hs|  dense_latency<ap_fixed<12, 5, 5, 3, 0>, ap_fixed<13, 8, 5, 3, 0>, config3>|  return value|
|ap_done       |  out|    1|  ap_ctrl_hs|  dense_latency<ap_fixed<12, 5, 5, 3, 0>, ap_fixed<13, 8, 5, 3, 0>, config3>|  return value|
|ap_idle       |  out|    1|  ap_ctrl_hs|  dense_latency<ap_fixed<12, 5, 5, 3, 0>, ap_fixed<13, 8, 5, 3, 0>, config3>|  return value|
|ap_ready      |  out|    1|  ap_ctrl_hs|  dense_latency<ap_fixed<12, 5, 5, 3, 0>, ap_fixed<13, 8, 5, 3, 0>, config3>|  return value|
|ap_ce         |   in|    1|  ap_ctrl_hs|  dense_latency<ap_fixed<12, 5, 5, 3, 0>, ap_fixed<13, 8, 5, 3, 0>, config3>|  return value|
|ap_return_0   |  out|   13|  ap_ctrl_hs|  dense_latency<ap_fixed<12, 5, 5, 3, 0>, ap_fixed<13, 8, 5, 3, 0>, config3>|  return value|
|ap_return_1   |  out|   13|  ap_ctrl_hs|  dense_latency<ap_fixed<12, 5, 5, 3, 0>, ap_fixed<13, 8, 5, 3, 0>, config3>|  return value|
|ap_return_2   |  out|   13|  ap_ctrl_hs|  dense_latency<ap_fixed<12, 5, 5, 3, 0>, ap_fixed<13, 8, 5, 3, 0>, config3>|  return value|
|ap_return_3   |  out|   13|  ap_ctrl_hs|  dense_latency<ap_fixed<12, 5, 5, 3, 0>, ap_fixed<13, 8, 5, 3, 0>, config3>|  return value|
|ap_return_4   |  out|   13|  ap_ctrl_hs|  dense_latency<ap_fixed<12, 5, 5, 3, 0>, ap_fixed<13, 8, 5, 3, 0>, config3>|  return value|
|ap_return_5   |  out|   13|  ap_ctrl_hs|  dense_latency<ap_fixed<12, 5, 5, 3, 0>, ap_fixed<13, 8, 5, 3, 0>, config3>|  return value|
|ap_return_6   |  out|   13|  ap_ctrl_hs|  dense_latency<ap_fixed<12, 5, 5, 3, 0>, ap_fixed<13, 8, 5, 3, 0>, config3>|  return value|
|ap_return_7   |  out|   13|  ap_ctrl_hs|  dense_latency<ap_fixed<12, 5, 5, 3, 0>, ap_fixed<13, 8, 5, 3, 0>, config3>|  return value|
|ap_return_8   |  out|   13|  ap_ctrl_hs|  dense_latency<ap_fixed<12, 5, 5, 3, 0>, ap_fixed<13, 8, 5, 3, 0>, config3>|  return value|
|ap_return_9   |  out|   13|  ap_ctrl_hs|  dense_latency<ap_fixed<12, 5, 5, 3, 0>, ap_fixed<13, 8, 5, 3, 0>, config3>|  return value|
|ap_return_10  |  out|   13|  ap_ctrl_hs|  dense_latency<ap_fixed<12, 5, 5, 3, 0>, ap_fixed<13, 8, 5, 3, 0>, config3>|  return value|
|ap_return_11  |  out|   13|  ap_ctrl_hs|  dense_latency<ap_fixed<12, 5, 5, 3, 0>, ap_fixed<13, 8, 5, 3, 0>, config3>|  return value|
|ap_return_12  |  out|   13|  ap_ctrl_hs|  dense_latency<ap_fixed<12, 5, 5, 3, 0>, ap_fixed<13, 8, 5, 3, 0>, config3>|  return value|
|ap_return_13  |  out|   13|  ap_ctrl_hs|  dense_latency<ap_fixed<12, 5, 5, 3, 0>, ap_fixed<13, 8, 5, 3, 0>, config3>|  return value|
|ap_return_14  |  out|   13|  ap_ctrl_hs|  dense_latency<ap_fixed<12, 5, 5, 3, 0>, ap_fixed<13, 8, 5, 3, 0>, config3>|  return value|
|ap_return_15  |  out|   13|  ap_ctrl_hs|  dense_latency<ap_fixed<12, 5, 5, 3, 0>, ap_fixed<13, 8, 5, 3, 0>, config3>|  return value|
|ap_return_16  |  out|   13|  ap_ctrl_hs|  dense_latency<ap_fixed<12, 5, 5, 3, 0>, ap_fixed<13, 8, 5, 3, 0>, config3>|  return value|
|ap_return_17  |  out|   13|  ap_ctrl_hs|  dense_latency<ap_fixed<12, 5, 5, 3, 0>, ap_fixed<13, 8, 5, 3, 0>, config3>|  return value|
|ap_return_18  |  out|   13|  ap_ctrl_hs|  dense_latency<ap_fixed<12, 5, 5, 3, 0>, ap_fixed<13, 8, 5, 3, 0>, config3>|  return value|
|data_0_val    |   in|   11|     ap_none|                                                                  data_0_val|        scalar|
|data_1_val    |   in|   11|     ap_none|                                                                  data_1_val|        scalar|
|data_2_val    |   in|   11|     ap_none|                                                                  data_2_val|        scalar|
|data_3_val    |   in|   11|     ap_none|                                                                  data_3_val|        scalar|
|data_4_val    |   in|   11|     ap_none|                                                                  data_4_val|        scalar|
|data_5_val    |   in|   12|     ap_none|                                                                  data_5_val|        scalar|
|data_6_val    |   in|   11|     ap_none|                                                                  data_6_val|        scalar|
|data_7_val    |   in|   11|     ap_none|                                                                  data_7_val|        scalar|
|data_8_val    |   in|   11|     ap_none|                                                                  data_8_val|        scalar|
|data_9_val    |   in|   10|     ap_none|                                                                  data_9_val|        scalar|
|data_10_val   |   in|   10|     ap_none|                                                                 data_10_val|        scalar|
|data_11_val   |   in|   10|     ap_none|                                                                 data_11_val|        scalar|
|data_12_val   |   in|   10|     ap_none|                                                                 data_12_val|        scalar|
|data_13_val   |   in|   10|     ap_none|                                                                 data_13_val|        scalar|
|data_14_val   |   in|   12|     ap_none|                                                                 data_14_val|        scalar|
|data_15_val   |   in|   11|     ap_none|                                                                 data_15_val|        scalar|
+--------------+-----+-----+------------+----------------------------------------------------------------------------+--------------+

