

================================================================
== Vitis HLS Report for 'dense_latency_ap_ufixed_12_7_5_3_0_ap_fixed_13_11_5_3_0_config8_s'
================================================================
* Date:           Wed Feb 26 01:35:05 2025

* Version:        2024.1 (Build 5069499 on May 21 2024)
* Project:        myproject_prj
* Solution:       solution1 (Vivado IP Flow Target)
* Product family: virtexuplusHBM
* Target device:  xcu50-fsvh2104-2-e


================================================================
== Performance Estimates
================================================================
+ Timing: 
    * Summary: 
    +--------+---------+----------+------------+
    |  Clock |  Target | Estimated| Uncertainty|
    +--------+---------+----------+------------+
    |ap_clk  |  5.00 ns|  3.062 ns|     1.35 ns|
    +--------+---------+----------+------------+

+ Latency: 
    * Summary: 
    +---------+---------+----------+----------+-----+-----+---------+
    |  Latency (cycles) |  Latency (absolute) |  Interval | Pipeline|
    |   min   |   max   |    min   |    max   | min | max |   Type  |
    +---------+---------+----------+----------+-----+-----+---------+
    |        1|        1|  5.000 ns|  5.000 ns|    1|    1|      yes|
    +---------+---------+----------+----------+-----+-----+---------+

    + Detail: 
        * Instance: 
        N/A

        * Loop: 
        N/A



================================================================
== Utilization Estimates
================================================================
* Summary: 
+---------------------+---------+------+---------+--------+-----+
|         Name        | BRAM_18K|  DSP |    FF   |   LUT  | URAM|
+---------------------+---------+------+---------+--------+-----+
|DSP                  |        -|     -|        -|       -|    -|
|Expression           |        -|     -|        0|    3531|    -|
|FIFO                 |        -|     -|        -|       -|    -|
|Instance             |        -|     -|        -|       -|    -|
|Memory               |        -|     -|        -|       -|    -|
|Multiplexer          |        -|     -|        -|       -|    -|
|Register             |        -|     -|      260|       -|    -|
+---------------------+---------+------+---------+--------+-----+
|Total                |        0|     0|      260|    3531|    0|
+---------------------+---------+------+---------+--------+-----+
|Available SLR        |     1344|  2976|   871680|  435840|  320|
+---------------------+---------+------+---------+--------+-----+
|Utilization SLR (%)  |        0|     0|       ~0|      ~0|    0|
+---------------------+---------+------+---------+--------+-----+
|Available            |     2688|  5952|  1743360|  871680|  640|
+---------------------+---------+------+---------+--------+-----+
|Utilization (%)      |        0|     0|       ~0|      ~0|    0|
+---------------------+---------+------+---------+--------+-----+

+ Detail: 
    * Instance: 
    N/A

    * DSP: 
    N/A

    * Memory: 
    N/A

    * FIFO: 
    N/A

    * Expression: 
    +-------------------------+----------+----+---+----+------------+------------+
    |      Variable Name      | Operation| DSP| FF| LUT| Bitwidth P0| Bitwidth P1|
    +-------------------------+----------+----+---+----+------------+------------+
    |add_ln58_100_fu_1888_p2  |         +|   0|  0|  17|          17|          17|
    |add_ln58_101_fu_1898_p2  |         +|   0|  0|  16|          16|          16|
    |add_ln58_102_fu_1914_p2  |         +|   0|  0|  16|          16|          16|
    |add_ln58_103_fu_1924_p2  |         +|   0|  0|  25|          18|          18|
    |add_ln58_104_fu_2841_p2  |         +|   0|  0|  26|          19|          19|
    |add_ln58_105_fu_1976_p2  |         +|   0|  0|  16|          16|          16|
    |add_ln58_106_fu_1982_p2  |         +|   0|  0|  16|          16|          16|
    |add_ln58_107_fu_1992_p2  |         +|   0|  0|  24|          17|          17|
    |add_ln58_108_fu_2002_p2  |         +|   0|  0|  21|          14|          14|
    |add_ln58_109_fu_2012_p2  |         +|   0|  0|  24|          17|          17|
    |add_ln58_110_fu_2022_p2  |         +|   0|  0|  20|          13|          13|
    |add_ln58_111_fu_2038_p2  |         +|   0|  0|  20|          20|          20|
    |add_ln58_112_fu_2044_p2  |         +|   0|  0|  20|          20|          20|
    |add_ln58_113_fu_2114_p2  |         +|   0|  0|  25|          18|          18|
    |add_ln58_114_fu_2124_p2  |         +|   0|  0|  18|          18|          18|
    |add_ln58_115_fu_2130_p2  |         +|   0|  0|  18|          18|          18|
    |add_ln58_116_fu_2140_p2  |         +|   0|  0|  26|          19|          19|
    |add_ln58_117_fu_2152_p2  |         +|   0|  0|  16|          16|          16|
    |add_ln58_118_fu_2864_p2  |         +|   0|  0|  25|          18|          10|
    |add_ln58_119_fu_2870_p2  |         +|   0|  0|  18|          18|          18|
    |add_ln58_120_fu_2876_p2  |         +|   0|  0|  18|          18|          18|
    |add_ln58_121_fu_2886_p2  |         +|   0|  0|  27|          20|          20|
    |add_ln58_122_fu_2186_p2  |         +|   0|  0|  19|          12|          12|
    |add_ln58_123_fu_2206_p2  |         +|   0|  0|  24|          17|          17|
    |add_ln58_124_fu_2216_p2  |         +|   0|  0|  18|          18|          18|
    |add_ln58_125_fu_2222_p2  |         +|   0|  0|  18|          18|          18|
    |add_ln58_126_fu_2238_p2  |         +|   0|  0|  20|          20|          20|
    |add_ln58_127_fu_2244_p2  |         +|   0|  0|  16|          16|          10|
    |add_ln58_128_fu_2250_p2  |         +|   0|  0|  16|          16|          16|
    |add_ln58_129_fu_2260_p2  |         +|   0|  0|  20|          20|          20|
    |add_ln58_130_fu_2266_p2  |         +|   0|  0|  20|          20|          20|
    |add_ln58_131_fu_2290_p2  |         +|   0|  0|  22|          15|          15|
    |add_ln58_132_fu_2300_p2  |         +|   0|  0|  24|          17|          17|
    |add_ln58_133_fu_2310_p2  |         +|   0|  0|  17|          17|          17|
    |add_ln58_134_fu_2316_p2  |         +|   0|  0|  22|          15|          15|
    |add_ln58_135_fu_2326_p2  |         +|   0|  0|  17|          17|          17|
    |add_ln58_136_fu_2336_p2  |         +|   0|  0|  25|          18|          18|
    |add_ln58_137_fu_2342_p2  |         +|   0|  0|  22|          15|          15|
    |add_ln58_138_fu_2352_p2  |         +|   0|  0|  23|          16|          16|
    |add_ln58_139_fu_2362_p2  |         +|   0|  0|  18|          18|          18|
    |add_ln58_140_fu_2368_p2  |         +|   0|  0|  21|          14|          12|
    |add_ln58_141_fu_2378_p2  |         +|   0|  0|  18|          18|          18|
    |add_ln58_142_fu_2384_p2  |         +|   0|  0|  18|          18|          18|
    |add_ln58_143_fu_2898_p2  |         +|   0|  0|  26|          19|          19|
    |add_ln58_144_fu_2446_p2  |         +|   0|  0|  21|          14|          14|
    |add_ln58_145_fu_2458_p2  |         +|   0|  0|  19|          19|          19|
    |add_ln58_146_fu_2907_p2  |         +|   0|  0|  19|          19|          19|
    |add_ln58_147_fu_2464_p2  |         +|   0|  0|  17|          17|          17|
    |add_ln58_148_fu_2474_p2  |         +|   0|  0|  25|          18|          18|
    |add_ln58_149_fu_2484_p2  |         +|   0|  0|  16|          16|           8|
    |add_ln58_150_fu_2490_p2  |         +|   0|  0|  16|          16|          16|
    |add_ln58_151_fu_2500_p2  |         +|   0|  0|  26|          19|          19|
    |add_ln58_152_fu_2912_p2  |         +|   0|  0|  19|          19|          19|
    |add_ln58_153_fu_2542_p2  |         +|   0|  0|  17|          17|          17|
    |add_ln58_154_fu_2548_p2  |         +|   0|  0|  21|          14|          14|
    |add_ln58_155_fu_2558_p2  |         +|   0|  0|  17|          17|          17|
    |add_ln58_156_fu_2568_p2  |         +|   0|  0|  24|          17|          17|
    |add_ln58_157_fu_2578_p2  |         +|   0|  0|  22|          15|          15|
    |add_ln58_158_fu_2588_p2  |         +|   0|  0|  18|          18|          18|
    |add_ln58_159_fu_2594_p2  |         +|   0|  0|  18|          18|          18|
    |add_ln58_160_fu_2600_p2  |         +|   0|  0|  17|          13|          13|
    |add_ln58_161_fu_2610_p2  |         +|   0|  0|  19|          19|          19|
    |add_ln58_162_fu_2616_p2  |         +|   0|  0|  19|          19|          19|
    |add_ln58_163_fu_2622_p2  |         +|   0|  0|  21|          14|          14|
    |add_ln58_164_fu_2632_p2  |         +|   0|  0|  17|          13|          10|
    |add_ln58_165_fu_2642_p2  |         +|   0|  0|  22|          15|          15|
    |add_ln58_166_fu_2652_p2  |         +|   0|  0|  19|          19|          19|
    |add_ln58_167_fu_2923_p2  |         +|   0|  0|  27|          20|          20|
    |add_ln58_168_fu_2718_p2  |         +|   0|  0|  20|          13|          13|
    |add_ln58_169_fu_2728_p2  |         +|   0|  0|  23|          16|          16|
    |add_ln58_170_fu_2738_p2  |         +|   0|  0|  18|          18|          18|
    |add_ln58_171_fu_2744_p2  |         +|   0|  0|  18|          18|          18|
    |add_ln58_172_fu_2764_p2  |         +|   0|  0|  16|          15|          11|
    |add_ln58_173_fu_2780_p2  |         +|   0|  0|  20|          20|          20|
    |add_ln58_174_fu_2786_p2  |         +|   0|  0|  20|          20|          20|
    |add_ln58_84_fu_1612_p2   |         +|   0|  0|  18|          18|          18|
    |add_ln58_85_fu_1618_p2   |         +|   0|  0|  23|          16|          16|
    |add_ln58_86_fu_1628_p2   |         +|   0|  0|  24|          17|          17|
    |add_ln58_87_fu_1638_p2   |         +|   0|  0|  18|          18|          18|
    |add_ln58_88_fu_1648_p2   |         +|   0|  0|  24|          17|          17|
    |add_ln58_89_fu_1658_p2   |         +|   0|  0|  27|          20|          20|
    |add_ln58_90_fu_1664_p2   |         +|   0|  0|  17|          17|          10|
    |add_ln58_91_fu_1670_p2   |         +|   0|  0|  17|          17|          17|
    |add_ln58_92_fu_1680_p2   |         +|   0|  0|  20|          20|          20|
    |add_ln58_93_fu_1686_p2   |         +|   0|  0|  20|          20|          20|
    |add_ln58_94_fu_1844_p2   |         +|   0|  0|  24|          17|          17|
    |add_ln58_95_fu_1854_p2   |         +|   0|  0|  17|          17|          17|
    |add_ln58_96_fu_1860_p2   |         +|   0|  0|  17|          17|          17|
    |add_ln58_97_fu_1866_p2   |         +|   0|  0|  17|          17|          17|
    |add_ln58_98_fu_1876_p2   |         +|   0|  0|  25|          18|          18|
    |add_ln58_99_fu_1882_p2   |         +|   0|  0|  17|          17|          17|
    |add_ln58_fu_1606_p2      |         +|   0|  0|  25|          18|          18|
    |empty_30_fu_2084_p2      |         +|   0|  0|  17|          13|          13|
    |empty_31_fu_2158_p2      |         +|   0|  0|  18|          11|          11|
    |mult_58_fu_634_p2        |         +|   0|  0|  20|          13|          13|
    |mult_63_fu_736_p2        |         +|   0|  0|  24|          17|          17|
    |mult_92_fu_1390_p2       |         +|   0|  0|  22|          15|          15|
    |mult_96_fu_1498_p2       |         +|   0|  0|  17|          13|          13|
    |mult_fu_326_p2           |         +|   0|  0|  21|          14|          14|
    |tmp115_fu_2658_p2        |         +|   0|  0|  19|          12|          12|
    |tmp1252_fu_1696_p2       |         +|   0|  0|  20|          13|          13|
    |tmp2646_fu_1934_p2       |         +|   0|  0|  18|          11|          11|
    |tmp40_fu_2096_p2         |         +|   0|  0|  20|          13|          13|
    |tmp47_fu_2074_p2         |         +|   0|  0|  18|          11|          11|
    |tmp5136_fu_2404_p2       |         +|   0|  0|  19|          12|          12|
    |tmp53_fu_2418_p2         |         +|   0|  0|  19|          12|          12|
    |tmp5534_fu_2510_p2       |         +|   0|  0|  18|          11|          11|
    |tmp61_fu_2668_p2         |         +|   0|  0|  20|          13|          13|
    |tmp90_fu_2394_p2         |         +|   0|  0|  18|          11|          11|
    |empty_27_fu_1552_p2      |         -|   0|  0|  17|          10|          10|
    |empty_28_fu_2054_p2      |         -|   0|  0|  19|          12|          12|
    |empty_29_fu_2064_p2      |         -|   0|  0|  20|          13|          13|
    |empty_fu_1512_p2         |         -|   0|  0|  18|          11|          11|
    |mult_46_fu_372_p2        |         -|   0|  0|  23|          16|          16|
    |mult_47_fu_394_p2        |         -|   0|  0|  23|           1|          16|
    |mult_48_fu_408_p2        |         -|   0|  0|  24|           1|          17|
    |mult_51_fu_458_p2        |         -|   0|  0|  20|           1|          13|
    |mult_52_fu_480_p2        |         -|   0|  0|  21|           1|          14|
    |mult_54_fu_510_p2        |         -|   0|  0|  24|           1|          17|
    |mult_56_fu_564_p2        |         -|   0|  0|  20|          13|          13|
    |mult_57_fu_596_p2        |         -|   0|  0|  17|          17|          17|
    |mult_61_fu_676_p2        |         -|   0|  0|  21|           1|          14|
    |mult_62_fu_714_p2        |         -|   0|  0|  25|          18|          18|
    |mult_64_fu_746_p2        |         -|   0|  0|  24|          17|          17|
    |mult_67_fu_792_p2        |         -|   0|  0|  23|          16|          16|
    |mult_68_fu_802_p2        |         -|   0|  0|  22|          15|          15|
    |mult_69_fu_812_p2        |         -|   0|  0|  23|           1|          16|
    |mult_70_fu_842_p2        |         -|   0|  0|  21|           1|          14|
    |mult_71_fu_876_p2        |         -|   0|  0|  17|          17|          17|
    |mult_73_fu_898_p2        |         -|   0|  0|  22|           1|          15|
    |mult_75_fu_928_p2        |         -|   0|  0|  21|           1|          14|
    |mult_78_fu_982_p2        |         -|   0|  0|  21|          14|          14|
    |mult_79_fu_1032_p2       |         -|   0|  0|  19|          12|          12|
    |mult_80_fu_1064_p2       |         -|   0|  0|  16|          14|          14|
    |mult_81_fu_1098_p2       |         -|   0|  0|  23|          16|          16|
    |mult_82_fu_1116_p2       |         -|   0|  0|  21|          14|          14|
    |mult_83_fu_1138_p2       |         -|   0|  0|  24|           1|          17|
    |mult_84_fu_1168_p2       |         -|   0|  0|  17|          17|          17|
    |mult_86_fu_1198_p2       |         -|   0|  0|  19|           1|          12|
    |mult_87_fu_1232_p2       |         -|   0|  0|  17|          13|          13|
    |mult_88_fu_1278_p2       |         -|   0|  0|  23|          16|          16|
    |mult_89_fu_1312_p2       |         -|   0|  0|  18|          18|          18|
    |mult_90_fu_1318_p2       |         -|   0|  0|  21|          14|          14|
    |mult_91_fu_1352_p2       |         -|   0|  0|  19|          19|          19|
    |mult_93_fu_1414_p2       |         -|   0|  0|  16|          16|          16|
    |mult_95_fu_1472_p2       |         -|   0|  0|  20|          13|          13|
    |sub_ln58_10_fu_2032_p2   |         -|   0|  0|  27|          20|          20|
    |sub_ln58_11_fu_2146_p2   |         -|   0|  0|  16|          16|          16|
    |sub_ln58_12_fu_2196_p2   |         -|   0|  0|  22|          15|          15|
    |sub_ln58_13_fu_2232_p2   |         -|   0|  0|  20|          20|          20|
    |sub_ln58_14_fu_2436_p2   |         -|   0|  0|  20|          13|          13|
    |sub_ln58_15_fu_2452_p2   |         -|   0|  0|  19|          19|          19|
    |sub_ln58_16_fu_2712_p2   |         -|   0|  0|  16|          15|          15|
    |sub_ln58_17_fu_2754_p2   |         -|   0|  0|  21|          14|          14|
    |sub_ln58_18_fu_2774_p2   |         -|   0|  0|  27|          20|          20|
    |sub_ln58_8_fu_1904_p2    |         -|   0|  0|  20|          10|          13|
    |sub_ln58_9_fu_1966_p2    |         -|   0|  0|  23|          16|          16|
    |sub_ln58_fu_1834_p2      |         -|   0|  0|  21|          14|          14|
    |sub_ln73_50_fu_1054_p2   |         -|   0|  0|  16|           1|          14|
    |sub_ln73_62_fu_1404_p2   |         -|   0|  0|  16|           1|          16|
    |sub_ln73_fu_586_p2       |         -|   0|  0|  17|           1|          17|
    |tmp1054_fu_1588_p2       |         -|   0|  0|  18|          11|          11|
    |tmp1550_fu_1718_p2       |         -|   0|  0|  19|          12|          12|
    |tmp18_fu_1736_p2         |         -|   0|  0|  19|          12|          12|
    |tmp19_fu_1762_p2         |         -|   0|  0|  24|          17|          17|
    |tmp2148_fu_1776_p2       |         -|   0|  0|  18|          11|          11|
    |tmp24_fu_1794_p2         |         -|   0|  0|  18|          11|          11|
    |tmp258_fu_1526_p2        |         -|   0|  0|  20|          13|          13|
    |tmp25_fu_1824_p2         |         -|   0|  0|  22|          15|          15|
    |tmp2944_fu_1948_p2       |         -|   0|  0|  19|          12|          12|
    |tmp3842_fu_2090_p2       |         -|   0|  0|  17|          13|          13|
    |tmp4540_fu_2168_p2       |         -|   0|  0|  19|          12|          12|
    |tmp4838_fu_2272_p2       |         -|   0|  0|  17|          10|          10|
    |tmp5832_fu_2524_p2       |         -|   0|  0|  18|          11|          11|
    |tmp64_fu_2686_p2         |         -|   0|  0|  17|          10|          10|
    |tmp756_fu_1566_p2        |         -|   0|  0|  19|          12|          12|
    |ap_enable_pp0            |       xor|   0|  0|   2|           1|           2|
    +-------------------------+----------+----+---+----+------------+------------+
    |Total                    |          |   0|  0|3531|        2558|        2735|
    +-------------------------+----------+----+---+----+------------+------------+

    * Multiplexer: 
    N/A

    * Register: 
    +-------------------------+----+----+-----+-----------+
    |           Name          | FF | LUT| Bits| Const Bits|
    +-------------------------+----+----+-----+-----------+
    |add_ln58_103_reg_3051    |  17|   0|   18|          1|
    |add_ln58_116_reg_3061    |  17|   0|   19|          2|
    |add_ln58_117_reg_3066    |  15|   0|   16|          1|
    |add_ln58_136_reg_3071    |  17|   0|   18|          1|
    |add_ln58_142_reg_3076    |  17|   0|   18|          1|
    |add_ln58_144_reg_3081    |  11|   0|   14|          3|
    |add_ln58_145_reg_3086    |  15|   0|   19|          4|
    |add_ln58_151_reg_3091    |  19|   0|   19|          0|
    |add_ln58_159_reg_3096    |  17|   0|   18|          1|
    |add_ln58_166_reg_3101    |  18|   0|   19|          1|
    |add_ln58_98_reg_3046     |  17|   0|   18|          1|
    |ap_CS_fsm                |   1|   0|    1|          0|
    |ap_enable_reg_pp0_iter1  |   1|   0|    1|          0|
    |mult_92_reg_3041         |  13|   0|   15|          2|
    |tmp3842_reg_3056         |  13|   0|   13|          0|
    |trunc_ln111_3_reg_3111   |  13|   0|   13|          0|
    |trunc_ln111_4_reg_3116   |  13|   0|   13|          0|
    |trunc_ln111_8_reg_3121   |  13|   0|   13|          0|
    |trunc_ln111_s_reg_3106   |  13|   0|   13|          0|
    +-------------------------+----+----+-----+-----------+
    |Total                    | 260|   0|  278|         18|
    +-------------------------+----+----+-----+-----------+



================================================================
== Interface
================================================================
* Summary: 
+-------------+-----+-----+------------+------------------------------------------------------------------------------+--------------+
|  RTL Ports  | Dir | Bits|  Protocol  |                                 Source Object                                |    C Type    |
+-------------+-----+-----+------------+------------------------------------------------------------------------------+--------------+
|ap_clk       |   in|    1|  ap_ctrl_hs|  dense_latency<ap_ufixed<12, 7, 5, 3, 0>, ap_fixed<13, 11, 5, 3, 0>, config8>|  return value|
|ap_rst       |   in|    1|  ap_ctrl_hs|  dense_latency<ap_ufixed<12, 7, 5, 3, 0>, ap_fixed<13, 11, 5, 3, 0>, config8>|  return value|
|ap_start     |   in|    1|  ap_ctrl_hs|  dense_latency<ap_ufixed<12, 7, 5, 3, 0>, ap_fixed<13, 11, 5, 3, 0>, config8>|  return value|
|ap_done      |  out|    1|  ap_ctrl_hs|  dense_latency<ap_ufixed<12, 7, 5, 3, 0>, ap_fixed<13, 11, 5, 3, 0>, config8>|  return value|
|ap_idle      |  out|    1|  ap_ctrl_hs|  dense_latency<ap_ufixed<12, 7, 5, 3, 0>, ap_fixed<13, 11, 5, 3, 0>, config8>|  return value|
|ap_ready     |  out|    1|  ap_ctrl_hs|  dense_latency<ap_ufixed<12, 7, 5, 3, 0>, ap_fixed<13, 11, 5, 3, 0>, config8>|  return value|
|ap_ce        |   in|    1|  ap_ctrl_hs|  dense_latency<ap_ufixed<12, 7, 5, 3, 0>, ap_fixed<13, 11, 5, 3, 0>, config8>|  return value|
|ap_return_0  |  out|   13|  ap_ctrl_hs|  dense_latency<ap_ufixed<12, 7, 5, 3, 0>, ap_fixed<13, 11, 5, 3, 0>, config8>|  return value|
|ap_return_1  |  out|   13|  ap_ctrl_hs|  dense_latency<ap_ufixed<12, 7, 5, 3, 0>, ap_fixed<13, 11, 5, 3, 0>, config8>|  return value|
|ap_return_2  |  out|   13|  ap_ctrl_hs|  dense_latency<ap_ufixed<12, 7, 5, 3, 0>, ap_fixed<13, 11, 5, 3, 0>, config8>|  return value|
|ap_return_3  |  out|   13|  ap_ctrl_hs|  dense_latency<ap_ufixed<12, 7, 5, 3, 0>, ap_fixed<13, 11, 5, 3, 0>, config8>|  return value|
|ap_return_4  |  out|   13|  ap_ctrl_hs|  dense_latency<ap_ufixed<12, 7, 5, 3, 0>, ap_fixed<13, 11, 5, 3, 0>, config8>|  return value|
|ap_return_5  |  out|   13|  ap_ctrl_hs|  dense_latency<ap_ufixed<12, 7, 5, 3, 0>, ap_fixed<13, 11, 5, 3, 0>, config8>|  return value|
|ap_return_6  |  out|   13|  ap_ctrl_hs|  dense_latency<ap_ufixed<12, 7, 5, 3, 0>, ap_fixed<13, 11, 5, 3, 0>, config8>|  return value|
|ap_return_7  |  out|   13|  ap_ctrl_hs|  dense_latency<ap_ufixed<12, 7, 5, 3, 0>, ap_fixed<13, 11, 5, 3, 0>, config8>|  return value|
|ap_return_8  |  out|   13|  ap_ctrl_hs|  dense_latency<ap_ufixed<12, 7, 5, 3, 0>, ap_fixed<13, 11, 5, 3, 0>, config8>|  return value|
|data_2_val   |   in|    9|     ap_none|                                                                    data_2_val|        scalar|
|data_3_val   |   in|   10|     ap_none|                                                                    data_3_val|        scalar|
|data_5_val   |   in|    9|     ap_none|                                                                    data_5_val|        scalar|
|data_6_val   |   in|    9|     ap_none|                                                                    data_6_val|        scalar|
|data_7_val   |   in|    9|     ap_none|                                                                    data_7_val|        scalar|
|data_10_val  |   in|    9|     ap_none|                                                                   data_10_val|        scalar|
|data_14_val  |   in|   11|     ap_none|                                                                   data_14_val|        scalar|
|data_17_val  |   in|    9|     ap_none|                                                                   data_17_val|        scalar|
|data_19_val  |   in|   11|     ap_none|                                                                   data_19_val|        scalar|
|data_20_val  |   in|    9|     ap_none|                                                                   data_20_val|        scalar|
|data_25_val  |   in|   10|     ap_none|                                                                   data_25_val|        scalar|
|data_33_val  |   in|    9|     ap_none|                                                                   data_33_val|        scalar|
|data_36_val  |   in|   11|     ap_none|                                                                   data_36_val|        scalar|
|data_37_val  |   in|    7|     ap_none|                                                                   data_37_val|        scalar|
|data_38_val  |   in|   12|     ap_none|                                                                   data_38_val|        scalar|
|data_46_val  |   in|   10|     ap_none|                                                                   data_46_val|        scalar|
|data_50_val  |   in|   10|     ap_none|                                                                   data_50_val|        scalar|
|data_57_val  |   in|   10|     ap_none|                                                                   data_57_val|        scalar|
|data_61_val  |   in|    9|     ap_none|                                                                   data_61_val|        scalar|
+-------------+-----+-----+------------+------------------------------------------------------------------------------+--------------+

